Microchip MPLAB XC8 Compiler V2.10 ()

Linker command line:

-W-3 --edf=C:\Program Files (x86)\Microchip\xc8\v2.10\pic\dat\en_msgs.txt \
  -cs -h+dist/default/debug\control_motor.debug.sym \
  --cmf=dist/default/debug\control_motor.debug.cmf -z -Q18F4431 \
  -oC:\Users\ape\AppData\Local\Temp\s21o.2 --defsym=__MPLAB_BUILD=1 \
  -Mdist/default/debug/control_motor.debug.map -E1 -ver=XC8 --acfsm=1493 \
  -ASTACK=0EBh-02F3h -pstack=STACK -ACODE=00h-03DBFh -ACONST=00h-03DBFh \
  -ASMALLCONST=0300h-03FFhx58,03D00h-03DBFh -AMEDIUMCONST=0300h-03DBFh \
  -ACOMRAM=01h-05Fh -AABS1=00h-02F3h -ABIGRAM=01h-02F3h \
  -ARAM=060h-0FFh,0100h-01FFh,0200h-02F3h -ABANK0=060h-0FFh \
  -ABANK1=0100h-01FFh -ABANK2=0200h-02F3h \
  -ASFR=0F60h-0F9Bh,0F9Dh-0FD3h,0FD5h-0FDAh,0FE0h-0FE2h,0FE8h-0FEAh,0FF0h-0FFCh \
  -preset_vec=00h,intcode,intcodelo=018h,powerup,init -pramtop=0300h \
  -psmallconst=SMALLCONST -pmediumconst=MEDIUMCONST -pconst=CONST \
  -AFARRAM=00h-00h -ACONFIG=0300000h-030000Dh -pconfig=CONFIG \
  -AIDLOC=0200000h-0200007h -pidloc=IDLOC -AEEDATA=0F00000h-0F000FFh \
  -peeprom_data=EEDATA \
  -prdata=COMRAM,nvrram=COMRAM,nvbit=COMRAM,rbss=COMRAM,rbit=COMRAM \
  -pfarbss=FARRAM,fardata=FARRAM,nvFARRAM=FARRAM \
  -pintsave_regs=BIGRAM,bigbss=BIGRAM,bigdata=BIGRAM -pbss=RAM \
  -pidata=CODE,irdata=CODE,ibigdata=CODE,ifardata=CODE -prparam=COMRAM \
  C:\Users\ape\AppData\Local\Temp\s21o.o \
  dist/default/debug\control_motor.debug.o 

Object code version is 3.11

Machine type is 18F4431

Call graph: (short form)




                Name                               Link     Load   Length Selector   Space Scale
C:\Users\ape\AppData\Local\Temp\s21o.o
                init                                19A      19A        4        C       0
                reset_vec                             0        0        4        0       0
                idloc                            200000   200000        8   200000       0
                config                           300000   300000        E   300000       0
dist/default/debug\control_motor.debug.o
                intcodelo                            18       18      182        C       0
                temp                                 53       53        1        1       1
                mediumconst                        3AE8     3AE8      2D8     1D74       0
                text30                              C14      C14       92        C       0
                text29                             10DA     10DA       3E        C       0
                text28                              F76      F76       52        C       0
                text27                             11B8     11B8       28        C       0
                text26                             122A     122A        A      915       0
                text25                             1234     1234        6      915       0
                text24                             109A     109A       40        C       0
                text23                             11E0     11E0       16        C       0
                text22                             120A     120A       14        C       0
                text21                             11F6     11F6       14        C       0
                text20                             1188     1188       30        C       0
                text19                             1118     1118       3A        C       0
                text18                              D2A      D2A       74        C       0
                text17                              E04      E04       64        C       0
                text16                              634      634      188        C       0
                text15                              924      924      164        C       0
                text14                             105A     105A       40        C       0
                text13                             1244     1244        2      920       0
                text12                              A88      A88       CA        C       0
                text11                             1016     1016       44        C       0
                text10                             1152     1152       36        C       0
                text9                               B52      B52       C2        C       0
                text8                               19E      19E      2E2        C       0
                text7                               480      480      1B4        C       0
                text6                               E68      E68       62        C       0
                text5                               F24      F24       52        C       0
                text4                               7BC      7BC      168        C       0
                text3                               FC8      FC8       4E        C       0
                text2                              1240     1240        4      920       0
                text1                               CA6      CA6       84        C       0
                text0                               ECA      ECA       5A        C       0
                cstackCOMRAM                          1        1       45        1       1
                cstackBANK0                          60       60       55       60       1
                dataBANK0                            E0       E0        B       60       1
                bssBANK0                             B5       B5       2B       60       1
                dataCOMRAM                           4E       4E        5        1       1
                bssCOMRAM                            46       46        8        1       1
                cinit                               D9E      D9E       66        C       0
                idataBANK0                         121E     121E        B        C       0
                idataCOMRAM                        123A     123A        5      915       0

TOTAL           Name                               Link     Load   Length     Space
        CLASS   STACK          

        CLASS   CODE           
                intcodelo                            18       18      182         0
                init                                19A      19A        4         0
                reset_vec                             0        0        4         0
                text30                              C14      C14       92         0
                text29                             10DA     10DA       3E         0
                text28                              F76      F76       52         0
                text27                             11B8     11B8       28         0
                text26                             122A     122A        A         0
                text25                             1234     1234        6         0
                text24                             109A     109A       40         0
                text23                             11E0     11E0       16         0
                text22                             120A     120A       14         0
                text21                             11F6     11F6       14         0
                text20                             1188     1188       30         0
                text19                             1118     1118       3A         0
                text18                              D2A      D2A       74         0
                text17                              E04      E04       64         0
                text16                              634      634      188         0
                text15                              924      924      164         0
                text14                             105A     105A       40         0
                text13                             1244     1244        2         0
                text12                              A88      A88       CA         0
                text11                             1016     1016       44         0
                text10                             1152     1152       36         0
                text9                               B52      B52       C2         0
                text8                               19E      19E      2E2         0
                text7                               480      480      1B4         0
                text6                               E68      E68       62         0
                text5                               F24      F24       52         0
                text4                               7BC      7BC      168         0
                text3                               FC8      FC8       4E         0
                text2                              1240     1240        4         0
                text1                               CA6      CA6       84         0
                text0                               ECA      ECA       5A         0
                cinit                               D9E      D9E       66         0
                idataBANK0                         121E     121E        B         0
                idataCOMRAM                        123A     123A        5         0

        CLASS   CONST          

        CLASS   SMALLCONST     

        CLASS   MEDIUMCONST    
                mediumconst                        3AE8     3AE8      2D8         0

        CLASS   COMRAM         
                temp                                 53       53        1         1
                cstackCOMRAM                          1        1       45         1
                dataCOMRAM                           4E       4E        5         1
                bssCOMRAM                            46       46        8         1

        CLASS   ABS1           

        CLASS   BIGRAM         

        CLASS   RAM            

        CLASS   BANK0          
                cstackBANK0                          60       60       55         1
                dataBANK0                            E0       E0        B         1
                bssBANK0                             B5       B5       2B         1

        CLASS   BANK1          

        CLASS   BANK2          

        CLASS   SFR            

        CLASS   FARRAM         

        CLASS   CONFIG         
                config                           300000   300000        E         0

        CLASS   IDLOC          
                idloc                            200000   200000        8         0

        CLASS   EEDATA         



SEGMENTS        Name                           Load    Length   Top    Selector   Space  Class

                reset_vec                      000000  000004  000004         0       0  CODE    
                cstackCOMRAM                   000001  000053  000054         1       1  COMRAM  
                intcodelo                      000018  001211  001229         C       0  CODE    
                cstackBANK0                    000060  00008B  0000EB        60       1  BANK0   
                text26                         00122A  000015  00123F       915       0  CODE    
                text2                          001240  000006  001246       920       0  CODE    
                mediumconst                    003AE8  0002D8  003DC0      1D74       0  MEDIUMCO
                idloc                          200000  000008  200008    200000       0  IDLOC   
                config                         300000  00000E  30000E    300000       0  CONFIG  


UNUSED ADDRESS RANGES

        Name                Unused          Largest block    Delta
        BANK0            0000EB-0000FF               15
        BANK1            000100-0001FF              100
        BANK2            000200-0002F3               F4
        BIGRAM           000054-00005F                C
                         0000EB-0002F3              209
        CODE             000004-000017               14
                         001229-001229                1
                         00123F-00123F                1
                         001246-003AE7             28A2
        COMRAM           000054-00005F                C
        CONST            000004-000017               14
                         001229-001229                1
                         00123F-00123F                1
                         001246-003AE7             28A2
        EEDATA           F00000-F000FF              100
        MEDIUMCONST      001229-001229                1
                         00123F-00123F                1
                         001246-003AE7             28A2
        RAM              0000EB-0002F3              100
        SFR              000F60-000F9B               3C
                         000F9D-000FD3               37
                         000FD5-000FDA                6
                         000FE0-000FE2                3
                         000FE8-000FEA                3
                         000FF0-000FFC                D
        SMALLCONST       001229-001229                1
                         00123F-00123F                1
                         001246-003AE7              100
        STACK            0000EB-0002F3              209

                                  Symbol Table

?___aodiv                        cstackCOMRAM 00000D
?___aomod                        cstackCOMRAM 00000D
?___lwdiv                        cstackCOMRAM 00000D
?___lwmod                        cstackCOMRAM 00000D
?_abs                            cstackCOMRAM 00001F
?_dtoa                           cstackCOMRAM 000028
?_pad                            cstackCOMRAM 00001D
?_sprintf                        cstackBANK0  000080
?_strlen                         cstackCOMRAM 00000D
?_vfpfcnvrt                      cstackCOMRAM 00003A
?_vfprintf                       cstackBANK0  00007A
LCDPutChar@ch                    cstackCOMRAM 000011
LCDPutCmd@ch                     cstackCOMRAM 000011
LCDPutStr@i                      cstackCOMRAM 000014
LCDPutStr@str                    cstackCOMRAM 000012
LCDWriteNibble@ch                cstackCOMRAM 00000F
LCDWriteNibble@rs                cstackCOMRAM 00000D
_ADCHSbits                       (abs)        000F99
_ADCON0bits                      (abs)        000FC2
_ADCON1                          (abs)        000FC1
_ADCON2bits                      (abs)        000FC0
_ADCON3bits                      (abs)        000F9A
_ADRESH                          (abs)        000FC4
_ANSEL0bits                      (abs)        000FB8
_INTCON2bits                     (abs)        000FF1
_INTCONbits                      (abs)        000FF2
_LATB                            (abs)        000F8A
_LCDPutChar                      text20       001188
_LCDPutCmd                       text29       0010DA
_LCDPutStr                       text19       001118
_LCDWriteNibble                  text30       000C14
_LCD_Initialize                  text28       000F76
_OVDCOND                         (abs)        000F6B
_OVDCONS                         (abs)        000F6A
_PDC0H                           (abs)        000F78
_PDC0L                           (abs)        000F79
_PDC1H                           (abs)        000F76
_PDC1L                           (abs)        000F77
_PDC2H                           (abs)        000F74
_PDC2L                           (abs)        000F75
_PIE1bits                        (abs)        000F9D
_PIE3bits                        (abs)        000FA3
_PIR1bits                        (abs)        000F9E
_PIR3bits                        (abs)        000FA4
_PORTAbits                       (abs)        000F80
_PORTB                           (abs)        000F81
_PORTCbits                       (abs)        000F82
_PORTDbits                       (abs)        000F83
_PTCON0bits                      (abs)        000F7F
_PTCON1bits                      (abs)        000F7E
_PTPERH                          (abs)        000F7A
_PTPERL                          (abs)        000F7B
_PWMCON0bits                     (abs)        000F6F
_PWMCON1bits                     (abs)        000F6E
_PrevADRESH                      dataCOMRAM   000050
_T0CONbits                       (abs)        000FD5
_T1CONbits                       (abs)        000FCD
_T5CONbits                       (abs)        000FB7
_TMR0                            (abs)        000FD6
_TMR1                            (abs)        000FCE
_TMR5                            (abs)        000F87
_TRISAbits                       (abs)        000F92
_TRISB                           (abs)        000F93
_TRISCbits                       (abs)        000F94
_TRISDbits                       (abs)        000F95
__CFG_BOREN$OFF                  (abs)        000000
__CFG_CP0$OFF                    (abs)        000000
__CFG_CP1$OFF                    (abs)        000000
__CFG_CP2$OFF                    (abs)        000000
__CFG_CP3$OFF                    (abs)        000000
__CFG_CPB$OFF                    (abs)        000000
__CFG_CPD$OFF                    (abs)        000000
__CFG_EBTR0$OFF                  (abs)        000000
__CFG_EBTR1$OFF                  (abs)        000000
__CFG_EBTR2$OFF                  (abs)        000000
__CFG_EBTR3$OFF                  (abs)        000000
__CFG_EBTRB$OFF                  (abs)        000000
__CFG_EXCLKMX$RC3                (abs)        000000
__CFG_FCMEN$OFF                  (abs)        000000
__CFG_FLTAMX$RC1                 (abs)        000000
__CFG_HPOL$LOW                   (abs)        000000
__CFG_IESO$OFF                   (abs)        000000
__CFG_LPOL$LOW                   (abs)        000000
__CFG_LVP$OFF                    (abs)        000000
__CFG_MCLRE$OFF                  (abs)        000000
__CFG_OSC$HSPLL                  (abs)        000000
__CFG_PWM4MX$RB5                 (abs)        000000
__CFG_PWMPIN$OFF                 (abs)        000000
__CFG_PWRTEN$OFF                 (abs)        000000
__CFG_SSPMX$RC7                  (abs)        000000
__CFG_STVREN$OFF                 (abs)        000000
__CFG_T1OSCMX$ON                 (abs)        000000
__CFG_WDPS$32768                 (abs)        000000
__CFG_WDTEN$OFF                  (abs)        000000
__CFG_WINEN$OFF                  (abs)        000000
__CFG_WRT0$OFF                   (abs)        000000
__CFG_WRT1$OFF                   (abs)        000000
__CFG_WRT2$OFF                   (abs)        000000
__CFG_WRT3$OFF                   (abs)        000000
__CFG_WRTB$OFF                   (abs)        000000
__CFG_WRTC$OFF                   (abs)        000000
__CFG_WRTD$OFF                   (abs)        000000
__HRAM                           (abs)        000000
__Habs1                          abs1         000000
__Hbank0                         bank0        000000
__Hbank1                         bank1        000000
__Hbank2                         bank2        000000
__Hbigbss                        bigbss       000000
__Hbigdata                       bigdata      000000
__Hbigram                        bigram       000000
__Hbss                           bss          000000
__HbssBANK0                      bssBANK0     000000
__HbssCOMRAM                     bssCOMRAM    000000
__Hcinit                         cinit        000000
__Hclrtext                       clrtext      000000
__Hcomram                        comram       000000
__Hconfig                        config       30000E
__Hconst                         const        000000
__HcstackBANK0                   cstackBANK0  000000
__HcstackCOMRAM                  cstackCOMRAM 000000
__Hdata                          data         000000
__HdataBANK0                     dataBANK0    000000
__HdataCOMRAM                    dataCOMRAM   000000
__Heeprom_data                   eeprom_data  000000
__Hfarbss                        farbss       000000
__Hfardata                       fardata      000000
__Hibigdata                      ibigdata     000000
__Hidata                         idata        000000
__HidataBANK0                    idataBANK0   000000
__HidataCOMRAM                   idataCOMRAM  000000
__Hidloc                         idloc        200008
__Hifardata                      ifardata     000000
__Hinit                          init         00019E
__Hintcode                       intcode      000004
__Hintcode_body                  intcode_body 000000
__Hintcodelo                     intcodelo    00019A
__Hintentry                      intentry     000000
__Hintret                        intret       000000
__Hintsave_regs                  intsave_regs 000000
__Hirdata                        irdata       000000
__Hmediumconst                   mediumconst  003DC0
__HnvFARRAM                      nvFARRAM     000000
__Hnvbit                         nvbit        000000
__Hnvrram                        nvrram       000000
__Hparam                         rparam       000000
__Hpowerup                       powerup      00019A
__Hram                           ram          000000
__Hramtop                        ramtop       000300
__Hrbit                          rbit         000000
__Hrbss                          rbss         000000
__Hrdata                         rdata        000000
__Hreset_vec                     reset_vec    000004
__Hrparam                        rparam       000000
__Hsfr                           sfr          000000
__Hsmallconst                    smallconst   000000
__Hspace_0                       (abs)        30000E
__Hspace_1                       (abs)        0000EB
__Hspace_2                       (abs)        000000
__Hstack                         stack        000000
__Hstruct                        struct       000000
__Htemp                          temp         000054
__Htext                          text         000000
__Htext0                         text0        000000
__Htext1                         text1        000000
__Htext10                        text10       000000
__Htext11                        text11       000000
__Htext12                        text12       000000
__Htext13                        text13       000000
__Htext14                        text14       000000
__Htext15                        text15       000000
__Htext16                        text16       000000
__Htext17                        text17       000000
__Htext18                        text18       000000
__Htext19                        text19       000000
__Htext2                         text2        000000
__Htext20                        text20       000000
__Htext21                        text21       000000
__Htext22                        text22       000000
__Htext23                        text23       000000
__Htext24                        text24       000000
__Htext25                        text25       000000
__Htext26                        text26       000000
__Htext27                        text27       000000
__Htext28                        text28       000000
__Htext29                        text29       000000
__Htext3                         text3        000000
__Htext30                        text30       000000
__Htext4                         text4        000000
__Htext5                         text5        000000
__Htext6                         text6        000000
__Htext7                         text7        000000
__Htext8                         text8        000000
__Htext9                         text9        000000
__LRAM                           (abs)        000001
__Labs1                          abs1         000000
__Lbank0                         bank0        000000
__Lbank1                         bank1        000000
__Lbank2                         bank2        000000
__Lbigbss                        bigbss       000000
__Lbigdata                       bigdata      000000
__Lbigram                        bigram       000000
__Lbss                           bss          000000
__LbssBANK0                      bssBANK0     000000
__LbssCOMRAM                     bssCOMRAM    000000
__Lcinit                         cinit        000000
__Lclrtext                       clrtext      000000
__Lcomram                        comram       000000
__Lconfig                        config       300000
__Lconst                         const        000000
__LcstackBANK0                   cstackBANK0  000000
__LcstackCOMRAM                  cstackCOMRAM 000000
__Ldata                          data         000000
__LdataBANK0                     dataBANK0    000000
__LdataCOMRAM                    dataCOMRAM   000000
__Leeprom_data                   eeprom_data  000000
__Lfarbss                        farbss       000000
__Lfardata                       fardata      000000
__Libigdata                      ibigdata     000000
__Lidata                         idata        000000
__LidataBANK0                    idataBANK0   000000
__LidataCOMRAM                   idataCOMRAM  000000
__Lidloc                         idloc        200000
__Lifardata                      ifardata     000000
__Linit                          init         00019A
__Lintcode                       intcode      000004
__Lintcode_body                  intcode_body 000000
__Lintcodelo                     intcodelo    000018
__Lintentry                      intentry     000000
__Lintret                        intret       000000
__Lintsave_regs                  intsave_regs 000000
__Lirdata                        irdata       000000
__Lmediumconst                   mediumconst  003AE8
__LnvFARRAM                      nvFARRAM     000000
__Lnvbit                         nvbit        000000
__Lnvrram                        nvrram       000000
__Lparam                         rparam       000000
__Lpowerup                       powerup      00019A
__Lram                           ram          000000
__Lramtop                        ramtop       000300
__Lrbit                          rbit         000000
__Lrbss                          rbss         000000
__Lrdata                         rdata        000000
__Lreset_vec                     reset_vec    000000
__Lrparam                        rparam       000000
__Lsfr                           sfr          000000
__Lsmallconst                    smallconst   000000
__Lspace_0                       (abs)        000000
__Lspace_1                       (abs)        000000
__Lspace_2                       (abs)        000000
__Lstack                         stack        000000
__Lstruct                        struct       000000
__Ltemp                          temp         000053
__Ltext                          text         000000
__Ltext0                         text0        000000
__Ltext1                         text1        000000
__Ltext10                        text10       000000
__Ltext11                        text11       000000
__Ltext12                        text12       000000
__Ltext13                        text13       000000
__Ltext14                        text14       000000
__Ltext15                        text15       000000
__Ltext16                        text16       000000
__Ltext17                        text17       000000
__Ltext18                        text18       000000
__Ltext19                        text19       000000
__Ltext2                         text2        000000
__Ltext20                        text20       000000
__Ltext21                        text21       000000
__Ltext22                        text22       000000
__Ltext23                        text23       000000
__Ltext24                        text24       000000
__Ltext25                        text25       000000
__Ltext26                        text26       000000
__Ltext27                        text27       000000
__Ltext28                        text28       000000
__Ltext29                        text29       000000
__Ltext3                         text3        000000
__Ltext30                        text30       000000
__Ltext4                         text4        000000
__Ltext5                         text5        000000
__Ltext6                         text6        000000
__Ltext7                         text7        000000
__Ltext8                         text8        000000
__Ltext9                         text9        000000
__S0                             (abs)        30000E
__S1                             (abs)        0000EB
__S2                             (abs)        000000
___aodiv                         text16       000634
___aodiv@counter                 cstackCOMRAM 00001D
___aodiv@dividend                cstackCOMRAM 00000D
___aodiv@divisor                 cstackCOMRAM 000015
___aodiv@quotient                cstackCOMRAM 00001F
___aodiv@sign                    cstackCOMRAM 00001E
___aomod                         text15       000924
___aomod@counter                 cstackCOMRAM 00001D
___aomod@dividend                cstackCOMRAM 00000D
___aomod@divisor                 cstackCOMRAM 000015
___aomod@sign                    cstackCOMRAM 00001E
___inthi_sp                      stack        000000
___intlo_sp                      stack        000000
___lwdiv                         text18       000D2A
___lwdiv@counter                 cstackCOMRAM 000013
___lwdiv@dividend                cstackCOMRAM 00000D
___lwdiv@divisor                 cstackCOMRAM 00000F
___lwdiv@quotient                cstackCOMRAM 000011
___lwmod                         text17       000E04
___lwmod@counter                 cstackCOMRAM 000011
___lwmod@dividend                cstackCOMRAM 00000D
___lwmod@divisor                 cstackCOMRAM 00000F
___param_bank                    (abs)        000000
___rparam_used                   (abs)        000001
___sp                            stack        000000
__accesstop                      (abs)        000060
__activetblptr                   (abs)        000002
__end_of_LCDPutChar              text20       0011B8
__end_of_LCDPutCmd               text29       001118
__end_of_LCDPutStr               text19       001152
__end_of_LCDWriteNibble          text30       000CA6
__end_of_LCD_Initialize          text28       000FC8
__end_of___aodiv                 text16       0007BC
__end_of___aomod                 text15       000A88
__end_of___lwdiv                 text18       000D9E
__end_of___lwmod                 text17       000E68
__end_of__initialization         cinit        000DF6
__end_of_abs                     text14       00109A
__end_of_configureADC            text27       0011E0
__end_of_configureInputs         text26       001234
__end_of_configureInterrupts     text25       00123A
__end_of_configurePWM            text24       0010DA
__end_of_configureTimer0         text23       0011F6
__end_of_configureTimer1         text22       00121E
__end_of_configureTimer5         text21       00120A
__end_of_digits                  mediumconst  003DBB
__end_of_display                 text4        000924
__end_of_dtoa                    text8        000480
__end_of_fputc                   text12       000B52
__end_of_fputs                   text11       00105A
__end_of_main                    text0        000F24
__end_of_pad                     text9        000C14
__end_of_putch                   text13       001246
__end_of_readADC                 text3        001016
__end_of_sinusValues             mediumconst  003CE9
__end_of_sprintf                 text5        000F76
__end_of_startPWM                text2        001244
__end_of_strlen                  text10       001188
__end_of_tcInt                   intcodelo    00019A
__end_of_timer0PreloadValues     mediumconst  003DB1
__end_of_updateTMR0PreloadValue  text1        000D2A
__end_of_vfpfcnvrt               text7        000634
__end_of_vfprintf                text6        000ECA
__initialization                 cinit        000D9E
__mediumconst                    mediumconst  003AE8
__pbssBANK0                      bssBANK0     0000B5
__pbssCOMRAM                     bssCOMRAM    000046
__pcinit                         cinit        000D9E
__pcstackBANK0                   cstackBANK0  000060
__pcstackCOMRAM                  cstackCOMRAM 000001
__pdataBANK0                     dataBANK0    0000E0
__pdataCOMRAM                    dataCOMRAM   00004E
__pidataBANK0                    idataBANK0   00121E
__pidataCOMRAM                   idataCOMRAM  00123A
__pintcodelo                     intcodelo    000018
__pmediumconst                   mediumconst  003AE8
__ptext0                         text0        000ECA
__ptext1                         text1        000CA6
__ptext10                        text10       001152
__ptext11                        text11       001016
__ptext12                        text12       000A88
__ptext13                        text13       001244
__ptext14                        text14       00105A
__ptext15                        text15       000924
__ptext16                        text16       000634
__ptext17                        text17       000E04
__ptext18                        text18       000D2A
__ptext19                        text19       001118
__ptext2                         text2        001240
__ptext20                        text20       001188
__ptext21                        text21       0011F6
__ptext22                        text22       00120A
__ptext23                        text23       0011E0
__ptext24                        text24       00109A
__ptext25                        text25       001234
__ptext26                        text26       00122A
__ptext27                        text27       0011B8
__ptext28                        text28       000F76
__ptext29                        text29       0010DA
__ptext3                         text3        000FC8
__ptext30                        text30       000C14
__ptext4                         text4        0007BC
__ptext5                         text5        000F24
__ptext6                         text6        000E68
__ptext7                         text7        000480
__ptext8                         text8        00019E
__ptext9                         text9        000B52
__ramtop                         ramtop       000300
__size_of_LCDPutChar             (abs)        000000
__size_of_LCDPutCmd              (abs)        000000
__size_of_LCDPutStr              (abs)        000000
__size_of_LCDWriteNibble         (abs)        000000
__size_of_LCD_Initialize         (abs)        000000
__size_of___aodiv                (abs)        000000
__size_of___aomod                (abs)        000000
__size_of___lwdiv                (abs)        000000
__size_of___lwmod                (abs)        000000
__size_of_abs                    (abs)        000000
__size_of_configureADC           (abs)        000000
__size_of_configureInputs        (abs)        000000
__size_of_configureInterrupts    (abs)        000000
__size_of_configurePWM           (abs)        000000
__size_of_configureTimer0        (abs)        000000
__size_of_configureTimer1        (abs)        000000
__size_of_configureTimer5        (abs)        000000
__size_of_display                (abs)        000000
__size_of_dtoa                   (abs)        000000
__size_of_fputc                  (abs)        000000
__size_of_fputs                  (abs)        000000
__size_of_main                   (abs)        000000
__size_of_pad                    (abs)        000000
__size_of_putch                  (abs)        000000
__size_of_readADC                (abs)        000000
__size_of_sprintf                (abs)        000000
__size_of_startPWM               (abs)        000000
__size_of_strlen                 (abs)        000000
__size_of_tcInt                  (abs)        000000
__size_of_updateTMR0PreloadValue (abs)        000000
__size_of_vfpfcnvrt              (abs)        000000
__size_of_vfprintf               (abs)        000000
__smallconst                     smallconst   000000
_abs                             text14       00105A
_adcPercent                      dataBANK0    0000E6
_configureADC                    text27       0011B8
_configureInputs                 text26       00122A
_configureInterrupts             text25       001234
_configurePWM                    text24       00109A
_configureTimer0                 text23       0011E0
_configureTimer1                 text22       00120A
_configureTimer5                 text21       0011F6
_currentPreloadIndex             bssCOMRAM    00004B
_d1                              dataBANK0    0000E8
_dbuf                            bssBANK0     0000C0
_digits                          mediumconst  003DB1
_display                         text4        0007BC
_dtoa                            text8        00019E
_dtoa$1413                       cstackBANK0  000060
_dutyCycle                       bssBANK0     0000B5
_flags                           bssCOMRAM    000048
_fputc                           text12       000A88
_fputs                           text11       001016
_main                            text0        000ECA
_maxADCVal                       dataBANK0    0000E9
_nout                            bssBANK0     0000B9
_pad                             text9        000B52
_prec                            bssCOMRAM    000046
_prevAdcPercent                  dataBANK0    0000E4
_prevTimer0ReloadValue           dataBANK0    0000E0
_putch                           text13       001244
_readADC                         text3        000FC8
_refreshTime                     bssBANK0     0000BF
_shouldDisplay                   bssBANK0     0000BD
_shouldUpdateDutyCycle           bssBANK0     0000BE
_shouldUpdateTimer0Preload       bssCOMRAM    00004A
_sinusIndex1                     bssCOMRAM    00004D
_sinusIndex2                     dataCOMRAM   000052
_sinusIndex3                     dataCOMRAM   000051
_sinusValues                     mediumconst  003AE9
_sprintf                         text5        000F24
_startPWM                        text2        001240
_strlen                          text10       001152
_tcInt                           intcodelo    000018
_timer0PreloadValues             mediumconst  003CE9
_timer0ReloadValue               dataCOMRAM   00004E
_timer5OverflowCount             bssCOMRAM    00004C
_timer5ReloadValue               dataBANK0    0000E2
_updateTMR0PreloadValue          text1        000CA6
_vfpfcnvrt                       text7        000480
_vfprintf                        text6        000E68
_width                           bssBANK0     0000BB
abs@a                            cstackCOMRAM 00001F
btemp                            temp         000053
display@i                        cstackBANK0  0000B3
display@noDigits                 cstackBANK0  0000B0
display@str1                     cstackBANK0  0000A0
display@str2                     cstackBANK0  000090
display@timer0ReloadValueCopy    cstackBANK0  0000B1
dtoa@d                           cstackCOMRAM 00002A
dtoa@fp                          cstackCOMRAM 000028
dtoa@i                           cstackBANK0  000070
dtoa@n                           cstackBANK0  000068
dtoa@p                           cstackBANK0  000062
dtoa@s                           cstackBANK0  000066
dtoa@w                           cstackBANK0  000064
end_of_initialization            cinit        000DF6
fputc@c                          cstackCOMRAM 00000D
fputc@fp                         cstackCOMRAM 00000F
fputs@c                          cstackCOMRAM 00001A
fputs@fp                         cstackCOMRAM 000018
fputs@i                          cstackCOMRAM 00001B
fputs@s                          cstackCOMRAM 000016
int$flags                        temp         000053
intlevel0                        text         000000
intlevel1                        text         000000
intlevel2                        text         000000
intlevel3                        text         000000
pad@buf                          cstackCOMRAM 00001F
pad@fp                           cstackCOMRAM 00001D
pad@i                            cstackCOMRAM 000024
pad@p                            cstackCOMRAM 000021
pad@w                            cstackCOMRAM 000026
sprintf@ap                       cstackBANK0  000088
sprintf@f                        cstackBANK0  00008A
sprintf@fmt                      cstackBANK0  000082
sprintf@s                        cstackBANK0  000080
stackhi                          (abs)        0002F3
stacklo                          (abs)        0000EB
start                            init         00019A
start_initialization             cinit        000D9E
strlen@a                         cstackCOMRAM 00000F
strlen@s                         cstackCOMRAM 00000D
tcInt@duty                       cstackCOMRAM 00000C
ttemp5                           temp         000054
ttemp6                           temp         000057
ttemp7                           temp         00005B
vfpfcnvrt@ap                     cstackCOMRAM 00003E
vfpfcnvrt@fmt                    cstackCOMRAM 00003C
vfpfcnvrt@fp                     cstackCOMRAM 00003A
vfpfcnvrt@ll                     cstackBANK0  000072
vfprintf@ap                      cstackBANK0  00007E
vfprintf@cfmt                    cstackCOMRAM 000042
vfprintf@fmt                     cstackBANK0  00007C
vfprintf@fp                      cstackBANK0  00007A
wtemp8                           temp         000054


FUNCTION INFORMATION:

 *************** function _main *****************
 Defined at:
		line 398 in file "newmain.c"
 Parameters:    Size  Location     Type
		None
 Auto vars:     Size  Location     Type
		None
 Return value:  Size  Location     Type
                  1    wreg      void 
 Registers used:
		wreg, fsr1l, fsr1h, fsr2l, fsr2h, status,2, status,0, tblptrl, tblptrh, tblptru, prodl, prodh, cstack
 Tracked objects:
		On entry : 
		On exit  : 
		Unchanged: 
 Data sizes:     COMRAM   BANK0   BANK1   BANK2
      Params:         0       0       0       0
      Locals:         0       0       0       0
      Temps:          0       0       0       0
      Totals:         0       0       0       0
Total ram usage:        0 bytes
 Hardware stack levels required when called:   10
 This function calls:
		_LCD_Initialize
		_configureADC
		_configureInputs
		_configureInterrupts
		_configurePWM
		_configureTimer0
		_configureTimer1
		_configureTimer5
		_display
		_readADC
		_startPWM
		_updateTMR0PreloadValue
 This function is called by:
		Startup code after reset
 This function uses a non-reentrant model


 *************** function _updateTMR0PreloadValue *****************
 Defined at:
		line 532 in file "newmain.c"
 Parameters:    Size  Location     Type
		None
 Auto vars:     Size  Location     Type
		None
 Return value:  Size  Location     Type
                  1    wreg      void 
 Registers used:
		wreg, status,2, status,0, tblptrl, tblptrh, tblptru, prodl, prodh
 Tracked objects:
		On entry : 
		On exit  : 
		Unchanged: 
 Data sizes:     COMRAM   BANK0   BANK1   BANK2
      Params:         0       0       0       0
      Locals:         0       0       0       0
      Temps:          2       0       0       0
      Totals:         2       0       0       0
Total ram usage:        2 bytes
 Hardware stack levels used:    1
 Hardware stack levels required when called:    1
 This function calls:
		Nothing
 This function is called by:
		_main
 This function uses a non-reentrant model


 *************** function _startPWM *****************
 Defined at:
		line 275 in file "newmain.c"
 Parameters:    Size  Location     Type
		None
 Auto vars:     Size  Location     Type
		None
 Return value:  Size  Location     Type
                  1    wreg      void 
 Registers used:
		None
 Tracked objects:
		On entry : 
		On exit  : 
		Unchanged: 
 Data sizes:     COMRAM   BANK0   BANK1   BANK2
      Params:         0       0       0       0
      Locals:         0       0       0       0
      Temps:          0       0       0       0
      Totals:         0       0       0       0
Total ram usage:        0 bytes
 Hardware stack levels used:    1
 Hardware stack levels required when called:    1
 This function calls:
		Nothing
 This function is called by:
		_main
 This function uses a non-reentrant model


 *************** function _readADC *****************
 Defined at:
		line 548 in file "newmain.c"
 Parameters:    Size  Location     Type
		None
 Auto vars:     Size  Location     Type
		None
 Return value:  Size  Location     Type
                  1    wreg      void 
 Registers used:
		wreg, status,2, status,0, prodl, prodh, cstack
 Tracked objects:
		On entry : 
		On exit  : 
		Unchanged: 
 Data sizes:     COMRAM   BANK0   BANK1   BANK2
      Params:         0       0       0       0
      Locals:         0       0       0       0
      Temps:          1       0       0       0
      Totals:         1       0       0       0
Total ram usage:        1 bytes
 Hardware stack levels used:    1
 Hardware stack levels required when called:    2
 This function calls:
		___lwdiv
 This function is called by:
		_main
 This function uses a non-reentrant model


 *************** function _display *****************
 Defined at:
		line 498 in file "newmain.c"
 Parameters:    Size  Location     Type
		None
 Auto vars:     Size  Location     Type
  i               2   83[BANK0 ] int 
  str1           16   64[BANK0 ] unsigned char [16]
  str2           16   48[BANK0 ] unsigned char [16]
  timer0Reload    2   81[BANK0 ] unsigned int 
  noDigits        1   80[BANK0 ] unsigned char 
 Return value:  Size  Location     Type
                  1    wreg      void 
 Registers used:
		wreg, fsr1l, fsr1h, fsr2l, fsr2h, status,2, status,0, tblptrl, tblptrh, tblptru, cstack
 Tracked objects:
		On entry : 
		On exit  : 
		Unchanged: 
 Data sizes:     COMRAM   BANK0   BANK1   BANK2
      Params:         0       0       0       0
      Locals:         0      37       0       0
      Temps:          2       0       0       0
      Totals:         2      37       0       0
Total ram usage:       39 bytes
 Hardware stack levels used:    1
 Hardware stack levels required when called:    9
 This function calls:
		_LCDPutChar
		_LCDPutCmd
		_LCDPutStr
		___lwdiv
		___lwmod
		_sprintf
 This function is called by:
		_main
 This function uses a non-reentrant model


 *************** function _sprintf *****************
 Defined at:
		line 9 in file "C:\Program Files (x86)\Microchip\xc8\v2.10\pic\sources\c99\common\nf_sprintf.c"
 Parameters:    Size  Location     Type
  s               2   32[BANK0 ] PTR unsigned char 
		 -> display@str1(16), 
  fmt             2   34[BANK0 ] PTR const unsigned char 
		 -> STR_1(3), 
 Auto vars:     Size  Location     Type
  f               6   42[BANK0 ] struct _IO_FILE
  ap              2   40[BANK0 ] PTR void [1]
		 -> ?_sprintf(2), 
  ret             2    0        int 
 Return value:  Size  Location     Type
                  2   32[BANK0 ] int 
 Registers used:
		wreg, fsr1l, fsr1h, fsr2l, fsr2h, status,2, status,0, tblptrl, tblptrh, tblptru, cstack
 Tracked objects:
		On entry : 
		On exit  : 
		Unchanged: 
 Data sizes:     COMRAM   BANK0   BANK1   BANK2
      Params:         0       6       0       0
      Locals:         0      10       0       0
      Temps:          0       0       0       0
      Totals:         0      16       0       0
Total ram usage:       16 bytes
 Hardware stack levels used:    1
 Hardware stack levels required when called:    8
 This function calls:
		_vfprintf
 This function is called by:
		_display
 This function uses a non-reentrant model


 *************** function _vfprintf *****************
 Defined at:
		line 1368 in file "C:\Program Files (x86)\Microchip\xc8\v2.10\pic\sources\c99\common\doprnt.c"
 Parameters:    Size  Location     Type
  fp              2   26[BANK0 ] PTR struct _IO_FILE
		 -> sprintf@f(6), 
  fmt             2   28[BANK0 ] PTR const unsigned char 
		 -> STR_1(3), 
  ap              2   30[BANK0 ] PTR PTR void 
		 -> sprintf@ap(2), 
 Auto vars:     Size  Location     Type
  cfmt            2   65[COMRAM] PTR unsigned char 
		 -> STR_1(3), 
 Return value:  Size  Location     Type
                  2   26[BANK0 ] int 
 Registers used:
		wreg, fsr1l, fsr1h, fsr2l, fsr2h, status,2, status,0, tblptrl, tblptrh, tblptru, cstack
 Tracked objects:
		On entry : 
		On exit  : 
		Unchanged: 
 Data sizes:     COMRAM   BANK0   BANK1   BANK2
      Params:         0       6       0       0
      Locals:         2       0       0       0
      Temps:          0       0       0       0
      Totals:         2       6       0       0
Total ram usage:        8 bytes
 Hardware stack levels used:    1
 Hardware stack levels required when called:    7
 This function calls:
		_vfpfcnvrt
 This function is called by:
		_sprintf
 This function uses a non-reentrant model


 *************** function _vfpfcnvrt *****************
 Defined at:
		line 670 in file "C:\Program Files (x86)\Microchip\xc8\v2.10\pic\sources\c99\common\doprnt.c"
 Parameters:    Size  Location     Type
  fp              2   57[COMRAM] PTR struct _IO_FILE
		 -> sprintf@f(6), 
  fmt             2   59[COMRAM] PTR PTR unsigned char 
		 -> vfprintf@cfmt(2), 
  ap              2   61[COMRAM] PTR PTR void 
		 -> sprintf@ap(2), 
 Auto vars:     Size  Location     Type
  ll              8   18[BANK0 ] long long 
  llu             8    0        unsigned long long 
  f               4    0        unsigned long long 
  vp              3    0        PTR void 
  ct              3    0        unsigned char [3]
  cp              3    0        PTR unsigned char 
  i               2    0        int 
  done            2    0        int 
  c               1    0        unsigned char 
 Return value:  Size  Location     Type
                  2   57[COMRAM] int 
 Registers used:
		wreg, fsr1l, fsr1h, fsr2l, fsr2h, status,2, status,0, tblptrl, tblptrh, tblptru, cstack
 Tracked objects:
		On entry : 
		On exit  : 
		Unchanged: 
 Data sizes:     COMRAM   BANK0   BANK1   BANK2
      Params:         6       0       0       0
      Locals:         0       8       0       0
      Temps:          2       0       0       0
      Totals:         8       8       0       0
Total ram usage:       16 bytes
 Hardware stack levels used:    1
 Hardware stack levels required when called:    6
 This function calls:
		_dtoa
		_fputc
 This function is called by:
		_vfprintf
 This function uses a non-reentrant model


 *************** function _dtoa *****************
 Defined at:
		line 274 in file "C:\Program Files (x86)\Microchip\xc8\v2.10\pic\sources\c99\common\doprnt.c"
 Parameters:    Size  Location     Type
  fp              2   39[COMRAM] PTR struct _IO_FILE
		 -> sprintf@f(6), 
  d               8   41[COMRAM] long long 
 Auto vars:     Size  Location     Type
  n               8    8[BANK0 ] long long 
  i               2   16[BANK0 ] int 
  s               2    6[BANK0 ] int 
  w               2    4[BANK0 ] int 
  p               2    2[BANK0 ] int 
 Return value:  Size  Location     Type
                  2   39[COMRAM] int 
 Registers used:
		wreg, fsr1l, fsr1h, fsr2l, fsr2h, status,2, status,0, cstack
 Tracked objects:
		On entry : 
		On exit  : 
		Unchanged: 
 Data sizes:     COMRAM   BANK0   BANK1   BANK2
      Params:        10       0       0       0
      Locals:         0      18       0       0
      Temps:          8       0       0       0
      Totals:        18      18       0       0
Total ram usage:       36 bytes
 Hardware stack levels used:    1
 Hardware stack levels required when called:    5
 This function calls:
		___aodiv
		___aomod
		_abs
		_pad
 This function is called by:
		_vfpfcnvrt
 This function uses a non-reentrant model


 *************** function _pad *****************
 Defined at:
		line 72 in file "C:\Program Files (x86)\Microchip\xc8\v2.10\pic\sources\c99\common\doprnt.c"
 Parameters:    Size  Location     Type
  fp              2   28[COMRAM] PTR struct _IO_FILE
		 -> sprintf@f(6), 
  buf             2   30[COMRAM] PTR unsigned char 
		 -> dbuf(32), 
  p               2   32[COMRAM] int 
 Auto vars:     Size  Location     Type
  w               2   37[COMRAM] int 
  i               2   35[COMRAM] int 
 Return value:  Size  Location     Type
                  2   28[COMRAM] int 
 Registers used:
		wreg, fsr1l, fsr1h, fsr2l, fsr2h, status,2, status,0, cstack
 Tracked objects:
		On entry : 
		On exit  : 
		Unchanged: 
 Data sizes:     COMRAM   BANK0   BANK1   BANK2
      Params:         6       0       0       0
      Locals:         4       0       0       0
      Temps:          1       0       0       0
      Totals:        11       0       0       0
Total ram usage:       11 bytes
 Hardware stack levels used:    1
 Hardware stack levels required when called:    4
 This function calls:
		_fputc
		_fputs
		_strlen
 This function is called by:
		_dtoa
 This function uses a non-reentrant model


 *************** function _strlen *****************
 Defined at:
		line 5 in file "C:\Program Files (x86)\Microchip\xc8\v2.10\pic\sources\c99\common\strlen.c"
 Parameters:    Size  Location     Type
  s               2   12[COMRAM] PTR const unsigned char 
		 -> dbuf(32), 
 Auto vars:     Size  Location     Type
  a               2   14[COMRAM] PTR const unsigned char 
		 -> dbuf(32), 
 Return value:  Size  Location     Type
                  2   12[COMRAM] unsigned int 
 Registers used:
		wreg, fsr2l, fsr2h, status,2, status,0
 Tracked objects:
		On entry : 
		On exit  : 
		Unchanged: 
 Data sizes:     COMRAM   BANK0   BANK1   BANK2
      Params:         2       0       0       0
      Locals:         2       0       0       0
      Temps:          0       0       0       0
      Totals:         4       0       0       0
Total ram usage:        4 bytes
 Hardware stack levels used:    1
 Hardware stack levels required when called:    1
 This function calls:
		Nothing
 This function is called by:
		_pad
 This function uses a non-reentrant model


 *************** function _fputs *****************
 Defined at:
		line 8 in file "C:\Program Files (x86)\Microchip\xc8\v2.10\pic\sources\c99\common\nf_fputs.c"
 Parameters:    Size  Location     Type
  s               2   21[COMRAM] PTR const unsigned char 
		 -> dbuf(32), 
  fp              2   23[COMRAM] PTR struct _IO_FILE
		 -> sprintf@f(6), 
 Auto vars:     Size  Location     Type
  i               2   26[COMRAM] int 
  c               1   25[COMRAM] unsigned char 
 Return value:  Size  Location     Type
                  2   21[COMRAM] int 
 Registers used:
		wreg, fsr1l, fsr1h, fsr2l, fsr2h, status,2, status,0, cstack
 Tracked objects:
		On entry : 
		On exit  : 
		Unchanged: 
 Data sizes:     COMRAM   BANK0   BANK1   BANK2
      Params:         4       0       0       0
      Locals:         3       0       0       0
      Temps:          0       0       0       0
      Totals:         7       0       0       0
Total ram usage:        7 bytes
 Hardware stack levels used:    1
 Hardware stack levels required when called:    3
 This function calls:
		_fputc
 This function is called by:
		_pad
 This function uses a non-reentrant model


 *************** function _fputc *****************
 Defined at:
		line 8 in file "C:\Program Files (x86)\Microchip\xc8\v2.10\pic\sources\c99\common\nf_fputc.c"
 Parameters:    Size  Location     Type
  c               2   12[COMRAM] int 
  fp              2   14[COMRAM] PTR struct _IO_FILE
		 -> sprintf@f(6), 
 Auto vars:     Size  Location     Type
		None
 Return value:  Size  Location     Type
                  2   12[COMRAM] int 
 Registers used:
		wreg, fsr1l, fsr1h, fsr2l, fsr2h, status,2, status,0, cstack
 Tracked objects:
		On entry : 
		On exit  : 
		Unchanged: 
 Data sizes:     COMRAM   BANK0   BANK1   BANK2
      Params:         4       0       0       0
      Locals:         0       0       0       0
      Temps:          5       0       0       0
      Totals:         9       0       0       0
Total ram usage:        9 bytes
 Hardware stack levels used:    1
 Hardware stack levels required when called:    2
 This function calls:
		_putch
 This function is called by:
		_pad
		_vfpfcnvrt
		_fputs
 This function uses a non-reentrant model


 *************** function _putch *****************
 Defined at:
		line 7 in file "C:\Program Files (x86)\Microchip\xc8\v2.10\pic\sources\c99\common\putch.c"
 Parameters:    Size  Location     Type
  c               1    wreg     unsigned char 
 Auto vars:     Size  Location     Type
  c               1    0[COMRAM] unsigned char 
 Return value:  Size  Location     Type
                  1    wreg      void 
 Registers used:
		wreg
 Tracked objects:
		On entry : 
		On exit  : 
		Unchanged: 
 Data sizes:     COMRAM   BANK0   BANK1   BANK2
      Params:         0       0       0       0
      Locals:         0       0       0       0
      Temps:          0       0       0       0
      Totals:         0       0       0       0
Total ram usage:        0 bytes
 Hardware stack levels used:    1
 Hardware stack levels required when called:    1
 This function calls:
		Nothing
 This function is called by:
		_fputc
 This function uses a non-reentrant model


 *************** function _abs *****************
 Defined at:
		line 1 in file "C:\Program Files (x86)\Microchip\xc8\v2.10\pic\sources\c99\common\abs.c"
 Parameters:    Size  Location     Type
  a               2   30[COMRAM] int 
 Auto vars:     Size  Location     Type
		None
 Return value:  Size  Location     Type
                  2   30[COMRAM] int 
 Registers used:
		wreg, status,2, status,0
 Tracked objects:
		On entry : 
		On exit  : 
		Unchanged: 
 Data sizes:     COMRAM   BANK0   BANK1   BANK2
      Params:         2       0       0       0
      Locals:         0       0       0       0
      Temps:          2       0       0       0
      Totals:         4       0       0       0
Total ram usage:        4 bytes
 Hardware stack levels used:    1
 Hardware stack levels required when called:    1
 This function calls:
		Nothing
 This function is called by:
		_dtoa
 This function uses a non-reentrant model


 *************** function ___aomod *****************
 Defined at:
		line 9 in file "C:\Program Files (x86)\Microchip\xc8\v2.10\pic\sources\c99\common\aomod.c"
 Parameters:    Size  Location     Type
  dividend        8   12[COMRAM] long long 
  divisor         8   20[COMRAM] long long 
 Auto vars:     Size  Location     Type
  sign            1   29[COMRAM] unsigned char 
  counter         1   28[COMRAM] unsigned char 
 Return value:  Size  Location     Type
                  8   12[COMRAM] long long 
 Registers used:
		wreg, status,2, status,0
 Tracked objects:
		On entry : 
		On exit  : 
		Unchanged: 
 Data sizes:     COMRAM   BANK0   BANK1   BANK2
      Params:        16       0       0       0
      Locals:         2       0       0       0
      Temps:          0       0       0       0
      Totals:        18       0       0       0
Total ram usage:       18 bytes
 Hardware stack levels used:    1
 Hardware stack levels required when called:    1
 This function calls:
		Nothing
 This function is called by:
		_dtoa
 This function uses a non-reentrant model


 *************** function ___aodiv *****************
 Defined at:
		line 9 in file "C:\Program Files (x86)\Microchip\xc8\v2.10\pic\sources\c99\common\aodiv.c"
 Parameters:    Size  Location     Type
  dividend        8   12[COMRAM] long long 
  divisor         8   20[COMRAM] long long 
 Auto vars:     Size  Location     Type
  quotient        8   30[COMRAM] long long 
  sign            1   29[COMRAM] unsigned char 
  counter         1   28[COMRAM] unsigned char 
 Return value:  Size  Location     Type
                  8   12[COMRAM] long long 
 Registers used:
		wreg, fsr2l, fsr2h, status,2, status,0
 Tracked objects:
		On entry : 
		On exit  : 
		Unchanged: 
 Data sizes:     COMRAM   BANK0   BANK1   BANK2
      Params:        16       0       0       0
      Locals:        10       0       0       0
      Temps:          0       0       0       0
      Totals:        26       0       0       0
Total ram usage:       26 bytes
 Hardware stack levels used:    1
 Hardware stack levels required when called:    1
 This function calls:
		Nothing
 This function is called by:
		_dtoa
 This function uses a non-reentrant model


 *************** function ___lwmod *****************
 Defined at:
		line 7 in file "C:\Program Files (x86)\Microchip\xc8\v2.10\pic\sources\c99\common\lwmod.c"
 Parameters:    Size  Location     Type
  dividend        2   12[COMRAM] unsigned int 
  divisor         2   14[COMRAM] unsigned int 
 Auto vars:     Size  Location     Type
  counter         1   16[COMRAM] unsigned char 
 Return value:  Size  Location     Type
                  2   12[COMRAM] unsigned int 
 Registers used:
		wreg, status,2, status,0
 Tracked objects:
		On entry : 
		On exit  : 
		Unchanged: 
 Data sizes:     COMRAM   BANK0   BANK1   BANK2
      Params:         4       0       0       0
      Locals:         1       0       0       0
      Temps:          0       0       0       0
      Totals:         5       0       0       0
Total ram usage:        5 bytes
 Hardware stack levels used:    1
 Hardware stack levels required when called:    1
 This function calls:
		Nothing
 This function is called by:
		_display
 This function uses a non-reentrant model


 *************** function ___lwdiv *****************
 Defined at:
		line 7 in file "C:\Program Files (x86)\Microchip\xc8\v2.10\pic\sources\c99\common\lwdiv.c"
 Parameters:    Size  Location     Type
  dividend        2   12[COMRAM] unsigned int 
  divisor         2   14[COMRAM] unsigned int 
 Auto vars:     Size  Location     Type
  quotient        2   16[COMRAM] unsigned int 
  counter         1   18[COMRAM] unsigned char 
 Return value:  Size  Location     Type
                  2   12[COMRAM] unsigned int 
 Registers used:
		wreg, status,2, status,0
 Tracked objects:
		On entry : 
		On exit  : 
		Unchanged: 
 Data sizes:     COMRAM   BANK0   BANK1   BANK2
      Params:         4       0       0       0
      Locals:         3       0       0       0
      Temps:          0       0       0       0
      Totals:         7       0       0       0
Total ram usage:        7 bytes
 Hardware stack levels used:    1
 Hardware stack levels required when called:    1
 This function calls:
		Nothing
 This function is called by:
		_display
		_readADC
 This function uses a non-reentrant model


 *************** function _LCDPutStr *****************
 Defined at:
		line 147 in file "lcd.c"
 Parameters:    Size  Location     Type
  str             2   17[COMRAM] PTR const unsigned char 
		 -> display@str1(16), 
 Auto vars:     Size  Location     Type
  i               1   19[COMRAM] unsigned char 
 Return value:  Size  Location     Type
                  1    wreg      void 
 Registers used:
		wreg, fsr2l, fsr2h, status,2, status,0, cstack
 Tracked objects:
		On entry : 
		On exit  : 
		Unchanged: 
 Data sizes:     COMRAM   BANK0   BANK1   BANK2
      Params:         2       0       0       0
      Locals:         1       0       0       0
      Temps:          0       0       0       0
      Totals:         3       0       0       0
Total ram usage:        3 bytes
 Hardware stack levels used:    1
 Hardware stack levels required when called:    3
 This function calls:
		_LCDPutChar
 This function is called by:
		_display
 This function uses a non-reentrant model


 *************** function _LCDPutChar *****************
 Defined at:
		line 119 in file "lcd.c"
 Parameters:    Size  Location     Type
  ch              1    wreg     unsigned char 
 Auto vars:     Size  Location     Type
  ch              1   16[COMRAM] unsigned char 
 Return value:  Size  Location     Type
                  1    wreg      void 
 Registers used:
		wreg, status,2, status,0, cstack
 Tracked objects:
		On entry : 
		On exit  : 
		Unchanged: 
 Data sizes:     COMRAM   BANK0   BANK1   BANK2
      Params:         0       0       0       0
      Locals:         1       0       0       0
      Temps:          1       0       0       0
      Totals:         2       0       0       0
Total ram usage:        2 bytes
 Hardware stack levels used:    1
 Hardware stack levels required when called:    2
 This function calls:
		_LCDWriteNibble
 This function is called by:
		_display
		_LCDPutStr
 This function uses a non-reentrant model


 *************** function _configureTimer5 *****************
 Defined at:
		line 381 in file "newmain.c"
 Parameters:    Size  Location     Type
		None
 Auto vars:     Size  Location     Type
		None
 Return value:  Size  Location     Type
                  1    wreg      void 
 Registers used:
		None
 Tracked objects:
		On entry : 
		On exit  : 
		Unchanged: 
 Data sizes:     COMRAM   BANK0   BANK1   BANK2
      Params:         0       0       0       0
      Locals:         0       0       0       0
      Temps:          0       0       0       0
      Totals:         0       0       0       0
Total ram usage:        0 bytes
 Hardware stack levels used:    1
 Hardware stack levels required when called:    1
 This function calls:
		Nothing
 This function is called by:
		_main
 This function uses a non-reentrant model


 *************** function _configureTimer1 *****************
 Defined at:
		line 370 in file "newmain.c"
 Parameters:    Size  Location     Type
		None
 Auto vars:     Size  Location     Type
		None
 Return value:  Size  Location     Type
                  1    wreg      void 
 Registers used:
		wreg, status,2
 Tracked objects:
		On entry : 
		On exit  : 
		Unchanged: 
 Data sizes:     COMRAM   BANK0   BANK1   BANK2
      Params:         0       0       0       0
      Locals:         0       0       0       0
      Temps:          0       0       0       0
      Totals:         0       0       0       0
Total ram usage:        0 bytes
 Hardware stack levels used:    1
 Hardware stack levels required when called:    1
 This function calls:
		Nothing
 This function is called by:
		_main
 This function uses a non-reentrant model


 *************** function _configureTimer0 *****************
 Defined at:
		line 352 in file "newmain.c"
 Parameters:    Size  Location     Type
		None
 Auto vars:     Size  Location     Type
		None
 Return value:  Size  Location     Type
                  1    wreg      void 
 Registers used:
		None
 Tracked objects:
		On entry : 
		On exit  : 
		Unchanged: 
 Data sizes:     COMRAM   BANK0   BANK1   BANK2
      Params:         0       0       0       0
      Locals:         0       0       0       0
      Temps:          0       0       0       0
      Totals:         0       0       0       0
Total ram usage:        0 bytes
 Hardware stack levels used:    1
 Hardware stack levels required when called:    1
 This function calls:
		Nothing
 This function is called by:
		_main
 This function uses a non-reentrant model


 *************** function _configurePWM *****************
 Defined at:
		line 164 in file "newmain.c"
 Parameters:    Size  Location     Type
		None
 Auto vars:     Size  Location     Type
		None
 Return value:  Size  Location     Type
                  1    wreg      void 
 Registers used:
		wreg, status,2
 Tracked objects:
		On entry : 
		On exit  : 
		Unchanged: 
 Data sizes:     COMRAM   BANK0   BANK1   BANK2
      Params:         0       0       0       0
      Locals:         0       0       0       0
      Temps:          0       0       0       0
      Totals:         0       0       0       0
Total ram usage:        0 bytes
 Hardware stack levels used:    1
 Hardware stack levels required when called:    1
 This function calls:
		Nothing
 This function is called by:
		_main
 This function uses a non-reentrant model


 *************** function _configureInterrupts *****************
 Defined at:
		line 287 in file "newmain.c"
 Parameters:    Size  Location     Type
		None
 Auto vars:     Size  Location     Type
		None
 Return value:  Size  Location     Type
                  1    wreg      void 
 Registers used:
		None
 Tracked objects:
		On entry : 
		On exit  : 
		Unchanged: 
 Data sizes:     COMRAM   BANK0   BANK1   BANK2
      Params:         0       0       0       0
      Locals:         0       0       0       0
      Temps:          0       0       0       0
      Totals:         0       0       0       0
Total ram usage:        0 bytes
 Hardware stack levels used:    1
 Hardware stack levels required when called:    1
 This function calls:
		Nothing
 This function is called by:
		_main
 This function uses a non-reentrant model


 *************** function _configureInputs *****************
 Defined at:
		line 390 in file "newmain.c"
 Parameters:    Size  Location     Type
		None
 Auto vars:     Size  Location     Type
		None
 Return value:  Size  Location     Type
                  1    wreg      void 
 Registers used:
		None
 Tracked objects:
		On entry : 
		On exit  : 
		Unchanged: 
 Data sizes:     COMRAM   BANK0   BANK1   BANK2
      Params:         0       0       0       0
      Locals:         0       0       0       0
      Temps:          0       0       0       0
      Totals:         0       0       0       0
Total ram usage:        0 bytes
 Hardware stack levels used:    1
 Hardware stack levels required when called:    1
 This function calls:
		Nothing
 This function is called by:
		_main
 This function uses a non-reentrant model


 *************** function _configureADC *****************
 Defined at:
		line 318 in file "newmain.c"
 Parameters:    Size  Location     Type
		None
 Auto vars:     Size  Location     Type
		None
 Return value:  Size  Location     Type
                  1    wreg      void 
 Registers used:
		wreg, status,2
 Tracked objects:
		On entry : 
		On exit  : 
		Unchanged: 
 Data sizes:     COMRAM   BANK0   BANK1   BANK2
      Params:         0       0       0       0
      Locals:         0       0       0       0
      Temps:          0       0       0       0
      Totals:         0       0       0       0
Total ram usage:        0 bytes
 Hardware stack levels used:    1
 Hardware stack levels required when called:    1
 This function calls:
		Nothing
 This function is called by:
		_main
 This function uses a non-reentrant model


 *************** function _LCD_Initialize *****************
 Defined at:
		line 48 in file "lcd.c"
 Parameters:    Size  Location     Type
		None
 Auto vars:     Size  Location     Type
		None
 Return value:  Size  Location     Type
                  1    wreg      void 
 Registers used:
		wreg, status,2, status,0, cstack
 Tracked objects:
		On entry : 
		On exit  : 
		Unchanged: 
 Data sizes:     COMRAM   BANK0   BANK1   BANK2
      Params:         0       0       0       0
      Locals:         0       0       0       0
      Temps:          2       0       0       0
      Totals:         2       0       0       0
Total ram usage:        2 bytes
 Hardware stack levels used:    1
 Hardware stack levels required when called:    3
 This function calls:
		_LCDPutCmd
 This function is called by:
		_main
 This function uses a non-reentrant model


 *************** function _LCDPutCmd *****************
 Defined at:
		line 132 in file "lcd.c"
 Parameters:    Size  Location     Type
  ch              1    wreg     unsigned char 
 Auto vars:     Size  Location     Type
  ch              1   16[COMRAM] unsigned char 
 Return value:  Size  Location     Type
                  1    wreg      void 
 Registers used:
		wreg, status,2, status,0, cstack
 Tracked objects:
		On entry : 
		On exit  : 
		Unchanged: 
 Data sizes:     COMRAM   BANK0   BANK1   BANK2
      Params:         0       0       0       0
      Locals:         1       0       0       0
      Temps:          1       0       0       0
      Totals:         2       0       0       0
Total ram usage:        2 bytes
 Hardware stack levels used:    1
 Hardware stack levels required when called:    2
 This function calls:
		_LCDWriteNibble
 This function is called by:
		_display
		_LCD_Initialize
		_LCDGoto
 This function uses a non-reentrant model


 *************** function _LCDWriteNibble *****************
 Defined at:
		line 89 in file "lcd.c"
 Parameters:    Size  Location     Type
  ch              1    wreg     unsigned char 
  rs              1   12[COMRAM] unsigned char 
 Auto vars:     Size  Location     Type
  ch              1   14[COMRAM] unsigned char 
 Return value:  Size  Location     Type
                  1    wreg      void 
 Registers used:
		wreg, status,2, status,0
 Tracked objects:
		On entry : 
		On exit  : 
		Unchanged: 
 Data sizes:     COMRAM   BANK0   BANK1   BANK2
      Params:         1       0       0       0
      Locals:         1       0       0       0
      Temps:          1       0       0       0
      Totals:         3       0       0       0
Total ram usage:        3 bytes
 Hardware stack levels used:    1
 Hardware stack levels required when called:    1
 This function calls:
		Nothing
 This function is called by:
		_LCDPutChar
		_LCDPutCmd
 This function uses a non-reentrant model


 *************** function _tcInt *****************
 Defined at:
		line 441 in file "newmain.c"
 Parameters:    Size  Location     Type
		None
 Auto vars:     Size  Location     Type
  duty            1   11[COMRAM] unsigned char 
 Return value:  Size  Location     Type
                  1    wreg      void 
 Registers used:
		wreg, status,2, status,0, tblptrl, tblptrh, tblptru, prodl, prodh
 Tracked objects:
		On entry : 
		On exit  : 
		Unchanged: 
 Data sizes:     COMRAM   BANK0   BANK1   BANK2
      Params:         0       0       0       0
      Locals:         1       0       0       0
      Temps:         11       0       0       0
      Totals:        12       0       0       0
Total ram usage:       12 bytes
 Hardware stack levels used:    1
 This function calls:
		Nothing
 This function is called by:
		Interrupt level 1
 This function uses a non-reentrant model



MODULE INFORMATION

Module		Function		Class		Link	Load	Size
C:\Program Files (x86)\Microchip\xc8\v2.10\pic\sources\c99\common\aodiv.c
		___aodiv       		CODE           	0634	0000	393

C:\Program Files (x86)\Microchip\xc8\v2.10\pic\sources\c99\common\aodiv.c estimated size: 393

C:\Program Files (x86)\Microchip\xc8\v2.10\pic\sources\c99\common\lwdiv.c
		___lwdiv       		CODE           	0D2A	0000	117

C:\Program Files (x86)\Microchip\xc8\v2.10\pic\sources\c99\common\lwdiv.c estimated size: 117

C:\Program Files (x86)\Microchip\xc8\v2.10\pic\sources\c99\common\strlen.c
		_strlen        		CODE           	1152	0000	55

C:\Program Files (x86)\Microchip\xc8\v2.10\pic\sources\c99\common\strlen.c estimated size: 55

newmain.c
		_configureADC  		CODE           	11B8	0000	41
		_configurePWM  		CODE           	109A	0000	65
		_startPWM      		CODE           	1240	0000	5
		_display       		CODE           	07BC	0000	361
		_updateTMR0PreloadValue		CODE           	0CA6	0000	133
		_main          		CODE           	0ECA	0000	91
		_configureTimer0		CODE           	11E0	0000	23
		_configureTimer1		CODE           	120A	0000	21
		_configureTimer5		CODE           	11F6	0000	21
		_configureInputs		CODE           	122A	0000	11
		_configureInterrupts		CODE           	1234	0000	7
		_readADC       		CODE           	0FC8	0000	79
		_tcInt         		CODE           	0018	0000	387

newmain.c estimated size: 1245

C:\Program Files (x86)\Microchip\xc8\v2.10\pic\sources\c99\common\doprnt.c
		_vfpfcnvrt     		CODE           	0480	0000	437
		_pad           		CODE           	0B52	0000	195
		_dtoa          		CODE           	019E	0000	739
		_vfprintf      		CODE           	0E68	0000	99

C:\Program Files (x86)\Microchip\xc8\v2.10\pic\sources\c99\common\doprnt.c estimated size: 1470

C:\Program Files (x86)\Microchip\xc8\v2.10\pic\sources\c99\common\nf_fputs.c
		_fputs         		CODE           	1016	0000	69

C:\Program Files (x86)\Microchip\xc8\v2.10\pic\sources\c99\common\nf_fputs.c estimated size: 69

shared
		_digits        		MEDIUMCONST    	3DB1	0000	11
		_sinusValues   		MEDIUMCONST    	3AE9	0000	513
		__initialization		CODE           	0D9E	0000	89
		_timer0PreloadValues		MEDIUMCONST    	3CE9	0000	201

shared estimated size: 814

C:\Program Files (x86)\Microchip\xc8\v2.10\pic\sources\c99\common\putch.c
		_putch         		CODE           	1244	0000	3

C:\Program Files (x86)\Microchip\xc8\v2.10\pic\sources\c99\common\putch.c estimated size: 3

C:\Program Files (x86)\Microchip\xc8\v2.10\pic\sources\c99\common\aomod.c
		___aomod       		CODE           	0924	0000	357

C:\Program Files (x86)\Microchip\xc8\v2.10\pic\sources\c99\common\aomod.c estimated size: 357

C:\Program Files (x86)\Microchip\xc8\v2.10\pic\sources\c99\common\abs.c
		_abs           		CODE           	105A	0000	65

C:\Program Files (x86)\Microchip\xc8\v2.10\pic\sources\c99\common\abs.c estimated size: 65

C:\Program Files (x86)\Microchip\xc8\v2.10\pic\sources\c99\common\nf_sprintf.c
		_sprintf       		CODE           	0F24	0000	83

C:\Program Files (x86)\Microchip\xc8\v2.10\pic\sources\c99\common\nf_sprintf.c estimated size: 83

lcd.c
		_LCDPutCmd     		CODE           	10DA	0000	63
		_LCDPutStr     		CODE           	1118	0000	59
		_LCDPutChar    		CODE           	1188	0000	49
		_LCD_Initialize		CODE           	0F76	0000	83
		_LCDWriteNibble		CODE           	0C14	0000	147

lcd.c estimated size: 401

C:\Program Files (x86)\Microchip\xc8\v2.10\pic\sources\c99\common\lwmod.c
		___lwmod       		CODE           	0E04	0000	101

C:\Program Files (x86)\Microchip\xc8\v2.10\pic\sources\c99\common\lwmod.c estimated size: 101

C:\Program Files (x86)\Microchip\xc8\v2.10\pic\sources\c99\common\nf_fputc.c
		_fputc         		CODE           	0A88	0000	203

C:\Program Files (x86)\Microchip\xc8\v2.10\pic\sources\c99\common\nf_fputc.c estimated size: 203

