Microchip MPLAB XC8 Compiler V2.10 ()

Linker command line:

-W-3 --edf=C:\Program Files (x86)\Microchip\xc8\v2.10\pic\dat\en_msgs.txt \
  -cs -h+dist/default/debug\control_motor.debug.sym \
  --cmf=dist/default/debug\control_motor.debug.cmf -z -Q18F4431 \
  -oC:\Users\ape\AppData\Local\Temp\scvo.2 --defsym=__MPLAB_BUILD=1 \
  -Mdist/default/debug/control_motor.debug.map -E1 -ver=XC8 --acfsm=1493 \
  -ASTACK=0DBh-02F3h -pstack=STACK -ACODE=00h-03DBFh -ACONST=00h-03DBFh \
  -ASMALLCONST=0300h-03FFhx58,03D00h-03DBFh -AMEDIUMCONST=0300h-03DBFh \
  -ACOMRAM=01h-05Fh -AABS1=00h-02F3h -ABIGRAM=01h-02F3h \
  -ARAM=060h-0FFh,0100h-01FFh,0200h-02F3h -ABANK0=060h-0FFh \
  -ABANK1=0100h-01FFh -ABANK2=0200h-02F3h \
  -ASFR=0F60h-0F9Bh,0F9Dh-0FD3h,0FD5h-0FDAh,0FE0h-0FE2h,0FE8h-0FEAh,0FF0h-0FFCh \
  -preset_vec=00h,intcode,intcodelo=018h,powerup,init -pramtop=0300h \
  -psmallconst=SMALLCONST -pmediumconst=MEDIUMCONST -pconst=CONST \
  -AFARRAM=00h-00h -ACONFIG=0300000h-030000Dh -pconfig=CONFIG \
  -AIDLOC=0200000h-0200007h -pidloc=IDLOC -AEEDATA=0F00000h-0F000FFh \
  -peeprom_data=EEDATA \
  -prdata=COMRAM,nvrram=COMRAM,nvbit=COMRAM,rbss=COMRAM,rbit=COMRAM \
  -pfarbss=FARRAM,fardata=FARRAM,nvFARRAM=FARRAM \
  -pintsave_regs=BIGRAM,bigbss=BIGRAM,bigdata=BIGRAM -pbss=RAM \
  -pidata=CODE,irdata=CODE,ibigdata=CODE,ifardata=CODE -prparam=COMRAM \
  C:\Users\ape\AppData\Local\Temp\scvo.o \
  dist/default/debug\control_motor.debug.o 

Object code version is 3.11

Machine type is 18F4431

Call graph: (short form)




                Name                               Link     Load   Length Selector   Space Scale
C:\Users\ape\AppData\Local\Temp\scvo.o
                init                                 90       90        4        C       0
                reset_vec                             0        0        4        0       0
                idloc                            200000   200000        8   200000       0
                config                           300000   300000        E   300000       0
dist/default/debug\control_motor.debug.o
                intcodelo                            18       18       78        C       0
                temp                                 5B       5B        1        1       1
                mediumconst                        3AE8     3AE8      2D8     1D74       0
                text26                              D28      D28       92        C       0
                text25                             1148     1148       30        C       0
                text24                             10D8     10D8       3A        C       0
                text23                             105E     105E       3E        C       0
                text22                              F46      F46       52        C       0
                text21                              DBA      DBA       74        C       0
                text20                              E2E      E2E       64        C       0
                text19                             1178     1178       26        C       0
                text18                             11EC     11EC        6        C       0
                text17                             109C     109C       3C        C       0
                text16                             119E     119E       16        C       0
                text15                             11C8     11C8       14        C       0
                text14                             11B4     11B4       14        C       0
                text13                              8B0      8B0      188        C       0
                text12                              A38      A38      164        C       0
                text11                             101E     101E       40        C       0
                text10                             11F6     11F6        2        C       0
                text9                               B9C      B9C       CA        C       0
                text8                               F98      F98       44        C       0
                text7                              1112     1112       36        C       0
                text6                               C66      C66       C2        C       0
                text5                               41E      41E      2DE        C       0
                text4                               6FC      6FC      1B4        C       0
                text3                               E92      E92       62        C       0
                text2                               EF4      EF4       52        C       0
                text1                              11F2     11F2        4        C       0
                text0                                94       94      38A        C       0
                cstackCOMRAM                          1        1       56        1       1
                cstackBANK0                          60       60       3C       60       1
                dataBANK0                            CB       CB       10       60       1
                bssBANK0                             9C       9C       2F       60       1
                bssCOMRAM                            57       57        4        1       1
                cinit                               FDC      FDC       42        C       0
                idataBANK0                         11DC     11DC       10        C       0

TOTAL           Name                               Link     Load   Length     Space
        CLASS   STACK          

        CLASS   CODE           
                intcodelo                            18       18       78         0
                init                                 90       90        4         0
                reset_vec                             0        0        4         0
                text26                              D28      D28       92         0
                text25                             1148     1148       30         0
                text24                             10D8     10D8       3A         0
                text23                             105E     105E       3E         0
                text22                              F46      F46       52         0
                text21                              DBA      DBA       74         0
                text20                              E2E      E2E       64         0
                text19                             1178     1178       26         0
                text18                             11EC     11EC        6         0
                text17                             109C     109C       3C         0
                text16                             119E     119E       16         0
                text15                             11C8     11C8       14         0
                text14                             11B4     11B4       14         0
                text13                              8B0      8B0      188         0
                text12                              A38      A38      164         0
                text11                             101E     101E       40         0
                text10                             11F6     11F6        2         0
                text9                               B9C      B9C       CA         0
                text8                               F98      F98       44         0
                text7                              1112     1112       36         0
                text6                               C66      C66       C2         0
                text5                               41E      41E      2DE         0
                text4                               6FC      6FC      1B4         0
                text3                               E92      E92       62         0
                text2                               EF4      EF4       52         0
                text1                              11F2     11F2        4         0
                text0                                94       94      38A         0
                cinit                               FDC      FDC       42         0
                idataBANK0                         11DC     11DC       10         0

        CLASS   CONST          

        CLASS   SMALLCONST     

        CLASS   MEDIUMCONST    
                mediumconst                        3AE8     3AE8      2D8         0

        CLASS   COMRAM         
                temp                                 5B       5B        1         1
                cstackCOMRAM                          1        1       56         1
                bssCOMRAM                            57       57        4         1

        CLASS   ABS1           

        CLASS   BIGRAM         

        CLASS   RAM            

        CLASS   BANK0          
                cstackBANK0                          60       60       3C         1
                dataBANK0                            CB       CB       10         1
                bssBANK0                             9C       9C       2F         1

        CLASS   BANK1          

        CLASS   BANK2          

        CLASS   SFR            

        CLASS   FARRAM         

        CLASS   CONFIG         
                config                           300000   300000        E         0

        CLASS   IDLOC          
                idloc                            200000   200000        8         0

        CLASS   EEDATA         



SEGMENTS        Name                           Load    Length   Top    Selector   Space  Class

                reset_vec                      000000  000004  000004         0       0  CODE    
                cstackCOMRAM                   000001  00005B  00005C         1       1  COMRAM  
                intcodelo                      000018  0011E0  0011F8         C       0  CODE    
                cstackBANK0                    000060  00007B  0000DB        60       1  BANK0   
                mediumconst                    003AE8  0002D8  003DC0      1D74       0  MEDIUMCO
                idloc                          200000  000008  200008    200000       0  IDLOC   
                config                         300000  00000E  30000E    300000       0  CONFIG  


UNUSED ADDRESS RANGES

        Name                Unused          Largest block    Delta
        BANK0            0000DB-0000FF               25
        BANK1            000100-0001FF              100
        BANK2            000200-0002F3               F4
        BIGRAM           00005C-00005F                4
                         0000DB-0002F3              219
        CODE             000004-000017               14
                         0011F8-003AE7             28F0
        COMRAM           00005C-00005F                4
        CONST            000004-000017               14
                         0011F8-003AE7             28F0
        EEDATA           F00000-F000FF              100
        MEDIUMCONST      0011F8-003AE7             28F0
        RAM              0000DB-0002F3              100
        SFR              000F60-000F9B               3C
                         000F9D-000FD3               37
                         000FD5-000FDA                6
                         000FE0-000FE2                3
                         000FE8-000FEA                3
                         000FF0-000FFC                D
        SMALLCONST       0011F8-003AE7              100
        STACK            0000DB-0002F3              219

                                  Symbol Table

?___aodiv                     cstackCOMRAM 000004
?___aomod                     cstackCOMRAM 000004
?___lwdiv                     cstackCOMRAM 000004
?___lwmod                     cstackCOMRAM 000004
?_abs                         cstackCOMRAM 000016
?_dtoa                        cstackCOMRAM 00001F
?_pad                         cstackCOMRAM 000014
?_sprintf                     cstackBANK0  000066
?_strlen                      cstackCOMRAM 000004
?_vfpfcnvrt                   cstackCOMRAM 000043
?_vfprintf                    cstackBANK0  000060
LCDPutChar@ch                 cstackCOMRAM 000008
LCDPutCmd@ch                  cstackCOMRAM 000008
LCDPutStr@i                   cstackCOMRAM 00000B
LCDPutStr@str                 cstackCOMRAM 000009
LCDWriteNibble@ch             cstackCOMRAM 000006
LCDWriteNibble@rs             cstackCOMRAM 000004
_ADCHSbits                    (abs)        000F99
_ADCON0bits                   (abs)        000FC2
_ADCON1                       (abs)        000FC1
_ADCON2bits                   (abs)        000FC0
_ADCON3bits                   (abs)        000F9A
_ADRESH                       (abs)        000FC4
_ANSEL0bits                   (abs)        000FB8
_INTCON2bits                  (abs)        000FF1
_INTCONbits                   (abs)        000FF2
_LATB                         (abs)        000F8A
_LCDPutChar                   text25       001148
_LCDPutCmd                    text23       00105E
_LCDPutStr                    text24       0010D8
_LCDWriteNibble               text26       000D28
_LCD_Initialize               text22       000F46
_OVDCOND                      (abs)        000F6B
_OVDCONS                      (abs)        000F6A
_PDC0H                        (abs)        000F78
_PDC0L                        (abs)        000F79
_PDC1H                        (abs)        000F76
_PDC1L                        (abs)        000F77
_PDC2H                        (abs)        000F74
_PDC2L                        (abs)        000F75
_PIE1bits                     (abs)        000F9D
_PIE3bits                     (abs)        000FA3
_PIR1bits                     (abs)        000F9E
_PIR3bits                     (abs)        000FA4
_PORTAbits                    (abs)        000F80
_PORTB                        (abs)        000F81
_PORTCbits                    (abs)        000F82
_PORTDbits                    (abs)        000F83
_PTCON0bits                   (abs)        000F7F
_PTCON1bits                   (abs)        000F7E
_PTPERH                       (abs)        000F7A
_PTPERL                       (abs)        000F7B
_PWMCON0bits                  (abs)        000F6F
_PWMCON1bits                  (abs)        000F6E
_PrevADRESH                   dataBANK0    0000D5
_T0CONbits                    (abs)        000FD5
_T1CONbits                    (abs)        000FCD
_T5CONbits                    (abs)        000FB7
_TMR0                         (abs)        000FD6
_TMR1                         (abs)        000FCE
_TMR5                         (abs)        000F87
_TRISAbits                    (abs)        000F92
_TRISB                        (abs)        000F93
_TRISCbits                    (abs)        000F94
_TRISDbits                    (abs)        000F95
__CFG_BOREN$OFF               (abs)        000000
__CFG_CP0$OFF                 (abs)        000000
__CFG_CP1$OFF                 (abs)        000000
__CFG_CP2$OFF                 (abs)        000000
__CFG_CP3$OFF                 (abs)        000000
__CFG_CPB$OFF                 (abs)        000000
__CFG_CPD$OFF                 (abs)        000000
__CFG_EBTR0$OFF               (abs)        000000
__CFG_EBTR1$OFF               (abs)        000000
__CFG_EBTR2$OFF               (abs)        000000
__CFG_EBTR3$OFF               (abs)        000000
__CFG_EBTRB$OFF               (abs)        000000
__CFG_EXCLKMX$RC3             (abs)        000000
__CFG_FCMEN$OFF               (abs)        000000
__CFG_FLTAMX$RC1              (abs)        000000
__CFG_HPOL$LOW                (abs)        000000
__CFG_IESO$OFF                (abs)        000000
__CFG_LPOL$LOW                (abs)        000000
__CFG_LVP$OFF                 (abs)        000000
__CFG_MCLRE$OFF               (abs)        000000
__CFG_OSC$HSPLL               (abs)        000000
__CFG_PWM4MX$RB5              (abs)        000000
__CFG_PWMPIN$OFF              (abs)        000000
__CFG_PWRTEN$OFF              (abs)        000000
__CFG_SSPMX$RC7               (abs)        000000
__CFG_STVREN$OFF              (abs)        000000
__CFG_T1OSCMX$ON              (abs)        000000
__CFG_WDPS$32768              (abs)        000000
__CFG_WDTEN$OFF               (abs)        000000
__CFG_WINEN$OFF               (abs)        000000
__CFG_WRT0$OFF                (abs)        000000
__CFG_WRT1$OFF                (abs)        000000
__CFG_WRT2$OFF                (abs)        000000
__CFG_WRT3$OFF                (abs)        000000
__CFG_WRTB$OFF                (abs)        000000
__CFG_WRTC$OFF                (abs)        000000
__CFG_WRTD$OFF                (abs)        000000
__HRAM                        (abs)        000000
__Habs1                       abs1         000000
__Hbank0                      bank0        000000
__Hbank1                      bank1        000000
__Hbank2                      bank2        000000
__Hbigbss                     bigbss       000000
__Hbigdata                    bigdata      000000
__Hbigram                     bigram       000000
__Hbss                        bss          000000
__HbssBANK0                   bssBANK0     000000
__HbssCOMRAM                  bssCOMRAM    000000
__Hcinit                      cinit        000000
__Hclrtext                    clrtext      000000
__Hcomram                     comram       000000
__Hconfig                     config       30000E
__Hconst                      const        000000
__HcstackBANK0                cstackBANK0  000000
__HcstackCOMRAM               cstackCOMRAM 000000
__Hdata                       data         000000
__HdataBANK0                  dataBANK0    000000
__Heeprom_data                eeprom_data  000000
__Hfarbss                     farbss       000000
__Hfardata                    fardata      000000
__Hibigdata                   ibigdata     000000
__Hidata                      idata        000000
__HidataBANK0                 idataBANK0   000000
__Hidloc                      idloc        200008
__Hifardata                   ifardata     000000
__Hinit                       init         000094
__Hintcode                    intcode      000004
__Hintcode_body               intcode_body 000000
__Hintcodelo                  intcodelo    000090
__Hintentry                   intentry     000000
__Hintret                     intret       000000
__Hintsave_regs               intsave_regs 000000
__Hirdata                     irdata       000000
__Hmediumconst                mediumconst  003DC0
__HnvFARRAM                   nvFARRAM     000000
__Hnvbit                      nvbit        000000
__Hnvrram                     nvrram       000000
__Hparam                      rparam       000000
__Hpowerup                    powerup      000090
__Hram                        ram          000000
__Hramtop                     ramtop       000300
__Hrbit                       rbit         000000
__Hrbss                       rbss         000000
__Hrdata                      rdata        000000
__Hreset_vec                  reset_vec    000004
__Hrparam                     rparam       000000
__Hsfr                        sfr          000000
__Hsmallconst                 smallconst   000000
__Hspace_0                    (abs)        30000E
__Hspace_1                    (abs)        0000DB
__Hspace_2                    (abs)        000000
__Hstack                      stack        000000
__Hstruct                     struct       000000
__Htemp                       temp         00005C
__Htext                       text         000000
__Htext0                      text0        000000
__Htext1                      text1        000000
__Htext10                     text10       000000
__Htext11                     text11       000000
__Htext12                     text12       000000
__Htext13                     text13       000000
__Htext14                     text14       000000
__Htext15                     text15       000000
__Htext16                     text16       000000
__Htext17                     text17       000000
__Htext18                     text18       000000
__Htext19                     text19       000000
__Htext2                      text2        000000
__Htext20                     text20       000000
__Htext21                     text21       000000
__Htext22                     text22       000000
__Htext23                     text23       000000
__Htext24                     text24       000000
__Htext25                     text25       000000
__Htext26                     text26       000000
__Htext3                      text3        000000
__Htext4                      text4        000000
__Htext5                      text5        000000
__Htext6                      text6        000000
__Htext7                      text7        000000
__Htext8                      text8        000000
__Htext9                      text9        000000
__LRAM                        (abs)        000001
__Labs1                       abs1         000000
__Lbank0                      bank0        000000
__Lbank1                      bank1        000000
__Lbank2                      bank2        000000
__Lbigbss                     bigbss       000000
__Lbigdata                    bigdata      000000
__Lbigram                     bigram       000000
__Lbss                        bss          000000
__LbssBANK0                   bssBANK0     000000
__LbssCOMRAM                  bssCOMRAM    000000
__Lcinit                      cinit        000000
__Lclrtext                    clrtext      000000
__Lcomram                     comram       000000
__Lconfig                     config       300000
__Lconst                      const        000000
__LcstackBANK0                cstackBANK0  000000
__LcstackCOMRAM               cstackCOMRAM 000000
__Ldata                       data         000000
__LdataBANK0                  dataBANK0    000000
__Leeprom_data                eeprom_data  000000
__Lfarbss                     farbss       000000
__Lfardata                    fardata      000000
__Libigdata                   ibigdata     000000
__Lidata                      idata        000000
__LidataBANK0                 idataBANK0   000000
__Lidloc                      idloc        200000
__Lifardata                   ifardata     000000
__Linit                       init         000090
__Lintcode                    intcode      000004
__Lintcode_body               intcode_body 000000
__Lintcodelo                  intcodelo    000018
__Lintentry                   intentry     000000
__Lintret                     intret       000000
__Lintsave_regs               intsave_regs 000000
__Lirdata                     irdata       000000
__Lmediumconst                mediumconst  003AE8
__LnvFARRAM                   nvFARRAM     000000
__Lnvbit                      nvbit        000000
__Lnvrram                     nvrram       000000
__Lparam                      rparam       000000
__Lpowerup                    powerup      000090
__Lram                        ram          000000
__Lramtop                     ramtop       000300
__Lrbit                       rbit         000000
__Lrbss                       rbss         000000
__Lrdata                      rdata        000000
__Lreset_vec                  reset_vec    000000
__Lrparam                     rparam       000000
__Lsfr                        sfr          000000
__Lsmallconst                 smallconst   000000
__Lspace_0                    (abs)        000000
__Lspace_1                    (abs)        000000
__Lspace_2                    (abs)        000000
__Lstack                      stack        000000
__Lstruct                     struct       000000
__Ltemp                       temp         00005B
__Ltext                       text         000000
__Ltext0                      text0        000000
__Ltext1                      text1        000000
__Ltext10                     text10       000000
__Ltext11                     text11       000000
__Ltext12                     text12       000000
__Ltext13                     text13       000000
__Ltext14                     text14       000000
__Ltext15                     text15       000000
__Ltext16                     text16       000000
__Ltext17                     text17       000000
__Ltext18                     text18       000000
__Ltext19                     text19       000000
__Ltext2                      text2        000000
__Ltext20                     text20       000000
__Ltext21                     text21       000000
__Ltext22                     text22       000000
__Ltext23                     text23       000000
__Ltext24                     text24       000000
__Ltext25                     text25       000000
__Ltext26                     text26       000000
__Ltext3                      text3        000000
__Ltext4                      text4        000000
__Ltext5                      text5        000000
__Ltext6                      text6        000000
__Ltext7                      text7        000000
__Ltext8                      text8        000000
__Ltext9                      text9        000000
__S0                          (abs)        30000E
__S1                          (abs)        0000DB
__S2                          (abs)        000000
___aodiv                      text13       0008B0
___aodiv@counter              cstackCOMRAM 000014
___aodiv@dividend             cstackCOMRAM 000004
___aodiv@divisor              cstackCOMRAM 00000C
___aodiv@quotient             cstackCOMRAM 000016
___aodiv@sign                 cstackCOMRAM 000015
___aomod                      text12       000A38
___aomod@counter              cstackCOMRAM 000014
___aomod@dividend             cstackCOMRAM 000004
___aomod@divisor              cstackCOMRAM 00000C
___aomod@sign                 cstackCOMRAM 000015
___inthi_sp                   stack        000000
___intlo_sp                   stack        000000
___lwdiv                      text21       000DBA
___lwdiv@counter              cstackCOMRAM 00000A
___lwdiv@dividend             cstackCOMRAM 000004
___lwdiv@divisor              cstackCOMRAM 000006
___lwdiv@quotient             cstackCOMRAM 000008
___lwmod                      text20       000E2E
___lwmod@counter              cstackCOMRAM 000008
___lwmod@dividend             cstackCOMRAM 000004
___lwmod@divisor              cstackCOMRAM 000006
___param_bank                 (abs)        000000
___rparam_used                (abs)        000001
___sp                         stack        000000
__accesstop                   (abs)        000060
__activetblptr                (abs)        000002
__end_of_LCDPutChar           text25       001178
__end_of_LCDPutCmd            text23       00109C
__end_of_LCDPutStr            text24       001112
__end_of_LCDWriteNibble       text26       000DBA
__end_of_LCD_Initialize       text22       000F98
__end_of___aodiv              text13       000A38
__end_of___aomod              text12       000B9C
__end_of___lwdiv              text21       000E2E
__end_of___lwmod              text20       000E92
__end_of__initialization      cinit        001010
__end_of_abs                  text11       00105E
__end_of_configureADC         text19       00119E
__end_of_configureInterrupts  text18       0011F2
__end_of_configurePWM         text17       0010D8
__end_of_configureTimer0      text16       0011B4
__end_of_configureTimer1      text15       0011DC
__end_of_configureTimer5      text14       0011C8
__end_of_digits               mediumconst  003DBB
__end_of_dtoa                 text5        0006FC
__end_of_fputc                text9        000C66
__end_of_fputs                text8        000FDC
__end_of_main                 text0        00041E
__end_of_pad                  text6        000D28
__end_of_putch                text10       0011F8
__end_of_sinusValues          mediumconst  003CE9
__end_of_sprintf              text2        000F46
__end_of_startPWM             text1        0011F6
__end_of_strlen               text7        001148
__end_of_tcInt                intcodelo    000090
__end_of_timer0PreloadValues  mediumconst  003DB1
__end_of_vfpfcnvrt            text4        0008B0
__end_of_vfprintf             text3        000EF4
__initialization              cinit        000FDC
__mediumconst                 mediumconst  003AE8
__pbssBANK0                   bssBANK0     00009C
__pbssCOMRAM                  bssCOMRAM    000057
__pcinit                      cinit        000FDC
__pcstackBANK0                cstackBANK0  000060
__pcstackCOMRAM               cstackCOMRAM 000001
__pdataBANK0                  dataBANK0    0000CB
__pidataBANK0                 idataBANK0   0011DC
__pintcodelo                  intcodelo    000018
__pmediumconst                mediumconst  003AE8
__ptext0                      text0        000094
__ptext1                      text1        0011F2
__ptext10                     text10       0011F6
__ptext11                     text11       00101E
__ptext12                     text12       000A38
__ptext13                     text13       0008B0
__ptext14                     text14       0011B4
__ptext15                     text15       0011C8
__ptext16                     text16       00119E
__ptext17                     text17       00109C
__ptext18                     text18       0011EC
__ptext19                     text19       001178
__ptext2                      text2        000EF4
__ptext20                     text20       000E2E
__ptext21                     text21       000DBA
__ptext22                     text22       000F46
__ptext23                     text23       00105E
__ptext24                     text24       0010D8
__ptext25                     text25       001148
__ptext26                     text26       000D28
__ptext3                      text3        000E92
__ptext4                      text4        0006FC
__ptext5                      text5        00041E
__ptext6                      text6        000C66
__ptext7                      text7        001112
__ptext8                      text8        000F98
__ptext9                      text9        000B9C
__ramtop                      ramtop       000300
__size_of_LCDPutChar          (abs)        000000
__size_of_LCDPutCmd           (abs)        000000
__size_of_LCDPutStr           (abs)        000000
__size_of_LCDWriteNibble      (abs)        000000
__size_of_LCD_Initialize      (abs)        000000
__size_of___aodiv             (abs)        000000
__size_of___aomod             (abs)        000000
__size_of___lwdiv             (abs)        000000
__size_of___lwmod             (abs)        000000
__size_of_abs                 (abs)        000000
__size_of_configureADC        (abs)        000000
__size_of_configureInterrupts (abs)        000000
__size_of_configurePWM        (abs)        000000
__size_of_configureTimer0     (abs)        000000
__size_of_configureTimer1     (abs)        000000
__size_of_configureTimer5     (abs)        000000
__size_of_dtoa                (abs)        000000
__size_of_fputc               (abs)        000000
__size_of_fputs               (abs)        000000
__size_of_main                (abs)        000000
__size_of_pad                 (abs)        000000
__size_of_putch               (abs)        000000
__size_of_sprintf             (abs)        000000
__size_of_startPWM            (abs)        000000
__size_of_strlen              (abs)        000000
__size_of_tcInt               (abs)        000000
__size_of_vfpfcnvrt           (abs)        000000
__size_of_vfprintf            (abs)        000000
__smallconst                  smallconst   000000
_abs                          text11       00101E
_adcPercent                   dataBANK0    0000D3
_configureADC                 text19       001178
_configureInterrupts          text18       0011EC
_configurePWM                 text17       00109C
_configureTimer0              text16       00119E
_configureTimer1              text15       0011C8
_configureTimer5              text14       0011B4
_currentPreloadIndex          bssBANK0     0000A7
_d1                           dataBANK0    0000D6
_dbuf                         bssBANK0     0000AB
_digits                       mediumconst  003DB1
_dtoa                         text5        00041E
_dtoa$1393                    cstackCOMRAM 000031
_dutyCycle                    bssBANK0     00009C
_flags                        bssCOMRAM    000059
_fputc                        text9        000B9C
_fputs                        text8        000F98
_main                         text0        000094
_maxADCVal                    dataBANK0    0000D9
_nout                         bssBANK0     0000A0
_pad                          text6        000C66
_prec                         bssCOMRAM    000057
_prevAdcPercent               dataBANK0    0000D1
_prevTimer0ReloadValue        dataBANK0    0000CB
_putch                        text10       0011F6
_refreshTime                  bssBANK0     0000A8
_shouldDisplay                bssBANK0     0000A5
_shouldUpdateDutyCycle        bssBANK0     0000A6
_shouldUpdateTimer0Preload    bssBANK0     0000A4
_sinusIndex1                  bssBANK0     0000AA
_sinusIndex2                  dataBANK0    0000D8
_sinusIndex3                  dataBANK0    0000D7
_sinusValues                  mediumconst  003AE9
_sprintf                      text2        000EF4
_startPWM                     text1        0011F2
_strlen                       text7        001112
_tcInt                        intcodelo    000018
_timer0PreloadValues          mediumconst  003CE9
_timer0ReloadValue            dataBANK0    0000CD
_timer5OverflowCount          bssBANK0     0000A9
_timer5ReloadValue            dataBANK0    0000CF
_vfpfcnvrt                    text4        0006FC
_vfprintf                     text3        000E92
_width                        bssBANK0     0000A2
abs@a                         cstackCOMRAM 000016
btemp                         temp         00005B
dtoa@d                        cstackCOMRAM 000021
dtoa@fp                       cstackCOMRAM 00001F
dtoa@i                        cstackCOMRAM 000041
dtoa@n                        cstackCOMRAM 000039
dtoa@p                        cstackCOMRAM 000033
dtoa@s                        cstackCOMRAM 000037
dtoa@w                        cstackCOMRAM 000035
end_of_initialization         cinit        001010
fputc@c                       cstackCOMRAM 000004
fputc@fp                      cstackCOMRAM 000006
fputs@c                       cstackCOMRAM 000011
fputs@fp                      cstackCOMRAM 00000F
fputs@i                       cstackCOMRAM 000012
fputs@s                       cstackCOMRAM 00000D
int$flags                     temp         00005B
intlevel0                     text         000000
intlevel1                     text         000000
intlevel2                     text         000000
intlevel3                     text         000000
main@duty                     cstackBANK0  00009B
main@i                        cstackBANK0  000099
main@noDigits                 cstackBANK0  000096
main@str1                     cstackBANK0  000086
main@str2                     cstackBANK0  000076
main@timer0ReloadValueCopy    cstackBANK0  000097
pad@buf                       cstackCOMRAM 000016
pad@fp                        cstackCOMRAM 000014
pad@i                         cstackCOMRAM 00001B
pad@p                         cstackCOMRAM 000018
pad@w                         cstackCOMRAM 00001D
sprintf@ap                    cstackBANK0  00006E
sprintf@f                     cstackBANK0  000070
sprintf@fmt                   cstackBANK0  000068
sprintf@s                     cstackBANK0  000066
stackhi                       (abs)        0002F3
stacklo                       (abs)        0000DB
start                         init         000090
start_initialization          cinit        000FDC
strlen@a                      cstackCOMRAM 000006
strlen@s                      cstackCOMRAM 000004
ttemp5                        temp         00005C
ttemp6                        temp         00005F
ttemp7                        temp         000063
vfpfcnvrt@ap                  cstackCOMRAM 000047
vfpfcnvrt@fmt                 cstackCOMRAM 000045
vfpfcnvrt@fp                  cstackCOMRAM 000043
vfpfcnvrt@ll                  cstackCOMRAM 00004B
vfprintf@ap                   cstackBANK0  000064
vfprintf@cfmt                 cstackCOMRAM 000053
vfprintf@fmt                  cstackBANK0  000062
vfprintf@fp                   cstackBANK0  000060
wtemp8                        temp         00005C


FUNCTION INFORMATION:

 *************** function _main *****************
 Defined at:
		line 367 in file "newmain.c"
 Parameters:    Size  Location     Type
		None
 Auto vars:     Size  Location     Type
  i               2   57[BANK0 ] int 
  str1           16   38[BANK0 ] unsigned char [16]
  str2           16   22[BANK0 ] unsigned char [16]
  timer0Reload    2   55[BANK0 ] unsigned int 
  noDigits        1   54[BANK0 ] unsigned char 
  duty            1   59[BANK0 ] unsigned char 
 Return value:  Size  Location     Type
                  1    wreg      void 
 Registers used:
		wreg, fsr1l, fsr1h, fsr2l, fsr2h, status,2, status,0, tblptrl, tblptrh, tblptru, prodl, prodh, cstack
 Tracked objects:
		On entry : 
		On exit  : 
		Unchanged: 
 Data sizes:     COMRAM   BANK0   BANK1   BANK2
      Params:         0       0       0       0
      Locals:         0      38       0       0
      Temps:          2       0       0       0
      Totals:         2      38       0       0
Total ram usage:       40 bytes
 Hardware stack levels required when called:    9
 This function calls:
		_LCDPutChar
		_LCDPutCmd
		_LCDPutStr
		_LCD_Initialize
		___lwdiv
		___lwmod
		_configureADC
		_configureInterrupts
		_configurePWM
		_configureTimer0
		_configureTimer1
		_configureTimer5
		_sprintf
		_startPWM
 This function is called by:
		Startup code after reset
 This function uses a non-reentrant model


 *************** function _startPWM *****************
 Defined at:
		line 253 in file "newmain.c"
 Parameters:    Size  Location     Type
		None
 Auto vars:     Size  Location     Type
		None
 Return value:  Size  Location     Type
                  1    wreg      void 
 Registers used:
		None
 Tracked objects:
		On entry : 
		On exit  : 
		Unchanged: 
 Data sizes:     COMRAM   BANK0   BANK1   BANK2
      Params:         0       0       0       0
      Locals:         0       0       0       0
      Temps:          0       0       0       0
      Totals:         0       0       0       0
Total ram usage:        0 bytes
 Hardware stack levels used:    1
 Hardware stack levels required when called:    1
 This function calls:
		Nothing
 This function is called by:
		_main
 This function uses a non-reentrant model


 *************** function _sprintf *****************
 Defined at:
		line 9 in file "C:\Program Files (x86)\Microchip\xc8\v2.10\pic\sources\c99\common\nf_sprintf.c"
 Parameters:    Size  Location     Type
  s               2    6[BANK0 ] PTR unsigned char 
		 -> main@str1(16), 
  fmt             2    8[BANK0 ] PTR const unsigned char 
		 -> STR_1(3), 
 Auto vars:     Size  Location     Type
  f               6   16[BANK0 ] struct _IO_FILE
  ap              2   14[BANK0 ] PTR void [1]
		 -> ?_sprintf(2), 
  ret             2    0        int 
 Return value:  Size  Location     Type
                  2    6[BANK0 ] int 
 Registers used:
		wreg, fsr1l, fsr1h, fsr2l, fsr2h, status,2, status,0, tblptrl, tblptrh, tblptru, cstack
 Tracked objects:
		On entry : 
		On exit  : 
		Unchanged: 
 Data sizes:     COMRAM   BANK0   BANK1   BANK2
      Params:         0       6       0       0
      Locals:         0      10       0       0
      Temps:          0       0       0       0
      Totals:         0      16       0       0
Total ram usage:       16 bytes
 Hardware stack levels used:    1
 Hardware stack levels required when called:    8
 This function calls:
		_vfprintf
 This function is called by:
		_main
 This function uses a non-reentrant model


 *************** function _vfprintf *****************
 Defined at:
		line 1368 in file "C:\Program Files (x86)\Microchip\xc8\v2.10\pic\sources\c99\common\doprnt.c"
 Parameters:    Size  Location     Type
  fp              2    0[BANK0 ] PTR struct _IO_FILE
		 -> sprintf@f(6), 
  fmt             2    2[BANK0 ] PTR const unsigned char 
		 -> STR_1(3), 
  ap              2    4[BANK0 ] PTR PTR void 
		 -> sprintf@ap(2), 
 Auto vars:     Size  Location     Type
  cfmt            2   82[COMRAM] PTR unsigned char 
		 -> STR_1(3), 
 Return value:  Size  Location     Type
                  2    0[BANK0 ] int 
 Registers used:
		wreg, fsr1l, fsr1h, fsr2l, fsr2h, status,2, status,0, tblptrl, tblptrh, tblptru, cstack
 Tracked objects:
		On entry : 
		On exit  : 
		Unchanged: 
 Data sizes:     COMRAM   BANK0   BANK1   BANK2
      Params:         0       6       0       0
      Locals:         2       0       0       0
      Temps:          0       0       0       0
      Totals:         2       6       0       0
Total ram usage:        8 bytes
 Hardware stack levels used:    1
 Hardware stack levels required when called:    7
 This function calls:
		_vfpfcnvrt
 This function is called by:
		_sprintf
 This function uses a non-reentrant model


 *************** function _vfpfcnvrt *****************
 Defined at:
		line 670 in file "C:\Program Files (x86)\Microchip\xc8\v2.10\pic\sources\c99\common\doprnt.c"
 Parameters:    Size  Location     Type
  fp              2   66[COMRAM] PTR struct _IO_FILE
		 -> sprintf@f(6), 
  fmt             2   68[COMRAM] PTR PTR unsigned char 
		 -> vfprintf@cfmt(2), 
  ap              2   70[COMRAM] PTR PTR void 
		 -> sprintf@ap(2), 
 Auto vars:     Size  Location     Type
  ll              8   74[COMRAM] long long 
  llu             8    0        unsigned long long 
  f               4    0        unsigned long long 
  vp              3    0        PTR void 
  ct              3    0        unsigned char [3]
  cp              3    0        PTR unsigned char 
  i               2    0        int 
  done            2    0        int 
  c               1    0        unsigned char 
 Return value:  Size  Location     Type
                  2   66[COMRAM] int 
 Registers used:
		wreg, fsr1l, fsr1h, fsr2l, fsr2h, status,2, status,0, tblptrl, tblptrh, tblptru, cstack
 Tracked objects:
		On entry : 
		On exit  : 
		Unchanged: 
 Data sizes:     COMRAM   BANK0   BANK1   BANK2
      Params:         6       0       0       0
      Locals:         8       0       0       0
      Temps:          2       0       0       0
      Totals:        16       0       0       0
Total ram usage:       16 bytes
 Hardware stack levels used:    1
 Hardware stack levels required when called:    6
 This function calls:
		_dtoa
		_fputc
 This function is called by:
		_vfprintf
 This function uses a non-reentrant model


 *************** function _dtoa *****************
 Defined at:
		line 274 in file "C:\Program Files (x86)\Microchip\xc8\v2.10\pic\sources\c99\common\doprnt.c"
 Parameters:    Size  Location     Type
  fp              2   30[COMRAM] PTR struct _IO_FILE
		 -> sprintf@f(6), 
  d               8   32[COMRAM] long long 
 Auto vars:     Size  Location     Type
  n               8   56[COMRAM] long long 
  i               2   64[COMRAM] int 
  s               2   54[COMRAM] int 
  w               2   52[COMRAM] int 
  p               2   50[COMRAM] int 
 Return value:  Size  Location     Type
                  2   30[COMRAM] int 
 Registers used:
		wreg, fsr1l, fsr1h, fsr2l, fsr2h, status,2, status,0, cstack
 Tracked objects:
		On entry : 
		On exit  : 
		Unchanged: 
 Data sizes:     COMRAM   BANK0   BANK1   BANK2
      Params:        10       0       0       0
      Locals:        18       0       0       0
      Temps:          8       0       0       0
      Totals:        36       0       0       0
Total ram usage:       36 bytes
 Hardware stack levels used:    1
 Hardware stack levels required when called:    5
 This function calls:
		___aodiv
		___aomod
		_abs
		_pad
 This function is called by:
		_vfpfcnvrt
 This function uses a non-reentrant model


 *************** function _pad *****************
 Defined at:
		line 72 in file "C:\Program Files (x86)\Microchip\xc8\v2.10\pic\sources\c99\common\doprnt.c"
 Parameters:    Size  Location     Type
  fp              2   19[COMRAM] PTR struct _IO_FILE
		 -> sprintf@f(6), 
  buf             2   21[COMRAM] PTR unsigned char 
		 -> dbuf(32), 
  p               2   23[COMRAM] int 
 Auto vars:     Size  Location     Type
  w               2   28[COMRAM] int 
  i               2   26[COMRAM] int 
 Return value:  Size  Location     Type
                  2   19[COMRAM] int 
 Registers used:
		wreg, fsr1l, fsr1h, fsr2l, fsr2h, status,2, status,0, cstack
 Tracked objects:
		On entry : 
		On exit  : 
		Unchanged: 
 Data sizes:     COMRAM   BANK0   BANK1   BANK2
      Params:         6       0       0       0
      Locals:         4       0       0       0
      Temps:          1       0       0       0
      Totals:        11       0       0       0
Total ram usage:       11 bytes
 Hardware stack levels used:    1
 Hardware stack levels required when called:    4
 This function calls:
		_fputc
		_fputs
		_strlen
 This function is called by:
		_dtoa
 This function uses a non-reentrant model


 *************** function _strlen *****************
 Defined at:
		line 5 in file "C:\Program Files (x86)\Microchip\xc8\v2.10\pic\sources\c99\common\strlen.c"
 Parameters:    Size  Location     Type
  s               2    3[COMRAM] PTR const unsigned char 
		 -> dbuf(32), 
 Auto vars:     Size  Location     Type
  a               2    5[COMRAM] PTR const unsigned char 
		 -> dbuf(32), 
 Return value:  Size  Location     Type
                  2    3[COMRAM] unsigned int 
 Registers used:
		wreg, fsr2l, fsr2h, status,2, status,0
 Tracked objects:
		On entry : 
		On exit  : 
		Unchanged: 
 Data sizes:     COMRAM   BANK0   BANK1   BANK2
      Params:         2       0       0       0
      Locals:         2       0       0       0
      Temps:          0       0       0       0
      Totals:         4       0       0       0
Total ram usage:        4 bytes
 Hardware stack levels used:    1
 Hardware stack levels required when called:    1
 This function calls:
		Nothing
 This function is called by:
		_pad
 This function uses a non-reentrant model


 *************** function _fputs *****************
 Defined at:
		line 8 in file "C:\Program Files (x86)\Microchip\xc8\v2.10\pic\sources\c99\common\nf_fputs.c"
 Parameters:    Size  Location     Type
  s               2   12[COMRAM] PTR const unsigned char 
		 -> dbuf(32), 
  fp              2   14[COMRAM] PTR struct _IO_FILE
		 -> sprintf@f(6), 
 Auto vars:     Size  Location     Type
  i               2   17[COMRAM] int 
  c               1   16[COMRAM] unsigned char 
 Return value:  Size  Location     Type
                  2   12[COMRAM] int 
 Registers used:
		wreg, fsr1l, fsr1h, fsr2l, fsr2h, status,2, status,0, cstack
 Tracked objects:
		On entry : 
		On exit  : 
		Unchanged: 
 Data sizes:     COMRAM   BANK0   BANK1   BANK2
      Params:         4       0       0       0
      Locals:         3       0       0       0
      Temps:          0       0       0       0
      Totals:         7       0       0       0
Total ram usage:        7 bytes
 Hardware stack levels used:    1
 Hardware stack levels required when called:    3
 This function calls:
		_fputc
 This function is called by:
		_pad
 This function uses a non-reentrant model


 *************** function _fputc *****************
 Defined at:
		line 8 in file "C:\Program Files (x86)\Microchip\xc8\v2.10\pic\sources\c99\common\nf_fputc.c"
 Parameters:    Size  Location     Type
  c               2    3[COMRAM] int 
  fp              2    5[COMRAM] PTR struct _IO_FILE
		 -> sprintf@f(6), 
 Auto vars:     Size  Location     Type
		None
 Return value:  Size  Location     Type
                  2    3[COMRAM] int 
 Registers used:
		wreg, fsr1l, fsr1h, fsr2l, fsr2h, status,2, status,0, cstack
 Tracked objects:
		On entry : 
		On exit  : 
		Unchanged: 
 Data sizes:     COMRAM   BANK0   BANK1   BANK2
      Params:         4       0       0       0
      Locals:         0       0       0       0
      Temps:          5       0       0       0
      Totals:         9       0       0       0
Total ram usage:        9 bytes
 Hardware stack levels used:    1
 Hardware stack levels required when called:    2
 This function calls:
		_putch
 This function is called by:
		_pad
		_vfpfcnvrt
		_fputs
 This function uses a non-reentrant model


 *************** function _putch *****************
 Defined at:
		line 7 in file "C:\Program Files (x86)\Microchip\xc8\v2.10\pic\sources\c99\common\putch.c"
 Parameters:    Size  Location     Type
  c               1    wreg     unsigned char 
 Auto vars:     Size  Location     Type
  c               1    0[COMRAM] unsigned char 
 Return value:  Size  Location     Type
                  1    wreg      void 
 Registers used:
		wreg
 Tracked objects:
		On entry : 
		On exit  : 
		Unchanged: 
 Data sizes:     COMRAM   BANK0   BANK1   BANK2
      Params:         0       0       0       0
      Locals:         0       0       0       0
      Temps:          0       0       0       0
      Totals:         0       0       0       0
Total ram usage:        0 bytes
 Hardware stack levels used:    1
 Hardware stack levels required when called:    1
 This function calls:
		Nothing
 This function is called by:
		_fputc
 This function uses a non-reentrant model


 *************** function _abs *****************
 Defined at:
		line 1 in file "C:\Program Files (x86)\Microchip\xc8\v2.10\pic\sources\c99\common\abs.c"
 Parameters:    Size  Location     Type
  a               2   21[COMRAM] int 
 Auto vars:     Size  Location     Type
		None
 Return value:  Size  Location     Type
                  2   21[COMRAM] int 
 Registers used:
		wreg, status,2, status,0
 Tracked objects:
		On entry : 
		On exit  : 
		Unchanged: 
 Data sizes:     COMRAM   BANK0   BANK1   BANK2
      Params:         2       0       0       0
      Locals:         0       0       0       0
      Temps:          2       0       0       0
      Totals:         4       0       0       0
Total ram usage:        4 bytes
 Hardware stack levels used:    1
 Hardware stack levels required when called:    1
 This function calls:
		Nothing
 This function is called by:
		_dtoa
 This function uses a non-reentrant model


 *************** function ___aomod *****************
 Defined at:
		line 9 in file "C:\Program Files (x86)\Microchip\xc8\v2.10\pic\sources\c99\common\aomod.c"
 Parameters:    Size  Location     Type
  dividend        8    3[COMRAM] long long 
  divisor         8   11[COMRAM] long long 
 Auto vars:     Size  Location     Type
  sign            1   20[COMRAM] unsigned char 
  counter         1   19[COMRAM] unsigned char 
 Return value:  Size  Location     Type
                  8    3[COMRAM] long long 
 Registers used:
		wreg, status,2, status,0
 Tracked objects:
		On entry : 
		On exit  : 
		Unchanged: 
 Data sizes:     COMRAM   BANK0   BANK1   BANK2
      Params:        16       0       0       0
      Locals:         2       0       0       0
      Temps:          0       0       0       0
      Totals:        18       0       0       0
Total ram usage:       18 bytes
 Hardware stack levels used:    1
 Hardware stack levels required when called:    1
 This function calls:
		Nothing
 This function is called by:
		_dtoa
 This function uses a non-reentrant model


 *************** function ___aodiv *****************
 Defined at:
		line 9 in file "C:\Program Files (x86)\Microchip\xc8\v2.10\pic\sources\c99\common\aodiv.c"
 Parameters:    Size  Location     Type
  dividend        8    3[COMRAM] long long 
  divisor         8   11[COMRAM] long long 
 Auto vars:     Size  Location     Type
  quotient        8   21[COMRAM] long long 
  sign            1   20[COMRAM] unsigned char 
  counter         1   19[COMRAM] unsigned char 
 Return value:  Size  Location     Type
                  8    3[COMRAM] long long 
 Registers used:
		wreg, fsr2l, fsr2h, status,2, status,0
 Tracked objects:
		On entry : 
		On exit  : 
		Unchanged: 
 Data sizes:     COMRAM   BANK0   BANK1   BANK2
      Params:        16       0       0       0
      Locals:        10       0       0       0
      Temps:          0       0       0       0
      Totals:        26       0       0       0
Total ram usage:       26 bytes
 Hardware stack levels used:    1
 Hardware stack levels required when called:    1
 This function calls:
		Nothing
 This function is called by:
		_dtoa
 This function uses a non-reentrant model


 *************** function _configureTimer5 *****************
 Defined at:
		line 358 in file "newmain.c"
 Parameters:    Size  Location     Type
		None
 Auto vars:     Size  Location     Type
		None
 Return value:  Size  Location     Type
                  1    wreg      void 
 Registers used:
		None
 Tracked objects:
		On entry : 
		On exit  : 
		Unchanged: 
 Data sizes:     COMRAM   BANK0   BANK1   BANK2
      Params:         0       0       0       0
      Locals:         0       0       0       0
      Temps:          0       0       0       0
      Totals:         0       0       0       0
Total ram usage:        0 bytes
 Hardware stack levels used:    1
 Hardware stack levels required when called:    1
 This function calls:
		Nothing
 This function is called by:
		_main
 This function uses a non-reentrant model


 *************** function _configureTimer1 *****************
 Defined at:
		line 347 in file "newmain.c"
 Parameters:    Size  Location     Type
		None
 Auto vars:     Size  Location     Type
		None
 Return value:  Size  Location     Type
                  1    wreg      void 
 Registers used:
		wreg, status,2
 Tracked objects:
		On entry : 
		On exit  : 
		Unchanged: 
 Data sizes:     COMRAM   BANK0   BANK1   BANK2
      Params:         0       0       0       0
      Locals:         0       0       0       0
      Temps:          0       0       0       0
      Totals:         0       0       0       0
Total ram usage:        0 bytes
 Hardware stack levels used:    1
 Hardware stack levels required when called:    1
 This function calls:
		Nothing
 This function is called by:
		_main
 This function uses a non-reentrant model


 *************** function _configureTimer0 *****************
 Defined at:
		line 329 in file "newmain.c"
 Parameters:    Size  Location     Type
		None
 Auto vars:     Size  Location     Type
		None
 Return value:  Size  Location     Type
                  1    wreg      void 
 Registers used:
		None
 Tracked objects:
		On entry : 
		On exit  : 
		Unchanged: 
 Data sizes:     COMRAM   BANK0   BANK1   BANK2
      Params:         0       0       0       0
      Locals:         0       0       0       0
      Temps:          0       0       0       0
      Totals:         0       0       0       0
Total ram usage:        0 bytes
 Hardware stack levels used:    1
 Hardware stack levels required when called:    1
 This function calls:
		Nothing
 This function is called by:
		_main
 This function uses a non-reentrant model


 *************** function _configurePWM *****************
 Defined at:
		line 147 in file "newmain.c"
 Parameters:    Size  Location     Type
		None
 Auto vars:     Size  Location     Type
		None
 Return value:  Size  Location     Type
                  1    wreg      void 
 Registers used:
		wreg, status,2
 Tracked objects:
		On entry : 
		On exit  : 
		Unchanged: 
 Data sizes:     COMRAM   BANK0   BANK1   BANK2
      Params:         0       0       0       0
      Locals:         0       0       0       0
      Temps:          0       0       0       0
      Totals:         0       0       0       0
Total ram usage:        0 bytes
 Hardware stack levels used:    1
 Hardware stack levels required when called:    1
 This function calls:
		Nothing
 This function is called by:
		_main
 This function uses a non-reentrant model


 *************** function _configureInterrupts *****************
 Defined at:
		line 265 in file "newmain.c"
 Parameters:    Size  Location     Type
		None
 Auto vars:     Size  Location     Type
		None
 Return value:  Size  Location     Type
                  1    wreg      void 
 Registers used:
		None
 Tracked objects:
		On entry : 
		On exit  : 
		Unchanged: 
 Data sizes:     COMRAM   BANK0   BANK1   BANK2
      Params:         0       0       0       0
      Locals:         0       0       0       0
      Temps:          0       0       0       0
      Totals:         0       0       0       0
Total ram usage:        0 bytes
 Hardware stack levels used:    1
 Hardware stack levels required when called:    1
 This function calls:
		Nothing
 This function is called by:
		_main
 This function uses a non-reentrant model


 *************** function _configureADC *****************
 Defined at:
		line 296 in file "newmain.c"
 Parameters:    Size  Location     Type
		None
 Auto vars:     Size  Location     Type
		None
 Return value:  Size  Location     Type
                  1    wreg      void 
 Registers used:
		wreg, status,2
 Tracked objects:
		On entry : 
		On exit  : 
		Unchanged: 
 Data sizes:     COMRAM   BANK0   BANK1   BANK2
      Params:         0       0       0       0
      Locals:         0       0       0       0
      Temps:          0       0       0       0
      Totals:         0       0       0       0
Total ram usage:        0 bytes
 Hardware stack levels used:    1
 Hardware stack levels required when called:    1
 This function calls:
		Nothing
 This function is called by:
		_main
 This function uses a non-reentrant model


 *************** function ___lwmod *****************
 Defined at:
		line 7 in file "C:\Program Files (x86)\Microchip\xc8\v2.10\pic\sources\c99\common\lwmod.c"
 Parameters:    Size  Location     Type
  dividend        2    3[COMRAM] unsigned int 
  divisor         2    5[COMRAM] unsigned int 
 Auto vars:     Size  Location     Type
  counter         1    7[COMRAM] unsigned char 
 Return value:  Size  Location     Type
                  2    3[COMRAM] unsigned int 
 Registers used:
		wreg, status,2, status,0
 Tracked objects:
		On entry : 
		On exit  : 
		Unchanged: 
 Data sizes:     COMRAM   BANK0   BANK1   BANK2
      Params:         4       0       0       0
      Locals:         1       0       0       0
      Temps:          0       0       0       0
      Totals:         5       0       0       0
Total ram usage:        5 bytes
 Hardware stack levels used:    1
 Hardware stack levels required when called:    1
 This function calls:
		Nothing
 This function is called by:
		_main
 This function uses a non-reentrant model


 *************** function ___lwdiv *****************
 Defined at:
		line 7 in file "C:\Program Files (x86)\Microchip\xc8\v2.10\pic\sources\c99\common\lwdiv.c"
 Parameters:    Size  Location     Type
  dividend        2    3[COMRAM] unsigned int 
  divisor         2    5[COMRAM] unsigned int 
 Auto vars:     Size  Location     Type
  quotient        2    7[COMRAM] unsigned int 
  counter         1    9[COMRAM] unsigned char 
 Return value:  Size  Location     Type
                  2    3[COMRAM] unsigned int 
 Registers used:
		wreg, status,2, status,0
 Tracked objects:
		On entry : 
		On exit  : 
		Unchanged: 
 Data sizes:     COMRAM   BANK0   BANK1   BANK2
      Params:         4       0       0       0
      Locals:         3       0       0       0
      Temps:          0       0       0       0
      Totals:         7       0       0       0
Total ram usage:        7 bytes
 Hardware stack levels used:    1
 Hardware stack levels required when called:    1
 This function calls:
		Nothing
 This function is called by:
		_main
 This function uses a non-reentrant model


 *************** function _LCD_Initialize *****************
 Defined at:
		line 48 in file "lcd.c"
 Parameters:    Size  Location     Type
		None
 Auto vars:     Size  Location     Type
		None
 Return value:  Size  Location     Type
                  1    wreg      void 
 Registers used:
		wreg, status,2, status,0, cstack
 Tracked objects:
		On entry : 
		On exit  : 
		Unchanged: 
 Data sizes:     COMRAM   BANK0   BANK1   BANK2
      Params:         0       0       0       0
      Locals:         0       0       0       0
      Temps:          2       0       0       0
      Totals:         2       0       0       0
Total ram usage:        2 bytes
 Hardware stack levels used:    1
 Hardware stack levels required when called:    3
 This function calls:
		_LCDPutCmd
 This function is called by:
		_main
 This function uses a non-reentrant model


 *************** function _LCDPutCmd *****************
 Defined at:
		line 132 in file "lcd.c"
 Parameters:    Size  Location     Type
  ch              1    wreg     unsigned char 
 Auto vars:     Size  Location     Type
  ch              1    7[COMRAM] unsigned char 
 Return value:  Size  Location     Type
                  1    wreg      void 
 Registers used:
		wreg, status,2, status,0, cstack
 Tracked objects:
		On entry : 
		On exit  : 
		Unchanged: 
 Data sizes:     COMRAM   BANK0   BANK1   BANK2
      Params:         0       0       0       0
      Locals:         1       0       0       0
      Temps:          1       0       0       0
      Totals:         2       0       0       0
Total ram usage:        2 bytes
 Hardware stack levels used:    1
 Hardware stack levels required when called:    2
 This function calls:
		_LCDWriteNibble
 This function is called by:
		_main
		_LCD_Initialize
		_LCDGoto
 This function uses a non-reentrant model


 *************** function _LCDPutStr *****************
 Defined at:
		line 147 in file "lcd.c"
 Parameters:    Size  Location     Type
  str             2    8[COMRAM] PTR const unsigned char 
		 -> main@str1(16), 
 Auto vars:     Size  Location     Type
  i               1   10[COMRAM] unsigned char 
 Return value:  Size  Location     Type
                  1    wreg      void 
 Registers used:
		wreg, fsr2l, fsr2h, status,2, status,0, cstack
 Tracked objects:
		On entry : 
		On exit  : 
		Unchanged: 
 Data sizes:     COMRAM   BANK0   BANK1   BANK2
      Params:         2       0       0       0
      Locals:         1       0       0       0
      Temps:          0       0       0       0
      Totals:         3       0       0       0
Total ram usage:        3 bytes
 Hardware stack levels used:    1
 Hardware stack levels required when called:    3
 This function calls:
		_LCDPutChar
 This function is called by:
		_main
 This function uses a non-reentrant model


 *************** function _LCDPutChar *****************
 Defined at:
		line 119 in file "lcd.c"
 Parameters:    Size  Location     Type
  ch              1    wreg     unsigned char 
 Auto vars:     Size  Location     Type
  ch              1    7[COMRAM] unsigned char 
 Return value:  Size  Location     Type
                  1    wreg      void 
 Registers used:
		wreg, status,2, status,0, cstack
 Tracked objects:
		On entry : 
		On exit  : 
		Unchanged: 
 Data sizes:     COMRAM   BANK0   BANK1   BANK2
      Params:         0       0       0       0
      Locals:         1       0       0       0
      Temps:          1       0       0       0
      Totals:         2       0       0       0
Total ram usage:        2 bytes
 Hardware stack levels used:    1
 Hardware stack levels required when called:    2
 This function calls:
		_LCDWriteNibble
 This function is called by:
		_main
		_LCDPutStr
 This function uses a non-reentrant model


 *************** function _LCDWriteNibble *****************
 Defined at:
		line 89 in file "lcd.c"
 Parameters:    Size  Location     Type
  ch              1    wreg     unsigned char 
  rs              1    3[COMRAM] unsigned char 
 Auto vars:     Size  Location     Type
  ch              1    5[COMRAM] unsigned char 
 Return value:  Size  Location     Type
                  1    wreg      void 
 Registers used:
		wreg, status,2, status,0
 Tracked objects:
		On entry : 
		On exit  : 
		Unchanged: 
 Data sizes:     COMRAM   BANK0   BANK1   BANK2
      Params:         1       0       0       0
      Locals:         1       0       0       0
      Temps:          1       0       0       0
      Totals:         3       0       0       0
Total ram usage:        3 bytes
 Hardware stack levels used:    1
 Hardware stack levels required when called:    1
 This function calls:
		Nothing
 This function is called by:
		_LCDPutChar
		_LCDPutCmd
 This function uses a non-reentrant model


 *************** function _tcInt *****************
 Defined at:
		line 489 in file "newmain.c"
 Parameters:    Size  Location     Type
		None
 Auto vars:     Size  Location     Type
		None
 Return value:  Size  Location     Type
                  1    wreg      void 
 Registers used:
		wreg, status,2
 Tracked objects:
		On entry : 
		On exit  : 
		Unchanged: 
 Data sizes:     COMRAM   BANK0   BANK1   BANK2
      Params:         0       0       0       0
      Locals:         0       0       0       0
      Temps:          3       0       0       0
      Totals:         3       0       0       0
Total ram usage:        3 bytes
 Hardware stack levels used:    1
 This function calls:
		Nothing
 This function is called by:
		Interrupt level 1
 This function uses a non-reentrant model



MODULE INFORMATION

Module		Function		Class		Link	Load	Size
C:\Program Files (x86)\Microchip\xc8\v2.10\pic\sources\c99\common\aodiv.c
		___aodiv       		CODE           	08B0	0000	393

C:\Program Files (x86)\Microchip\xc8\v2.10\pic\sources\c99\common\aodiv.c estimated size: 393

C:\Program Files (x86)\Microchip\xc8\v2.10\pic\sources\c99\common\lwdiv.c
		___lwdiv       		CODE           	0DBA	0000	117

C:\Program Files (x86)\Microchip\xc8\v2.10\pic\sources\c99\common\lwdiv.c estimated size: 117

C:\Program Files (x86)\Microchip\xc8\v2.10\pic\sources\c99\common\strlen.c
		_strlen        		CODE           	1112	0000	55

C:\Program Files (x86)\Microchip\xc8\v2.10\pic\sources\c99\common\strlen.c estimated size: 55

newmain.c
		_configureADC  		CODE           	1178	0000	39
		_configurePWM  		CODE           	109C	0000	61
		_startPWM      		CODE           	11F2	0000	5
		_main          		CODE           	0094	0000	907
		_configureTimer0		CODE           	119E	0000	23
		_configureTimer1		CODE           	11C8	0000	21
		_configureTimer5		CODE           	11B4	0000	21
		_configureInterrupts		CODE           	11EC	0000	7
		_tcInt         		CODE           	0018	0000	121

newmain.c estimated size: 1205

C:\Program Files (x86)\Microchip\xc8\v2.10\pic\sources\c99\common\doprnt.c
		_vfpfcnvrt     		CODE           	06FC	0000	437
		_pad           		CODE           	0C66	0000	195
		_dtoa          		CODE           	041E	0000	735
		_vfprintf      		CODE           	0E92	0000	99

C:\Program Files (x86)\Microchip\xc8\v2.10\pic\sources\c99\common\doprnt.c estimated size: 1466

C:\Program Files (x86)\Microchip\xc8\v2.10\pic\sources\c99\common\nf_fputs.c
		_fputs         		CODE           	0F98	0000	69

C:\Program Files (x86)\Microchip\xc8\v2.10\pic\sources\c99\common\nf_fputs.c estimated size: 69

shared
		_digits        		MEDIUMCONST    	3DB1	0000	11
		_sinusValues   		MEDIUMCONST    	3AE9	0000	513
		__initialization		CODE           	0FDC	0000	53
		_timer0PreloadValues		MEDIUMCONST    	3CE9	0000	201

shared estimated size: 778

C:\Program Files (x86)\Microchip\xc8\v2.10\pic\sources\c99\common\putch.c
		_putch         		CODE           	11F6	0000	3

C:\Program Files (x86)\Microchip\xc8\v2.10\pic\sources\c99\common\putch.c estimated size: 3

C:\Program Files (x86)\Microchip\xc8\v2.10\pic\sources\c99\common\aomod.c
		___aomod       		CODE           	0A38	0000	357

C:\Program Files (x86)\Microchip\xc8\v2.10\pic\sources\c99\common\aomod.c estimated size: 357

C:\Program Files (x86)\Microchip\xc8\v2.10\pic\sources\c99\common\abs.c
		_abs           		CODE           	101E	0000	65

C:\Program Files (x86)\Microchip\xc8\v2.10\pic\sources\c99\common\abs.c estimated size: 65

C:\Program Files (x86)\Microchip\xc8\v2.10\pic\sources\c99\common\nf_sprintf.c
		_sprintf       		CODE           	0EF4	0000	83

C:\Program Files (x86)\Microchip\xc8\v2.10\pic\sources\c99\common\nf_sprintf.c estimated size: 83

lcd.c
		_LCDPutCmd     		CODE           	105E	0000	63
		_LCDPutStr     		CODE           	10D8	0000	59
		_LCDPutChar    		CODE           	1148	0000	49
		_LCD_Initialize		CODE           	0F46	0000	83
		_LCDWriteNibble		CODE           	0D28	0000	147

lcd.c estimated size: 401

C:\Program Files (x86)\Microchip\xc8\v2.10\pic\sources\c99\common\lwmod.c
		___lwmod       		CODE           	0E2E	0000	101

C:\Program Files (x86)\Microchip\xc8\v2.10\pic\sources\c99\common\lwmod.c estimated size: 101

C:\Program Files (x86)\Microchip\xc8\v2.10\pic\sources\c99\common\nf_fputc.c
		_fputc         		CODE           	0B9C	0000	203

C:\Program Files (x86)\Microchip\xc8\v2.10\pic\sources\c99\common\nf_fputc.c estimated size: 203

