Microchip MPLAB XC8 Compiler V2.10 ()

Linker command line:

-W-3 --edf=C:\Program Files (x86)\Microchip\xc8\v2.10\pic\dat\en_msgs.txt \
  -cs -h+dist/default/production\control_motor.production.sym \
  --cmf=dist/default/production\control_motor.production.cmf -z -Q18F4431 \
  -oC:\Users\ape\AppData\Local\Temp\sfa0.2 --defsym=__MPLAB_BUILD=1 \
  -Mdist/default/production/control_motor.production.map -E1 -ver=XC8 \
  --acfsm=1493 -ASTACK=0120h-02FFh -pstack=STACK -ACODE=00h-03FFFh \
  -ACONST=00h-03FFFh -ASMALLCONST=0300h-03FFhx61 -AMEDIUMCONST=0300h-03FFFh \
  -ACOMRAM=01h-05Fh -AABS1=00h-02FFh -ABIGRAM=01h-02FFh \
  -ARAM=060h-0FFh,0100h-01FFhx2 -ABANK0=060h-0FFh -ABANK1=0100h-01FFh \
  -ABANK2=0200h-02FFh -ASFR=0F60h-0FFFh \
  -preset_vec=00h,intcode,intcodelo=018h,powerup,init -pramtop=0300h \
  -psmallconst=SMALLCONST -pmediumconst=MEDIUMCONST -pconst=CONST \
  -AFARRAM=00h-00h -ACONFIG=0300000h-030000Dh -pconfig=CONFIG \
  -AIDLOC=0200000h-0200007h -pidloc=IDLOC -AEEDATA=0F00000h-0F000FFh \
  -peeprom_data=EEDATA \
  -prdata=COMRAM,nvrram=COMRAM,nvbit=COMRAM,rbss=COMRAM,rbit=COMRAM \
  -pfarbss=FARRAM,fardata=FARRAM,nvFARRAM=FARRAM \
  -pintsave_regs=BIGRAM,bigbss=BIGRAM,bigdata=BIGRAM -pbss=RAM \
  -pidata=CODE,irdata=CODE,ibigdata=CODE,ifardata=CODE -prparam=COMRAM \
  C:\Users\ape\AppData\Local\Temp\sfa0.o \
  dist/default/production\control_motor.production.o 

Object code version is 3.11

Machine type is 18F4431

Call graph: (short form)




                Name                               Link     Load   Length Selector   Space Scale
C:\Users\ape\AppData\Local\Temp\sfa0.o
                init                                124      124        4        C       0
                reset_vec                             0        0        4        0       0
                idloc                            200000   200000        8   200000       0
                config                           300000   300000        E   300000       0
dist/default/production\control_motor.production.o
                intcodelo                            18       18      10C        C       0
                temp                                 46       46        1        1       1
                mediumconst                        3CC4     3CC4      33C     1E62       0
                text34                              FB2      FB2       74        C       0
                text33                              40C      40C      232        C       0
                text31                              E28      E28       92        C       0
                text30                             1366     1366       3E        C       0
                text29                             11B0     11B0       52        C       0
                text28                             1444     1444       28        C       0
                text27                             14C8     14C8        A      A5D       0
                text26                             14D8     14D8        6      A5D       0
                text25                             129A     129A       46        C       0
                text24                             146C     146C       16        C       0
                text23                             1496     1496       14        C       0
                text22                             14BA     14BA        E      A5D       0
                text21                             1482     1482       14        C       0
                text20                             1414     1414       30        C       0
                text19                             13A4     13A4       3A        C       0
                text18                              F3E      F3E       74        C       0
                text17                             1098     1098       64        C       0
                text16                              9A8      9A8      18A        C       0
                text15                              B32      B32      164        C       0
                text14                             1324     1324       42        C       0
                text13                             14E2     14E2        2      A5D       0
                text12                              C96      C96       CA        C       0
                text11                             12E0     12E0       44        C       0
                text10                             13DE     13DE       36        C       0
                text9                               D60      D60       C8        C       0
                text8                               128      128      2E4        C       0
                text7                               63E      63E      1B6        C       0
                text6                              10FC     10FC       62        C       0
                text5                              115E     115E       52        C       0
                text4                               7F4      7F4      1B4        C       0
                text3                              1202     1202       4E        C       0
                text2                              14DE     14DE        4      A5D       0
                text1                               EBA      EBA       84        C       0
                text0                              1250     1250       4A        C       0
                cstackCOMRAM                          1        1       2B        1       1
                cstackBANK0                          60       60       8D       60       1
                bssBANK1                            100      100       20      100       1
                dataBANK0                            F8       F8        6       60       1
                bssBANK0                             ED       ED        B       60       1
                dataCOMRAM                           2C       2C        F        1       1
                bssCOMRAM                            3B       3B        B        1       1
                cinit                              1026     1026       72        C       0
                idataBANK0                         14D2     14D2        6      A5D       0
                idataCOMRAM                        14AA     14AA        F        C       0

TOTAL           Name                               Link     Load   Length     Space
        CLASS   STACK          

        CLASS   CODE           
                intcodelo                            18       18      10C         0
                init                                124      124        4         0
                reset_vec                             0        0        4         0
                text34                              FB2      FB2       74         0
                text33                              40C      40C      232         0
                text31                              E28      E28       92         0
                text30                             1366     1366       3E         0
                text29                             11B0     11B0       52         0
                text28                             1444     1444       28         0
                text27                             14C8     14C8        A         0
                text26                             14D8     14D8        6         0
                text25                             129A     129A       46         0
                text24                             146C     146C       16         0
                text23                             1496     1496       14         0
                text22                             14BA     14BA        E         0
                text21                             1482     1482       14         0
                text20                             1414     1414       30         0
                text19                             13A4     13A4       3A         0
                text18                              F3E      F3E       74         0
                text17                             1098     1098       64         0
                text16                              9A8      9A8      18A         0
                text15                              B32      B32      164         0
                text14                             1324     1324       42         0
                text13                             14E2     14E2        2         0
                text12                              C96      C96       CA         0
                text11                             12E0     12E0       44         0
                text10                             13DE     13DE       36         0
                text9                               D60      D60       C8         0
                text8                               128      128      2E4         0
                text7                               63E      63E      1B6         0
                text6                              10FC     10FC       62         0
                text5                              115E     115E       52         0
                text4                               7F4      7F4      1B4         0
                text3                              1202     1202       4E         0
                text2                              14DE     14DE        4         0
                text1                               EBA      EBA       84         0
                text0                              1250     1250       4A         0
                cinit                              1026     1026       72         0
                idataBANK0                         14D2     14D2        6         0
                idataCOMRAM                        14AA     14AA        F         0

        CLASS   CONST          

        CLASS   SMALLCONST     

        CLASS   MEDIUMCONST    
                mediumconst                        3CC4     3CC4      33C         0

        CLASS   COMRAM         
                temp                                 46       46        1         1
                cstackCOMRAM                          1        1       2B         1
                dataCOMRAM                           2C       2C        F         1
                bssCOMRAM                            3B       3B        B         1

        CLASS   ABS1           

        CLASS   BIGRAM         

        CLASS   RAM            

        CLASS   BANK0          
                cstackBANK0                          60       60       8D         1
                dataBANK0                            F8       F8        6         1
                bssBANK0                             ED       ED        B         1

        CLASS   BANK1          
                bssBANK1                            100      100       20         1

        CLASS   BANK2          

        CLASS   SFR            

        CLASS   FARRAM         

        CLASS   CONFIG         
                config                           300000   300000        E         0

        CLASS   IDLOC          
                idloc                            200000   200000        8         0

        CLASS   EEDATA         



SEGMENTS        Name                           Load    Length   Top    Selector   Space  Class

                reset_vec                      000000  000004  000004         0       0  CODE    
                cstackCOMRAM                   000001  000046  000047         1       1  COMRAM  
                intcodelo                      000018  0014A1  0014B9         C       0  CODE    
                cstackBANK0                    000060  00009E  0000FE        60       1  BANK0   
                bssBANK1                       000100  000020  000120       100       1  BANK1   
                text22                         0014BA  00002A  0014E4       A5D       0  CODE    
                mediumconst                    003CC4  00033C  004000      1E62       0  MEDIUMCO
                idloc                          200000  000008  200008    200000       0  IDLOC   
                config                         300000  00000E  30000E    300000       0  CONFIG  


UNUSED ADDRESS RANGES

        Name                Unused          Largest block    Delta
        BANK0            0000FE-0000FF                2
        BANK1            000120-0001FF               E0
        BANK2            000200-0002FF              100
        BIGRAM           000047-00005F               19
                         0000FE-0000FF                2
                         000120-0002FF              1E0
        CODE             000004-000017               14
                         0014B9-0014B9                1
                         0014E4-003CC3             27E0
        COMRAM           000047-00005F               19
        CONST            000004-000017               14
                         0014B9-0014B9                1
                         0014E4-003CC3             27E0
        EEDATA           F00000-F000FF              100
        MEDIUMCONST      0014B9-0014B9                1
                         0014E4-003CC3             27E0
        RAM              0000FE-0000FF                2
                         000120-0002FF               E0
        SFR              000F60-000FFF               A0
        SMALLCONST       0014B9-0014B9                1
                         0014E4-003CC3              100
        STACK            000120-0002FF              1E0

                                  Symbol Table

?___aodiv                             cstackCOMRAM 00001A
?___aomod                             cstackCOMRAM 00001A
?___lwdiv                             cstackCOMRAM 00001A
?___lwmod                             cstackCOMRAM 00001A
?_abs                                 cstackBANK0  000060
?_dtoa                                cstackBANK0  00006A
?_pad                                 cstackBANK0  000060
?_sprintf                             cstackBANK0  0000A6
?_strlen                              cstackCOMRAM 00001A
?_vfpfcnvrt                           cstackBANK0  00008E
?_vfprintf                            cstackBANK0  00009E
?i1___lwdiv                           cstackCOMRAM 000001
LCDPutChar@ch                         cstackCOMRAM 00001E
LCDPutCmd@ch                          cstackCOMRAM 00001E
LCDPutStr@i                           cstackCOMRAM 000021
LCDPutStr@str                         cstackCOMRAM 00001F
LCDWriteNibble@ch                     cstackCOMRAM 00001C
LCDWriteNibble@rs                     cstackCOMRAM 00001A
_ADCHSbits                            (abs)        000F99
_ADCON0bits                           (abs)        000FC2
_ADCON1                               (abs)        000FC1
_ADCON2bits                           (abs)        000FC0
_ADCON3bits                           (abs)        000F9A
_ADRESH                               (abs)        000FC4
_ANSEL0bits                           (abs)        000FB8
_DTCON                                (abs)        000F6D
_DTCONbits                            (abs)        000F6D
_INTCON2bits                          (abs)        000FF1
_INTCONbits                           (abs)        000FF2
_LATB                                 (abs)        000F8A
_LCDPutChar                           text20       001414
_LCDPutCmd                            text30       001366
_LCDPutStr                            text19       0013A4
_LCDWriteNibble                       text31       000E28
_LCD_Initialize                       text29       0011B0
_OVDCOND                              (abs)        000F6B
_OVDCONS                              (abs)        000F6A
_PDC0H                                (abs)        000F78
_PDC0L                                (abs)        000F79
_PDC1H                                (abs)        000F76
_PDC1L                                (abs)        000F77
_PDC2H                                (abs)        000F74
_PDC2L                                (abs)        000F75
_PIE1bits                             (abs)        000F9D
_PIE3bits                             (abs)        000FA3
_PIR1bits                             (abs)        000F9E
_PIR3bits                             (abs)        000FA4
_PORTAbits                            (abs)        000F80
_PORTB                                (abs)        000F81
_PORTCbits                            (abs)        000F82
_PORTDbits                            (abs)        000F83
_PTCON0bits                           (abs)        000F7F
_PTCON1bits                           (abs)        000F7E
_PTPERH                               (abs)        000F7A
_PTPERL                               (abs)        000F7B
_PWMCON0bits                          (abs)        000F6F
_PWMCON1bits                          (abs)        000F6E
_PrevADRESH                           dataCOMRAM   000034
_T0CONbits                            (abs)        000FD5
_T1CONbits                            (abs)        000FCD
_T2CONbits                            (abs)        000FCA
_T5CONbits                            (abs)        000FB7
_TMR0                                 (abs)        000FD6
_TMR1                                 (abs)        000FCE
_TMR2                                 (abs)        000FCC
_TMR5                                 (abs)        000F87
_TRISAbits                            (abs)        000F92
_TRISB                                (abs)        000F93
_TRISCbits                            (abs)        000F94
_TRISDbits                            (abs)        000F95
__CFG_BOREN$OFF                       (abs)        000000
__CFG_CP0$OFF                         (abs)        000000
__CFG_CP1$OFF                         (abs)        000000
__CFG_CP2$OFF                         (abs)        000000
__CFG_CP3$OFF                         (abs)        000000
__CFG_CPB$OFF                         (abs)        000000
__CFG_CPD$OFF                         (abs)        000000
__CFG_EBTR0$OFF                       (abs)        000000
__CFG_EBTR1$OFF                       (abs)        000000
__CFG_EBTR2$OFF                       (abs)        000000
__CFG_EBTR3$OFF                       (abs)        000000
__CFG_EBTRB$OFF                       (abs)        000000
__CFG_EXCLKMX$RC3                     (abs)        000000
__CFG_FCMEN$OFF                       (abs)        000000
__CFG_FLTAMX$RC1                      (abs)        000000
__CFG_HPOL$HIGH                       (abs)        000000
__CFG_IESO$OFF                        (abs)        000000
__CFG_LPOL$HIGH                       (abs)        000000
__CFG_LVP$OFF                         (abs)        000000
__CFG_MCLRE$OFF                       (abs)        000000
__CFG_OSC$HSPLL                       (abs)        000000
__CFG_PWM4MX$RB5                      (abs)        000000
__CFG_PWMPIN$ON                       (abs)        000000
__CFG_PWRTEN$OFF                      (abs)        000000
__CFG_SSPMX$RC7                       (abs)        000000
__CFG_STVREN$OFF                      (abs)        000000
__CFG_T1OSCMX$ON                      (abs)        000000
__CFG_WDPS$32768                      (abs)        000000
__CFG_WDTEN$OFF                       (abs)        000000
__CFG_WINEN$OFF                       (abs)        000000
__CFG_WRT0$OFF                        (abs)        000000
__CFG_WRT1$OFF                        (abs)        000000
__CFG_WRT2$OFF                        (abs)        000000
__CFG_WRT3$OFF                        (abs)        000000
__CFG_WRTB$OFF                        (abs)        000000
__CFG_WRTC$OFF                        (abs)        000000
__CFG_WRTD$OFF                        (abs)        000000
__HRAM                                (abs)        000000
__Habs1                               abs1         000000
__Hbank0                              bank0        000000
__Hbank1                              bank1        000000
__Hbank2                              bank2        000000
__Hbigbss                             bigbss       000000
__Hbigdata                            bigdata      000000
__Hbigram                             bigram       000000
__Hbss                                bss          000000
__HbssBANK0                           bssBANK0     000000
__HbssBANK1                           bssBANK1     000000
__HbssCOMRAM                          bssCOMRAM    000000
__Hcinit                              cinit        000000
__Hclrtext                            clrtext      000000
__Hcomram                             comram       000000
__Hconfig                             config       30000E
__Hconst                              const        000000
__HcstackBANK0                        cstackBANK0  000000
__HcstackCOMRAM                       cstackCOMRAM 000000
__Hdata                               data         000000
__HdataBANK0                          dataBANK0    000000
__HdataCOMRAM                         dataCOMRAM   000000
__Heeprom_data                        eeprom_data  000000
__Hfarbss                             farbss       000000
__Hfardata                            fardata      000000
__Hibigdata                           ibigdata     000000
__Hidata                              idata        000000
__HidataBANK0                         idataBANK0   000000
__HidataCOMRAM                        idataCOMRAM  000000
__Hidloc                              idloc        200008
__Hifardata                           ifardata     000000
__Hinit                               init         000128
__Hintcode                            intcode      000004
__Hintcode_body                       intcode_body 000000
__Hintcodelo                          intcodelo    000124
__Hintentry                           intentry     000000
__Hintret                             intret       000000
__Hintsave_regs                       intsave_regs 000000
__Hirdata                             irdata       000000
__Hmediumconst                        mediumconst  004000
__HnvFARRAM                           nvFARRAM     000000
__Hnvbit                              nvbit        000000
__Hnvrram                             nvrram       000000
__Hparam                              rparam       000000
__Hpowerup                            powerup      000124
__Hram                                ram          000000
__Hramtop                             ramtop       000300
__Hrbit                               rbit         000000
__Hrbss                               rbss         000000
__Hrdata                              rdata        000000
__Hreset_vec                          reset_vec    000004
__Hrparam                             rparam       000000
__Hsfr                                sfr          000000
__Hsmallconst                         smallconst   000000
__Hspace_0                            (abs)        30000E
__Hspace_1                            (abs)        000120
__Hspace_2                            (abs)        000000
__Hstack                              stack        000000
__Hstruct                             struct       000000
__Htemp                               temp         000047
__Htext                               text         000000
__Htext0                              text0        000000
__Htext1                              text1        000000
__Htext10                             text10       000000
__Htext11                             text11       000000
__Htext12                             text12       000000
__Htext13                             text13       000000
__Htext14                             text14       000000
__Htext15                             text15       000000
__Htext16                             text16       000000
__Htext17                             text17       000000
__Htext18                             text18       000000
__Htext19                             text19       000000
__Htext2                              text2        000000
__Htext20                             text20       000000
__Htext21                             text21       000000
__Htext22                             text22       000000
__Htext23                             text23       000000
__Htext24                             text24       000000
__Htext25                             text25       000000
__Htext26                             text26       000000
__Htext27                             text27       000000
__Htext28                             text28       000000
__Htext29                             text29       000000
__Htext3                              text3        000000
__Htext30                             text30       000000
__Htext31                             text31       000000
__Htext33                             text33       000000
__Htext34                             text34       000000
__Htext4                              text4        000000
__Htext5                              text5        000000
__Htext6                              text6        000000
__Htext7                              text7        000000
__Htext8                              text8        000000
__Htext9                              text9        000000
__LRAM                                (abs)        000001
__Labs1                               abs1         000000
__Lbank0                              bank0        000000
__Lbank1                              bank1        000000
__Lbank2                              bank2        000000
__Lbigbss                             bigbss       000000
__Lbigdata                            bigdata      000000
__Lbigram                             bigram       000000
__Lbss                                bss          000000
__LbssBANK0                           bssBANK0     000000
__LbssBANK1                           bssBANK1     000000
__LbssCOMRAM                          bssCOMRAM    000000
__Lcinit                              cinit        000000
__Lclrtext                            clrtext      000000
__Lcomram                             comram       000000
__Lconfig                             config       300000
__Lconst                              const        000000
__LcstackBANK0                        cstackBANK0  000000
__LcstackCOMRAM                       cstackCOMRAM 000000
__Ldata                               data         000000
__LdataBANK0                          dataBANK0    000000
__LdataCOMRAM                         dataCOMRAM   000000
__Leeprom_data                        eeprom_data  000000
__Lfarbss                             farbss       000000
__Lfardata                            fardata      000000
__Libigdata                           ibigdata     000000
__Lidata                              idata        000000
__LidataBANK0                         idataBANK0   000000
__LidataCOMRAM                        idataCOMRAM  000000
__Lidloc                              idloc        200000
__Lifardata                           ifardata     000000
__Linit                               init         000124
__Lintcode                            intcode      000004
__Lintcode_body                       intcode_body 000000
__Lintcodelo                          intcodelo    000018
__Lintentry                           intentry     000000
__Lintret                             intret       000000
__Lintsave_regs                       intsave_regs 000000
__Lirdata                             irdata       000000
__Lmediumconst                        mediumconst  003CC4
__LnvFARRAM                           nvFARRAM     000000
__Lnvbit                              nvbit        000000
__Lnvrram                             nvrram       000000
__Lparam                              rparam       000000
__Lpowerup                            powerup      000124
__Lram                                ram          000000
__Lramtop                             ramtop       000300
__Lrbit                               rbit         000000
__Lrbss                               rbss         000000
__Lrdata                              rdata        000000
__Lreset_vec                          reset_vec    000000
__Lrparam                             rparam       000000
__Lsfr                                sfr          000000
__Lsmallconst                         smallconst   000000
__Lspace_0                            (abs)        000000
__Lspace_1                            (abs)        000000
__Lspace_2                            (abs)        000000
__Lstack                              stack        000000
__Lstruct                             struct       000000
__Ltemp                               temp         000046
__Ltext                               text         000000
__Ltext0                              text0        000000
__Ltext1                              text1        000000
__Ltext10                             text10       000000
__Ltext11                             text11       000000
__Ltext12                             text12       000000
__Ltext13                             text13       000000
__Ltext14                             text14       000000
__Ltext15                             text15       000000
__Ltext16                             text16       000000
__Ltext17                             text17       000000
__Ltext18                             text18       000000
__Ltext19                             text19       000000
__Ltext2                              text2        000000
__Ltext20                             text20       000000
__Ltext21                             text21       000000
__Ltext22                             text22       000000
__Ltext23                             text23       000000
__Ltext24                             text24       000000
__Ltext25                             text25       000000
__Ltext26                             text26       000000
__Ltext27                             text27       000000
__Ltext28                             text28       000000
__Ltext29                             text29       000000
__Ltext3                              text3        000000
__Ltext30                             text30       000000
__Ltext31                             text31       000000
__Ltext33                             text33       000000
__Ltext34                             text34       000000
__Ltext4                              text4        000000
__Ltext5                              text5        000000
__Ltext6                              text6        000000
__Ltext7                              text7        000000
__Ltext8                              text8        000000
__Ltext9                              text9        000000
__S0                                  (abs)        30000E
__S1                                  (abs)        000120
__S2                                  (abs)        000000
___aodiv                              text16       0009A8
___aodiv@counter                      cstackBANK0  000060
___aodiv@dividend                     cstackCOMRAM 00001A
___aodiv@divisor                      cstackCOMRAM 000022
___aodiv@quotient                     cstackBANK0  000062
___aodiv@sign                         cstackBANK0  000061
___aomod                              text15       000B32
___aomod@counter                      cstackCOMRAM 00002A
___aomod@dividend                     cstackCOMRAM 00001A
___aomod@divisor                      cstackCOMRAM 000022
___aomod@sign                         cstackCOMRAM 00002B
___inthi_sp                           stack        000000
___intlo_sp                           stack        000000
___lwdiv                              text18       000F3E
___lwdiv@counter                      cstackCOMRAM 000020
___lwdiv@dividend                     cstackCOMRAM 00001A
___lwdiv@divisor                      cstackCOMRAM 00001C
___lwdiv@quotient                     cstackCOMRAM 00001E
___lwmod                              text17       001098
___lwmod@counter                      cstackCOMRAM 00001E
___lwmod@dividend                     cstackCOMRAM 00001A
___lwmod@divisor                      cstackCOMRAM 00001C
___param_bank                         (abs)        000000
___rparam_used                        (abs)        000001
___sp                                 stack        000000
__accesstop                           (abs)        000060
__activetblptr                        (abs)        000002
__end_of_LCDPutChar                   text20       001444
__end_of_LCDPutCmd                    text30       0013A4
__end_of_LCDPutStr                    text19       0013DE
__end_of_LCDWriteNibble               text31       000EBA
__end_of_LCD_Initialize               text29       001202
__end_of___aodiv                      text16       000B32
__end_of___aomod                      text15       000C96
__end_of___lwdiv                      text18       000FB2
__end_of___lwmod                      text17       0010FC
__end_of__initialization              cinit        00108A
__end_of_abs                          text14       001366
__end_of_configureADC                 text28       00146C
__end_of_configureInputs              text27       0014D2
__end_of_configureInterrupts          text26       0014DE
__end_of_configurePWM                 text25       0012E0
__end_of_configureTimer0              text24       001482
__end_of_configureTimer1              text23       0014AA
__end_of_configureTimer2              text22       0014C8
__end_of_configureTimer5              text21       001496
__end_of_digits                       mediumconst  003FFB
__end_of_display                      text4        0009A8
__end_of_dtoa                         text8        00040C
__end_of_fputc                        text12       000D60
__end_of_fputs                        text11       001324
__end_of_main                         text0        00129A
__end_of_pad                          text9        000E28
__end_of_putch                        text13       0014E4
__end_of_readADC                      text3        001250
__end_of_scaleFactor                  mediumconst  003FF1
__end_of_sinusValues                  mediumconst  003EC5
__end_of_sprintf                      text5        0011B0
__end_of_startPWM                     text2        0014E2
__end_of_strlen                       text10       001414
__end_of_tcInt                        intcodelo    000124
__end_of_timer0PreloadValues          mediumconst  003F8D
__end_of_updateSinusIndexes           text33       00063E
__end_of_updateTMR0PreloadValue       text1        000F3E
__end_of_vfpfcnvrt                    text7        0007F4
__end_of_vfprintf                     text6        00115E
__end_ofi1___lwdiv                    text34       001026
__initialization                      cinit        001026
__mediumconst                         mediumconst  003CC4
__pbssBANK0                           bssBANK0     0000ED
__pbssBANK1                           bssBANK1     000100
__pbssCOMRAM                          bssCOMRAM    00003B
__pcinit                              cinit        001026
__pcstackBANK0                        cstackBANK0  000060
__pcstackCOMRAM                       cstackCOMRAM 000001
__pdataBANK0                          dataBANK0    0000F8
__pdataCOMRAM                         dataCOMRAM   00002C
__pidataBANK0                         idataBANK0   0014D2
__pidataCOMRAM                        idataCOMRAM  0014AA
__pintcodelo                          intcodelo    000018
__pmediumconst                        mediumconst  003CC4
__ptext0                              text0        001250
__ptext1                              text1        000EBA
__ptext10                             text10       0013DE
__ptext11                             text11       0012E0
__ptext12                             text12       000C96
__ptext13                             text13       0014E2
__ptext14                             text14       001324
__ptext15                             text15       000B32
__ptext16                             text16       0009A8
__ptext17                             text17       001098
__ptext18                             text18       000F3E
__ptext19                             text19       0013A4
__ptext2                              text2        0014DE
__ptext20                             text20       001414
__ptext21                             text21       001482
__ptext22                             text22       0014BA
__ptext23                             text23       001496
__ptext24                             text24       00146C
__ptext25                             text25       00129A
__ptext26                             text26       0014D8
__ptext27                             text27       0014C8
__ptext28                             text28       001444
__ptext29                             text29       0011B0
__ptext3                              text3        001202
__ptext30                             text30       001366
__ptext31                             text31       000E28
__ptext33                             text33       00040C
__ptext34                             text34       000FB2
__ptext4                              text4        0007F4
__ptext5                              text5        00115E
__ptext6                              text6        0010FC
__ptext7                              text7        00063E
__ptext8                              text8        000128
__ptext9                              text9        000D60
__ramtop                              ramtop       000300
__size_of_LCDPutChar                  (abs)        000000
__size_of_LCDPutCmd                   (abs)        000000
__size_of_LCDPutStr                   (abs)        000000
__size_of_LCDWriteNibble              (abs)        000000
__size_of_LCD_Initialize              (abs)        000000
__size_of___aodiv                     (abs)        000000
__size_of___aomod                     (abs)        000000
__size_of___lwdiv                     (abs)        000000
__size_of___lwmod                     (abs)        000000
__size_of_abs                         (abs)        000000
__size_of_configureADC                (abs)        000000
__size_of_configureInputs             (abs)        000000
__size_of_configureInterrupts         (abs)        000000
__size_of_configurePWM                (abs)        000000
__size_of_configureTimer0             (abs)        000000
__size_of_configureTimer1             (abs)        000000
__size_of_configureTimer2             (abs)        000000
__size_of_configureTimer5             (abs)        000000
__size_of_display                     (abs)        000000
__size_of_dtoa                        (abs)        000000
__size_of_fputc                       (abs)        000000
__size_of_fputs                       (abs)        000000
__size_of_main                        (abs)        000000
__size_of_pad                         (abs)        000000
__size_of_putch                       (abs)        000000
__size_of_readADC                     (abs)        000000
__size_of_sprintf                     (abs)        000000
__size_of_startPWM                    (abs)        000000
__size_of_strlen                      (abs)        000000
__size_of_tcInt                       (abs)        000000
__size_of_updateSinusIndexes          (abs)        000000
__size_of_updateTMR0PreloadValue      (abs)        000000
__size_of_vfpfcnvrt                   (abs)        000000
__size_of_vfprintf                    (abs)        000000
__size_ofi1___lwdiv                   (abs)        000000
__smallconst                          smallconst   000000
_abs                                  text14       001324
_adcPercent                           dataBANK0    0000FC
_configureADC                         text28       001444
_configureInputs                      text27       0014C8
_configureInterrupts                  text26       0014D8
_configurePWM                         text25       00129A
_configureTimer0                      text24       00146C
_configureTimer1                      text23       001496
_configureTimer2                      text22       0014BA
_configureTimer5                      text21       001482
_counter                              bssCOMRAM    000041
_currentPreloadIndex                  bssBANK0     0000F6
_d1                                   dataCOMRAM   000035
_dbuf                                 bssBANK1     000100
_digits                               mediumconst  003FF1
_display                              text4        0007F4
_dtoa                                 text8        000128
_dtoa$1539                            cstackBANK0  00007C
_dutyCycle                            bssBANK0     0000ED
_flags                                bssCOMRAM    00003D
_fputc                                text12       000C96
_fputs                                text11       0012E0
_main                                 text0        001250
_maxADCVal                            dataCOMRAM   000039
_nout                                 bssBANK0     0000F1
_pad                                  text9        000D60
_prec                                 bssCOMRAM    00003B
_prevAdcPercent                       dataBANK0    0000FA
_prevTimer0ReloadValue                dataBANK0    0000F8
_putch                                text13       0014E2
_readADC                              text3        001202
_refreshTime                          bssBANK0     0000F7
_scaleFactor                          mediumconst  003F8D
_shouldDisplay                        bssBANK0     0000F5
_shouldUpdateDutyCycle                bssCOMRAM    000043
_shouldUpdateTimer0Preload            bssCOMRAM    000042
_sinusIndex1                          bssCOMRAM    000045
_sinusIndex2                          dataCOMRAM   000037
_sinusIndex3                          dataCOMRAM   000036
_sinusValue1                          bssCOMRAM    00003F
_sinusValue2                          dataCOMRAM   000032
_sinusValue3                          dataCOMRAM   000030
_sinusValues                          mediumconst  003CC5
_skipValue                            dataCOMRAM   000038
_sprintf                              text5        00115E
_startPWM                             text2        0014DE
_strlen                               text10       0013DE
_tcInt                                intcodelo    000018
_timer0PreloadValues                  mediumconst  003EC5
_timer0ReloadValue                    dataCOMRAM   00002C
_timer5OverflowCount                  bssCOMRAM    000044
_timer5ReloadValue                    dataCOMRAM   00002E
_updateSinusIndexes                   text33       00040C
_updateTMR0PreloadValue               text1        000EBA
_vfpfcnvrt                            text7        00063E
_vfprintf                             text6        0010FC
_width                                bssBANK0     0000F3
abs@a                                 cstackBANK0  000060
btemp                                 temp         000046
display@i                             cstackBANK0  0000EB
display@noDigits                      cstackBANK0  0000E8
display@str1                          cstackBANK0  0000C8
display@str2                          cstackBANK0  0000B8
display@str3                          cstackBANK0  0000D8
display@timer0ReloadValueCopy         cstackBANK0  0000E9
dtoa@d                                cstackBANK0  00006C
dtoa@fp                               cstackBANK0  00006A
dtoa@i                                cstackBANK0  00008C
dtoa@n                                cstackBANK0  000084
dtoa@p                                cstackBANK0  00007E
dtoa@s                                cstackBANK0  000082
dtoa@w                                cstackBANK0  000080
end_of_initialization                 cinit        00108A
fputc@c                               cstackCOMRAM 00001A
fputc@fp                              cstackCOMRAM 00001C
fputs@c                               cstackCOMRAM 000027
fputs@fp                              cstackCOMRAM 000025
fputs@i                               cstackCOMRAM 000028
fputs@s                               cstackCOMRAM 000023
i1___lwdiv                            text34       000FB2
i1___lwdiv@counter                    cstackCOMRAM 000007
i1___lwdiv@dividend                   cstackCOMRAM 000001
i1___lwdiv@divisor                    cstackCOMRAM 000003
i1___lwdiv@quotient                   cstackCOMRAM 000005
int$flags                             temp         000046
intlevel0                             text         000000
intlevel1                             text         000000
intlevel2                             text         000000
intlevel3                             text         000000
pad@buf                               cstackBANK0  000062
pad@fp                                cstackBANK0  000060
pad@i                                 cstackBANK0  000066
pad@p                                 cstackBANK0  000064
pad@w                                 cstackBANK0  000068
sprintf@ap                            cstackBANK0  0000AE
sprintf@f                             cstackBANK0  0000B0
sprintf@fmt                           cstackBANK0  0000A8
sprintf@s                             cstackBANK0  0000A6
stackhi                               (abs)        0002FF
stacklo                               (abs)        000120
start                                 init         000124
start_initialization                  cinit        001026
strlen@a                              cstackCOMRAM 00001C
strlen@s                              cstackCOMRAM 00001A
tcInt@duty                            cstackCOMRAM 000019
ttemp5                                temp         000047
ttemp6                                temp         00004A
ttemp7                                temp         00004E
updateSinusIndexes@currentScalefactor cstackCOMRAM 00000A
vfpfcnvrt@ap                          cstackBANK0  000092
vfpfcnvrt@fmt                         cstackBANK0  000090
vfpfcnvrt@fp                          cstackBANK0  00008E
vfpfcnvrt@ll                          cstackBANK0  000096
vfprintf@ap                           cstackBANK0  0000A2
vfprintf@cfmt                         cstackBANK0  0000A4
vfprintf@fmt                          cstackBANK0  0000A0
vfprintf@fp                           cstackBANK0  00009E
wtemp8                                temp         000047


FUNCTION INFORMATION:

 *************** function _main *****************
 Defined at:
		line 318 in file "newmain.c"
 Parameters:    Size  Location     Type
		None
 Auto vars:     Size  Location     Type
		None
 Return value:  Size  Location     Type
                  1    wreg      void 
 Registers used:
		wreg, fsr1l, fsr1h, fsr2l, fsr2h, status,2, status,0, tblptrl, tblptrh, tblptru, prodl, prodh, cstack
 Tracked objects:
		On entry : 
		On exit  : 
		Unchanged: 
 Data sizes:     COMRAM   BANK0   BANK1   BANK2
      Params:         0       0       0       0
      Locals:         0       0       0       0
      Temps:          0       0       0       0
      Totals:         0       0       0       0
Total ram usage:        0 bytes
 Hardware stack levels required when called:   12
 This function calls:
		_LCD_Initialize
		_configureADC
		_configureInputs
		_configureInterrupts
		_configurePWM
		_configureTimer0
		_configureTimer1
		_configureTimer2
		_configureTimer5
		_display
		_readADC
		_startPWM
		_updateTMR0PreloadValue
 This function is called by:
		Startup code after reset
 This function uses a non-reentrant model


 *************** function _updateTMR0PreloadValue *****************
 Defined at:
		line 485 in file "newmain.c"
 Parameters:    Size  Location     Type
		None
 Auto vars:     Size  Location     Type
		None
 Return value:  Size  Location     Type
                  1    wreg      void 
 Registers used:
		wreg, status,2, status,0, tblptrl, tblptrh, tblptru, prodl, prodh
 Tracked objects:
		On entry : 
		On exit  : 
		Unchanged: 
 Data sizes:     COMRAM   BANK0   BANK1   BANK2
      Params:         0       0       0       0
      Locals:         0       0       0       0
      Temps:          2       0       0       0
      Totals:         2       0       0       0
Total ram usage:        2 bytes
 Hardware stack levels used:    1
 Hardware stack levels required when called:    3
 This function calls:
		Nothing
 This function is called by:
		_main
 This function uses a non-reentrant model


 *************** function _startPWM *****************
 Defined at:
		line 215 in file "newmain.c"
 Parameters:    Size  Location     Type
		None
 Auto vars:     Size  Location     Type
		None
 Return value:  Size  Location     Type
                  1    wreg      void 
 Registers used:
		None
 Tracked objects:
		On entry : 
		On exit  : 
		Unchanged: 
 Data sizes:     COMRAM   BANK0   BANK1   BANK2
      Params:         0       0       0       0
      Locals:         0       0       0       0
      Temps:          0       0       0       0
      Totals:         0       0       0       0
Total ram usage:        0 bytes
 Hardware stack levels used:    1
 Hardware stack levels required when called:    3
 This function calls:
		Nothing
 This function is called by:
		_main
 This function uses a non-reentrant model


 *************** function _readADC *****************
 Defined at:
		line 501 in file "newmain.c"
 Parameters:    Size  Location     Type
		None
 Auto vars:     Size  Location     Type
		None
 Return value:  Size  Location     Type
                  1    wreg      void 
 Registers used:
		wreg, status,2, status,0, prodl, prodh, cstack
 Tracked objects:
		On entry : 
		On exit  : 
		Unchanged: 
 Data sizes:     COMRAM   BANK0   BANK1   BANK2
      Params:         0       0       0       0
      Locals:         0       0       0       0
      Temps:          1       0       0       0
      Totals:         1       0       0       0
Total ram usage:        1 bytes
 Hardware stack levels used:    1
 Hardware stack levels required when called:    4
 This function calls:
		___lwdiv
 This function is called by:
		_main
 This function uses a non-reentrant model


 *************** function _display *****************
 Defined at:
		line 446 in file "newmain.c"
 Parameters:    Size  Location     Type
		None
 Auto vars:     Size  Location     Type
  i               2  139[BANK0 ] int 
  str3           16  120[BANK0 ] unsigned char [16]
  str1           16  104[BANK0 ] unsigned char [16]
  str2           16   88[BANK0 ] unsigned char [16]
  timer0Reload    2  137[BANK0 ] unsigned int 
  noDigits        1  136[BANK0 ] unsigned char 
 Return value:  Size  Location     Type
                  1    wreg      void 
 Registers used:
		wreg, fsr1l, fsr1h, fsr2l, fsr2h, status,2, status,0, tblptrl, tblptrh, tblptru, cstack
 Tracked objects:
		On entry : 
		On exit  : 
		Unchanged: 
 Data sizes:     COMRAM   BANK0   BANK1   BANK2
      Params:         0       0       0       0
      Locals:         0      53       0       0
      Temps:          0       2       0       0
      Totals:         0      55       0       0
Total ram usage:       55 bytes
 Hardware stack levels used:    1
 Hardware stack levels required when called:   11
 This function calls:
		_LCDPutChar
		_LCDPutCmd
		_LCDPutStr
		___lwdiv
		___lwmod
		_sprintf
 This function is called by:
		_main
 This function uses a non-reentrant model


 *************** function _sprintf *****************
 Defined at:
		line 9 in file "C:\Program Files (x86)\Microchip\xc8\v2.10\pic\sources\c99\common\nf_sprintf.c"
 Parameters:    Size  Location     Type
  s               2   70[BANK0 ] PTR unsigned char 
		 -> display@str1(16), display@str3(16), 
  fmt             2   72[BANK0 ] PTR const unsigned char 
		 -> STR_2(3), STR_1(3), 
 Auto vars:     Size  Location     Type
  f               6   80[BANK0 ] struct _IO_FILE
  ap              2   78[BANK0 ] PTR void [1]
		 -> ?_sprintf(2), 
  ret             2    0        int 
 Return value:  Size  Location     Type
                  2   70[BANK0 ] int 
 Registers used:
		wreg, fsr1l, fsr1h, fsr2l, fsr2h, status,2, status,0, tblptrl, tblptrh, tblptru, cstack
 Tracked objects:
		On entry : 
		On exit  : 
		Unchanged: 
 Data sizes:     COMRAM   BANK0   BANK1   BANK2
      Params:         0       6       0       0
      Locals:         0      10       0       0
      Temps:          0       0       0       0
      Totals:         0      16       0       0
Total ram usage:       16 bytes
 Hardware stack levels used:    1
 Hardware stack levels required when called:   10
 This function calls:
		_vfprintf
 This function is called by:
		_display
 This function uses a non-reentrant model


 *************** function _vfprintf *****************
 Defined at:
		line 1368 in file "C:\Program Files (x86)\Microchip\xc8\v2.10\pic\sources\c99\common\doprnt.c"
 Parameters:    Size  Location     Type
  fp              2   62[BANK0 ] PTR struct _IO_FILE
		 -> sprintf@f(6), 
  fmt             2   64[BANK0 ] PTR const unsigned char 
		 -> STR_2(3), STR_1(3), 
  ap              2   66[BANK0 ] PTR PTR void 
		 -> sprintf@ap(2), 
 Auto vars:     Size  Location     Type
  cfmt            2   68[BANK0 ] PTR unsigned char 
		 -> STR_2(3), STR_1(3), 
 Return value:  Size  Location     Type
                  2   62[BANK0 ] int 
 Registers used:
		wreg, fsr1l, fsr1h, fsr2l, fsr2h, status,2, status,0, tblptrl, tblptrh, tblptru, cstack
 Tracked objects:
		On entry : 
		On exit  : 
		Unchanged: 
 Data sizes:     COMRAM   BANK0   BANK1   BANK2
      Params:         0       6       0       0
      Locals:         0       2       0       0
      Temps:          0       0       0       0
      Totals:         0       8       0       0
Total ram usage:        8 bytes
 Hardware stack levels used:    1
 Hardware stack levels required when called:    9
 This function calls:
		_vfpfcnvrt
 This function is called by:
		_sprintf
 This function uses a non-reentrant model


 *************** function _vfpfcnvrt *****************
 Defined at:
		line 670 in file "C:\Program Files (x86)\Microchip\xc8\v2.10\pic\sources\c99\common\doprnt.c"
 Parameters:    Size  Location     Type
  fp              2   46[BANK0 ] PTR struct _IO_FILE
		 -> sprintf@f(6), 
  fmt             2   48[BANK0 ] PTR PTR unsigned char 
		 -> vfprintf@cfmt(2), 
  ap              2   50[BANK0 ] PTR PTR void 
		 -> sprintf@ap(2), 
 Auto vars:     Size  Location     Type
  ll              8   54[BANK0 ] long long 
  llu             8    0        unsigned long long 
  f               4    0        unsigned long long 
  vp              3    0        PTR void 
  ct              3    0        unsigned char [3]
  cp              3    0        PTR unsigned char 
  i               2    0        int 
  done            2    0        int 
  c               1    0        unsigned char 
 Return value:  Size  Location     Type
                  2   46[BANK0 ] int 
 Registers used:
		wreg, fsr1l, fsr1h, fsr2l, fsr2h, status,2, status,0, tblptrl, tblptrh, tblptru, cstack
 Tracked objects:
		On entry : 
		On exit  : 
		Unchanged: 
 Data sizes:     COMRAM   BANK0   BANK1   BANK2
      Params:         0       6       0       0
      Locals:         0       8       0       0
      Temps:          0       2       0       0
      Totals:         0      16       0       0
Total ram usage:       16 bytes
 Hardware stack levels used:    1
 Hardware stack levels required when called:    8
 This function calls:
		_dtoa
		_fputc
 This function is called by:
		_vfprintf
 This function uses a non-reentrant model


 *************** function _dtoa *****************
 Defined at:
		line 274 in file "C:\Program Files (x86)\Microchip\xc8\v2.10\pic\sources\c99\common\doprnt.c"
 Parameters:    Size  Location     Type
  fp              2   10[BANK0 ] PTR struct _IO_FILE
		 -> sprintf@f(6), 
  d               8   12[BANK0 ] long long 
 Auto vars:     Size  Location     Type
  n               8   36[BANK0 ] long long 
  i               2   44[BANK0 ] int 
  s               2   34[BANK0 ] int 
  w               2   32[BANK0 ] int 
  p               2   30[BANK0 ] int 
 Return value:  Size  Location     Type
                  2   10[BANK0 ] int 
 Registers used:
		wreg, fsr1l, fsr1h, fsr2l, fsr2h, status,2, status,0, cstack
 Tracked objects:
		On entry : 
		On exit  : 
		Unchanged: 
 Data sizes:     COMRAM   BANK0   BANK1   BANK2
      Params:         0      10       0       0
      Locals:         0      18       0       0
      Temps:          0       8       0       0
      Totals:         0      36       0       0
Total ram usage:       36 bytes
 Hardware stack levels used:    1
 Hardware stack levels required when called:    7
 This function calls:
		___aodiv
		___aomod
		_abs
		_pad
 This function is called by:
		_vfpfcnvrt
 This function uses a non-reentrant model


 *************** function _pad *****************
 Defined at:
		line 72 in file "C:\Program Files (x86)\Microchip\xc8\v2.10\pic\sources\c99\common\doprnt.c"
 Parameters:    Size  Location     Type
  fp              2    0[BANK0 ] PTR struct _IO_FILE
		 -> sprintf@f(6), 
  buf             2    2[BANK0 ] PTR unsigned char 
		 -> dbuf(32), 
  p               2    4[BANK0 ] int 
 Auto vars:     Size  Location     Type
  w               2    8[BANK0 ] int 
  i               2    6[BANK0 ] int 
 Return value:  Size  Location     Type
                  2    0[BANK0 ] int 
 Registers used:
		wreg, fsr1l, fsr1h, fsr2l, fsr2h, status,2, status,0, cstack
 Tracked objects:
		On entry : 
		On exit  : 
		Unchanged: 
 Data sizes:     COMRAM   BANK0   BANK1   BANK2
      Params:         0       6       0       0
      Locals:         0       4       0       0
      Temps:          1       0       0       0
      Totals:         1      10       0       0
Total ram usage:       11 bytes
 Hardware stack levels used:    1
 Hardware stack levels required when called:    6
 This function calls:
		_fputc
		_fputs
		_strlen
 This function is called by:
		_dtoa
 This function uses a non-reentrant model


 *************** function _strlen *****************
 Defined at:
		line 5 in file "C:\Program Files (x86)\Microchip\xc8\v2.10\pic\sources\c99\common\strlen.c"
 Parameters:    Size  Location     Type
  s               2   25[COMRAM] PTR const unsigned char 
		 -> dbuf(32), 
 Auto vars:     Size  Location     Type
  a               2   27[COMRAM] PTR const unsigned char 
		 -> dbuf(32), 
 Return value:  Size  Location     Type
                  2   25[COMRAM] unsigned int 
 Registers used:
		wreg, fsr2l, fsr2h, status,2, status,0
 Tracked objects:
		On entry : 
		On exit  : 
		Unchanged: 
 Data sizes:     COMRAM   BANK0   BANK1   BANK2
      Params:         2       0       0       0
      Locals:         2       0       0       0
      Temps:          0       0       0       0
      Totals:         4       0       0       0
Total ram usage:        4 bytes
 Hardware stack levels used:    1
 Hardware stack levels required when called:    3
 This function calls:
		Nothing
 This function is called by:
		_pad
 This function uses a non-reentrant model


 *************** function _fputs *****************
 Defined at:
		line 8 in file "C:\Program Files (x86)\Microchip\xc8\v2.10\pic\sources\c99\common\nf_fputs.c"
 Parameters:    Size  Location     Type
  s               2   34[COMRAM] PTR const unsigned char 
		 -> dbuf(32), 
  fp              2   36[COMRAM] PTR struct _IO_FILE
		 -> sprintf@f(6), 
 Auto vars:     Size  Location     Type
  i               2   39[COMRAM] int 
  c               1   38[COMRAM] unsigned char 
 Return value:  Size  Location     Type
                  2   34[COMRAM] int 
 Registers used:
		wreg, fsr1l, fsr1h, fsr2l, fsr2h, status,2, status,0, cstack
 Tracked objects:
		On entry : 
		On exit  : 
		Unchanged: 
 Data sizes:     COMRAM   BANK0   BANK1   BANK2
      Params:         4       0       0       0
      Locals:         3       0       0       0
      Temps:          0       0       0       0
      Totals:         7       0       0       0
Total ram usage:        7 bytes
 Hardware stack levels used:    1
 Hardware stack levels required when called:    5
 This function calls:
		_fputc
 This function is called by:
		_pad
 This function uses a non-reentrant model


 *************** function _fputc *****************
 Defined at:
		line 8 in file "C:\Program Files (x86)\Microchip\xc8\v2.10\pic\sources\c99\common\nf_fputc.c"
 Parameters:    Size  Location     Type
  c               2   25[COMRAM] int 
  fp              2   27[COMRAM] PTR struct _IO_FILE
		 -> sprintf@f(6), 
 Auto vars:     Size  Location     Type
		None
 Return value:  Size  Location     Type
                  2   25[COMRAM] int 
 Registers used:
		wreg, fsr1l, fsr1h, fsr2l, fsr2h, status,2, status,0, cstack
 Tracked objects:
		On entry : 
		On exit  : 
		Unchanged: 
 Data sizes:     COMRAM   BANK0   BANK1   BANK2
      Params:         4       0       0       0
      Locals:         0       0       0       0
      Temps:          5       0       0       0
      Totals:         9       0       0       0
Total ram usage:        9 bytes
 Hardware stack levels used:    1
 Hardware stack levels required when called:    4
 This function calls:
		_putch
 This function is called by:
		_pad
		_vfpfcnvrt
		_fputs
 This function uses a non-reentrant model


 *************** function _putch *****************
 Defined at:
		line 7 in file "C:\Program Files (x86)\Microchip\xc8\v2.10\pic\sources\c99\common\putch.c"
 Parameters:    Size  Location     Type
  c               1    wreg     unsigned char 
 Auto vars:     Size  Location     Type
  c               1    0[COMRAM] unsigned char 
 Return value:  Size  Location     Type
                  1    wreg      void 
 Registers used:
		wreg
 Tracked objects:
		On entry : 
		On exit  : 
		Unchanged: 
 Data sizes:     COMRAM   BANK0   BANK1   BANK2
      Params:         0       0       0       0
      Locals:         0       0       0       0
      Temps:          0       0       0       0
      Totals:         0       0       0       0
Total ram usage:        0 bytes
 Hardware stack levels used:    1
 Hardware stack levels required when called:    3
 This function calls:
		Nothing
 This function is called by:
		_fputc
 This function uses a non-reentrant model


 *************** function _abs *****************
 Defined at:
		line 1 in file "C:\Program Files (x86)\Microchip\xc8\v2.10\pic\sources\c99\common\abs.c"
 Parameters:    Size  Location     Type
  a               2    0[BANK0 ] int 
 Auto vars:     Size  Location     Type
		None
 Return value:  Size  Location     Type
                  2    0[BANK0 ] int 
 Registers used:
		wreg, status,2, status,0
 Tracked objects:
		On entry : 
		On exit  : 
		Unchanged: 
 Data sizes:     COMRAM   BANK0   BANK1   BANK2
      Params:         0       2       0       0
      Locals:         0       0       0       0
      Temps:          0       2       0       0
      Totals:         0       4       0       0
Total ram usage:        4 bytes
 Hardware stack levels used:    1
 Hardware stack levels required when called:    3
 This function calls:
		Nothing
 This function is called by:
		_dtoa
 This function uses a non-reentrant model


 *************** function ___aomod *****************
 Defined at:
		line 9 in file "C:\Program Files (x86)\Microchip\xc8\v2.10\pic\sources\c99\common\aomod.c"
 Parameters:    Size  Location     Type
  dividend        8   25[COMRAM] long long 
  divisor         8   33[COMRAM] long long 
 Auto vars:     Size  Location     Type
  sign            1   42[COMRAM] unsigned char 
  counter         1   41[COMRAM] unsigned char 
 Return value:  Size  Location     Type
                  8   25[COMRAM] long long 
 Registers used:
		wreg, status,2, status,0
 Tracked objects:
		On entry : 
		On exit  : 
		Unchanged: 
 Data sizes:     COMRAM   BANK0   BANK1   BANK2
      Params:        16       0       0       0
      Locals:         2       0       0       0
      Temps:          0       0       0       0
      Totals:        18       0       0       0
Total ram usage:       18 bytes
 Hardware stack levels used:    1
 Hardware stack levels required when called:    3
 This function calls:
		Nothing
 This function is called by:
		_dtoa
 This function uses a non-reentrant model


 *************** function ___aodiv *****************
 Defined at:
		line 9 in file "C:\Program Files (x86)\Microchip\xc8\v2.10\pic\sources\c99\common\aodiv.c"
 Parameters:    Size  Location     Type
  dividend        8   25[COMRAM] long long 
  divisor         8   33[COMRAM] long long 
 Auto vars:     Size  Location     Type
  quotient        8    2[BANK0 ] long long 
  sign            1    1[BANK0 ] unsigned char 
  counter         1    0[BANK0 ] unsigned char 
 Return value:  Size  Location     Type
                  8   25[COMRAM] long long 
 Registers used:
		wreg, fsr2l, fsr2h, status,2, status,0
 Tracked objects:
		On entry : 
		On exit  : 
		Unchanged: 
 Data sizes:     COMRAM   BANK0   BANK1   BANK2
      Params:        16       0       0       0
      Locals:         0      10       0       0
      Temps:          0       0       0       0
      Totals:        16      10       0       0
Total ram usage:       26 bytes
 Hardware stack levels used:    1
 Hardware stack levels required when called:    3
 This function calls:
		Nothing
 This function is called by:
		_dtoa
 This function uses a non-reentrant model


 *************** function ___lwmod *****************
 Defined at:
		line 7 in file "C:\Program Files (x86)\Microchip\xc8\v2.10\pic\sources\c99\common\lwmod.c"
 Parameters:    Size  Location     Type
  dividend        2   25[COMRAM] unsigned int 
  divisor         2   27[COMRAM] unsigned int 
 Auto vars:     Size  Location     Type
  counter         1   29[COMRAM] unsigned char 
 Return value:  Size  Location     Type
                  2   25[COMRAM] unsigned int 
 Registers used:
		wreg, status,2, status,0
 Tracked objects:
		On entry : 
		On exit  : 
		Unchanged: 
 Data sizes:     COMRAM   BANK0   BANK1   BANK2
      Params:         4       0       0       0
      Locals:         1       0       0       0
      Temps:          0       0       0       0
      Totals:         5       0       0       0
Total ram usage:        5 bytes
 Hardware stack levels used:    1
 Hardware stack levels required when called:    3
 This function calls:
		Nothing
 This function is called by:
		_display
 This function uses a non-reentrant model


 *************** function ___lwdiv *****************
 Defined at:
		line 7 in file "C:\Program Files (x86)\Microchip\xc8\v2.10\pic\sources\c99\common\lwdiv.c"
 Parameters:    Size  Location     Type
  dividend        2   25[COMRAM] unsigned int 
  divisor         2   27[COMRAM] unsigned int 
 Auto vars:     Size  Location     Type
  quotient        2   29[COMRAM] unsigned int 
  counter         1   31[COMRAM] unsigned char 
 Return value:  Size  Location     Type
                  2   25[COMRAM] unsigned int 
 Registers used:
		wreg, status,2, status,0
 Tracked objects:
		On entry : 
		On exit  : 
		Unchanged: 
 Data sizes:     COMRAM   BANK0   BANK1   BANK2
      Params:         4       0       0       0
      Locals:         3       0       0       0
      Temps:          0       0       0       0
      Totals:         7       0       0       0
Total ram usage:        7 bytes
 Hardware stack levels used:    1
 Hardware stack levels required when called:    3
 This function calls:
		Nothing
 This function is called by:
		_display
		_readADC
 This function uses a non-reentrant model


 *************** function _LCDPutStr *****************
 Defined at:
		line 147 in file "lcd.c"
 Parameters:    Size  Location     Type
  str             2   30[COMRAM] PTR const unsigned char 
		 -> display@str1(16), display@str3(16), 
 Auto vars:     Size  Location     Type
  i               1   32[COMRAM] unsigned char 
 Return value:  Size  Location     Type
                  1    wreg      void 
 Registers used:
		wreg, fsr2l, fsr2h, status,2, status,0, cstack
 Tracked objects:
		On entry : 
		On exit  : 
		Unchanged: 
 Data sizes:     COMRAM   BANK0   BANK1   BANK2
      Params:         2       0       0       0
      Locals:         1       0       0       0
      Temps:          0       0       0       0
      Totals:         3       0       0       0
Total ram usage:        3 bytes
 Hardware stack levels used:    1
 Hardware stack levels required when called:    5
 This function calls:
		_LCDPutChar
 This function is called by:
		_display
 This function uses a non-reentrant model


 *************** function _LCDPutChar *****************
 Defined at:
		line 119 in file "lcd.c"
 Parameters:    Size  Location     Type
  ch              1    wreg     unsigned char 
 Auto vars:     Size  Location     Type
  ch              1   29[COMRAM] unsigned char 
 Return value:  Size  Location     Type
                  1    wreg      void 
 Registers used:
		wreg, status,2, status,0, cstack
 Tracked objects:
		On entry : 
		On exit  : 
		Unchanged: 
 Data sizes:     COMRAM   BANK0   BANK1   BANK2
      Params:         0       0       0       0
      Locals:         1       0       0       0
      Temps:          1       0       0       0
      Totals:         2       0       0       0
Total ram usage:        2 bytes
 Hardware stack levels used:    1
 Hardware stack levels required when called:    4
 This function calls:
		_LCDWriteNibble
 This function is called by:
		_display
		_LCDPutStr
 This function uses a non-reentrant model


 *************** function _configureTimer5 *****************
 Defined at:
		line 291 in file "newmain.c"
 Parameters:    Size  Location     Type
		None
 Auto vars:     Size  Location     Type
		None
 Return value:  Size  Location     Type
                  1    wreg      void 
 Registers used:
		None
 Tracked objects:
		On entry : 
		On exit  : 
		Unchanged: 
 Data sizes:     COMRAM   BANK0   BANK1   BANK2
      Params:         0       0       0       0
      Locals:         0       0       0       0
      Temps:          0       0       0       0
      Totals:         0       0       0       0
Total ram usage:        0 bytes
 Hardware stack levels used:    1
 Hardware stack levels required when called:    3
 This function calls:
		Nothing
 This function is called by:
		_main
 This function uses a non-reentrant model


 *************** function _configureTimer2 *****************
 Defined at:
		line 308 in file "newmain.c"
 Parameters:    Size  Location     Type
		None
 Auto vars:     Size  Location     Type
		None
 Return value:  Size  Location     Type
                  1    wreg      void 
 Registers used:
		wreg, status,2
 Tracked objects:
		On entry : 
		On exit  : 
		Unchanged: 
 Data sizes:     COMRAM   BANK0   BANK1   BANK2
      Params:         0       0       0       0
      Locals:         0       0       0       0
      Temps:          0       0       0       0
      Totals:         0       0       0       0
Total ram usage:        0 bytes
 Hardware stack levels used:    1
 Hardware stack levels required when called:    3
 This function calls:
		Nothing
 This function is called by:
		_main
 This function uses a non-reentrant model


 *************** function _configureTimer1 *****************
 Defined at:
		line 280 in file "newmain.c"
 Parameters:    Size  Location     Type
		None
 Auto vars:     Size  Location     Type
		None
 Return value:  Size  Location     Type
                  1    wreg      void 
 Registers used:
		wreg, status,2
 Tracked objects:
		On entry : 
		On exit  : 
		Unchanged: 
 Data sizes:     COMRAM   BANK0   BANK1   BANK2
      Params:         0       0       0       0
      Locals:         0       0       0       0
      Temps:          0       0       0       0
      Totals:         0       0       0       0
Total ram usage:        0 bytes
 Hardware stack levels used:    1
 Hardware stack levels required when called:    3
 This function calls:
		Nothing
 This function is called by:
		_main
 This function uses a non-reentrant model


 *************** function _configureTimer0 *****************
 Defined at:
		line 262 in file "newmain.c"
 Parameters:    Size  Location     Type
		None
 Auto vars:     Size  Location     Type
		None
 Return value:  Size  Location     Type
                  1    wreg      void 
 Registers used:
		None
 Tracked objects:
		On entry : 
		On exit  : 
		Unchanged: 
 Data sizes:     COMRAM   BANK0   BANK1   BANK2
      Params:         0       0       0       0
      Locals:         0       0       0       0
      Temps:          0       0       0       0
      Totals:         0       0       0       0
Total ram usage:        0 bytes
 Hardware stack levels used:    1
 Hardware stack levels required when called:    3
 This function calls:
		Nothing
 This function is called by:
		_main
 This function uses a non-reentrant model


 *************** function _configurePWM *****************
 Defined at:
		line 130 in file "newmain.c"
 Parameters:    Size  Location     Type
		None
 Auto vars:     Size  Location     Type
		None
 Return value:  Size  Location     Type
                  1    wreg      void 
 Registers used:
		wreg, status,2, status,0
 Tracked objects:
		On entry : 
		On exit  : 
		Unchanged: 
 Data sizes:     COMRAM   BANK0   BANK1   BANK2
      Params:         0       0       0       0
      Locals:         0       0       0       0
      Temps:          0       0       0       0
      Totals:         0       0       0       0
Total ram usage:        0 bytes
 Hardware stack levels used:    1
 Hardware stack levels required when called:    3
 This function calls:
		Nothing
 This function is called by:
		_main
 This function uses a non-reentrant model


 *************** function _configureInterrupts *****************
 Defined at:
		line 223 in file "newmain.c"
 Parameters:    Size  Location     Type
		None
 Auto vars:     Size  Location     Type
		None
 Return value:  Size  Location     Type
                  1    wreg      void 
 Registers used:
		None
 Tracked objects:
		On entry : 
		On exit  : 
		Unchanged: 
 Data sizes:     COMRAM   BANK0   BANK1   BANK2
      Params:         0       0       0       0
      Locals:         0       0       0       0
      Temps:          0       0       0       0
      Totals:         0       0       0       0
Total ram usage:        0 bytes
 Hardware stack levels used:    1
 Hardware stack levels required when called:    3
 This function calls:
		Nothing
 This function is called by:
		_main
 This function uses a non-reentrant model


 *************** function _configureInputs *****************
 Defined at:
		line 300 in file "newmain.c"
 Parameters:    Size  Location     Type
		None
 Auto vars:     Size  Location     Type
		None
 Return value:  Size  Location     Type
                  1    wreg      void 
 Registers used:
		None
 Tracked objects:
		On entry : 
		On exit  : 
		Unchanged: 
 Data sizes:     COMRAM   BANK0   BANK1   BANK2
      Params:         0       0       0       0
      Locals:         0       0       0       0
      Temps:          0       0       0       0
      Totals:         0       0       0       0
Total ram usage:        0 bytes
 Hardware stack levels used:    1
 Hardware stack levels required when called:    3
 This function calls:
		Nothing
 This function is called by:
		_main
 This function uses a non-reentrant model


 *************** function _configureADC *****************
 Defined at:
		line 228 in file "newmain.c"
 Parameters:    Size  Location     Type
		None
 Auto vars:     Size  Location     Type
		None
 Return value:  Size  Location     Type
                  1    wreg      void 
 Registers used:
		wreg, status,2
 Tracked objects:
		On entry : 
		On exit  : 
		Unchanged: 
 Data sizes:     COMRAM   BANK0   BANK1   BANK2
      Params:         0       0       0       0
      Locals:         0       0       0       0
      Temps:          0       0       0       0
      Totals:         0       0       0       0
Total ram usage:        0 bytes
 Hardware stack levels used:    1
 Hardware stack levels required when called:    3
 This function calls:
		Nothing
 This function is called by:
		_main
 This function uses a non-reentrant model


 *************** function _LCD_Initialize *****************
 Defined at:
		line 48 in file "lcd.c"
 Parameters:    Size  Location     Type
		None
 Auto vars:     Size  Location     Type
		None
 Return value:  Size  Location     Type
                  1    wreg      void 
 Registers used:
		wreg, status,2, status,0, cstack
 Tracked objects:
		On entry : 
		On exit  : 
		Unchanged: 
 Data sizes:     COMRAM   BANK0   BANK1   BANK2
      Params:         0       0       0       0
      Locals:         0       0       0       0
      Temps:          2       0       0       0
      Totals:         2       0       0       0
Total ram usage:        2 bytes
 Hardware stack levels used:    1
 Hardware stack levels required when called:    5
 This function calls:
		_LCDPutCmd
 This function is called by:
		_main
 This function uses a non-reentrant model


 *************** function _LCDPutCmd *****************
 Defined at:
		line 132 in file "lcd.c"
 Parameters:    Size  Location     Type
  ch              1    wreg     unsigned char 
 Auto vars:     Size  Location     Type
  ch              1   29[COMRAM] unsigned char 
 Return value:  Size  Location     Type
                  1    wreg      void 
 Registers used:
		wreg, status,2, status,0, cstack
 Tracked objects:
		On entry : 
		On exit  : 
		Unchanged: 
 Data sizes:     COMRAM   BANK0   BANK1   BANK2
      Params:         0       0       0       0
      Locals:         1       0       0       0
      Temps:          1       0       0       0
      Totals:         2       0       0       0
Total ram usage:        2 bytes
 Hardware stack levels used:    1
 Hardware stack levels required when called:    4
 This function calls:
		_LCDWriteNibble
 This function is called by:
		_display
		_LCD_Initialize
		_LCDGoto
 This function uses a non-reentrant model


 *************** function _LCDWriteNibble *****************
 Defined at:
		line 89 in file "lcd.c"
 Parameters:    Size  Location     Type
  ch              1    wreg     unsigned char 
  rs              1   25[COMRAM] unsigned char 
 Auto vars:     Size  Location     Type
  ch              1   27[COMRAM] unsigned char 
 Return value:  Size  Location     Type
                  1    wreg      void 
 Registers used:
		wreg, status,2, status,0
 Tracked objects:
		On entry : 
		On exit  : 
		Unchanged: 
 Data sizes:     COMRAM   BANK0   BANK1   BANK2
      Params:         1       0       0       0
      Locals:         1       0       0       0
      Temps:          1       0       0       0
      Totals:         3       0       0       0
Total ram usage:        3 bytes
 Hardware stack levels used:    1
 Hardware stack levels required when called:    3
 This function calls:
		Nothing
 This function is called by:
		_LCDPutChar
		_LCDPutCmd
 This function uses a non-reentrant model


 *************** function _tcInt *****************
 Defined at:
		line 370 in file "newmain.c"
 Parameters:    Size  Location     Type
		None
 Auto vars:     Size  Location     Type
  duty            1   24[COMRAM] unsigned char 
 Return value:  Size  Location     Type
                  1    wreg      void 
 Registers used:
		wreg, status,2, status,0, tblptrl, tblptrh, tblptru, prodl, prodh, cstack
 Tracked objects:
		On entry : 
		On exit  : 
		Unchanged: 
 Data sizes:     COMRAM   BANK0   BANK1   BANK2
      Params:         0       0       0       0
      Locals:         1       0       0       0
      Temps:          9       0       0       0
      Totals:        10       0       0       0
Total ram usage:       10 bytes
 Hardware stack levels used:    1
 Hardware stack levels required when called:    2
 This function calls:
		_updateSinusIndexes
 This function is called by:
		Interrupt level 1
 This function uses a non-reentrant model


 *************** function _updateSinusIndexes *****************
 Defined at:
		line 512 in file "newmain.c"
 Parameters:    Size  Location     Type
		None
 Auto vars:     Size  Location     Type
  upperLimit      2    0        unsigned int 
  lowerLimit      2    0        unsigned int 
  currentScale    2    9[COMRAM] int 
 Return value:  Size  Location     Type
                  1    wreg      void 
 Registers used:
		wreg, status,2, status,0, tblptrl, tblptrh, tblptru, prodl, prodh, cstack
 Tracked objects:
		On entry : 
		On exit  : 
		Unchanged: 
 Data sizes:     COMRAM   BANK0   BANK1   BANK2
      Params:         0       0       0       0
      Locals:         6       0       0       0
      Temps:          2       0       0       0
      Totals:         8       0       0       0
Total ram usage:        8 bytes
 Hardware stack levels used:    1
 Hardware stack levels required when called:    1
 This function calls:
		i1___lwdiv
 This function is called by:
		_tcInt
 This function uses a non-reentrant model


 *************** function i1___lwdiv *****************
 Defined at:
		line 7 in file "C:\Program Files (x86)\Microchip\xc8\v2.10\pic\sources\c99\common\lwdiv.c"
 Parameters:    Size  Location     Type
  dividend        2    0[COMRAM] unsigned int 
  divisor         2    2[COMRAM] unsigned int 
 Auto vars:     Size  Location     Type
  __lwdiv         2    4[COMRAM] unsigned int 
  __lwdiv         1    6[COMRAM] unsigned char 
 Return value:  Size  Location     Type
                  2    0[COMRAM] unsigned int 
 Registers used:
		wreg, status,2, status,0
 Tracked objects:
		On entry : 
		On exit  : 
		Unchanged: 
 Data sizes:     COMRAM   BANK0   BANK1   BANK2
      Params:         4       0       0       0
      Locals:         3       0       0       0
      Temps:          0       0       0       0
      Totals:         7       0       0       0
Total ram usage:        7 bytes
 Hardware stack levels used:    1
 This function calls:
		Nothing
 This function is called by:
		_updateSinusIndexes
 This function uses a non-reentrant model



MODULE INFORMATION

Module		Function		Class		Link	Load	Size
C:\Program Files (x86)\Microchip\xc8\v2.10\pic\sources\c99\common\aodiv.c
		___aodiv       		CODE           	09A8	0000	395

C:\Program Files (x86)\Microchip\xc8\v2.10\pic\sources\c99\common\aodiv.c estimated size: 395

C:\Program Files (x86)\Microchip\xc8\v2.10\pic\sources\c99\common\lwdiv.c
		___lwdiv       		CODE           	0F3E	0000	117

C:\Program Files (x86)\Microchip\xc8\v2.10\pic\sources\c99\common\lwdiv.c estimated size: 117

C:\Program Files (x86)\Microchip\xc8\v2.10\pic\sources\c99\common\strlen.c
		_strlen        		CODE           	13DE	0000	55

C:\Program Files (x86)\Microchip\xc8\v2.10\pic\sources\c99\common\strlen.c estimated size: 55

newmain.c
		_configureADC  		CODE           	1444	0000	41
		_configurePWM  		CODE           	129A	0000	71
		_startPWM      		CODE           	14DE	0000	5
		_display       		CODE           	07F4	0000	437
		_updateTMR0PreloadValue		CODE           	0EBA	0000	133
		_main          		CODE           	1250	0000	75
		_configureTimer0		CODE           	146C	0000	23
		_configureTimer1		CODE           	1496	0000	21
		_configureTimer2		CODE           	14BA	0000	15
		_configureTimer5		CODE           	1482	0000	21
		_configureInputs		CODE           	14C8	0000	11
		_configureInterrupts		CODE           	14D8	0000	7
		_readADC       		CODE           	1202	0000	79
		_updateSinusIndexes		CODE           	040C	0000	563
		_tcInt         		CODE           	0018	0000	269

newmain.c estimated size: 1771

C:\Program Files (x86)\Microchip\xc8\v2.10\pic\sources\c99\common\doprnt.c
		_vfpfcnvrt     		CODE           	063E	0000	439
		_pad           		CODE           	0D60	0000	201
		_dtoa          		CODE           	0128	0000	741
		_vfprintf      		CODE           	10FC	0000	99

C:\Program Files (x86)\Microchip\xc8\v2.10\pic\sources\c99\common\doprnt.c estimated size: 1480

C:\Program Files (x86)\Microchip\xc8\v2.10\pic\sources\c99\common\nf_fputs.c
		_fputs         		CODE           	12E0	0000	69

C:\Program Files (x86)\Microchip\xc8\v2.10\pic\sources\c99\common\nf_fputs.c estimated size: 69

shared
		_scaleFactor   		MEDIUMCONST    	3F8D	0000	101
		i1___lwdiv     		CODE           	0FB2	0000	117
		_digits        		MEDIUMCONST    	3FF1	0000	11
		_sinusValues   		MEDIUMCONST    	3CC5	0000	513
		__initialization		CODE           	1026	0000	101
		_timer0PreloadValues		MEDIUMCONST    	3EC5	0000	201

shared estimated size: 1044

C:\Program Files (x86)\Microchip\xc8\v2.10\pic\sources\c99\common\putch.c
		_putch         		CODE           	14E2	0000	3

C:\Program Files (x86)\Microchip\xc8\v2.10\pic\sources\c99\common\putch.c estimated size: 3

C:\Program Files (x86)\Microchip\xc8\v2.10\pic\sources\c99\common\aomod.c
		___aomod       		CODE           	0B32	0000	357

C:\Program Files (x86)\Microchip\xc8\v2.10\pic\sources\c99\common\aomod.c estimated size: 357

C:\Program Files (x86)\Microchip\xc8\v2.10\pic\sources\c99\common\abs.c
		_abs           		CODE           	1324	0000	67

C:\Program Files (x86)\Microchip\xc8\v2.10\pic\sources\c99\common\abs.c estimated size: 67

C:\Program Files (x86)\Microchip\xc8\v2.10\pic\sources\c99\common\nf_sprintf.c
		_sprintf       		CODE           	115E	0000	83

C:\Program Files (x86)\Microchip\xc8\v2.10\pic\sources\c99\common\nf_sprintf.c estimated size: 83

lcd.c
		_LCDPutCmd     		CODE           	1366	0000	63
		_LCDPutStr     		CODE           	13A4	0000	59
		_LCDPutChar    		CODE           	1414	0000	49
		_LCD_Initialize		CODE           	11B0	0000	83
		_LCDWriteNibble		CODE           	0E28	0000	147

lcd.c estimated size: 401

C:\Program Files (x86)\Microchip\xc8\v2.10\pic\sources\c99\common\lwmod.c
		___lwmod       		CODE           	1098	0000	101

C:\Program Files (x86)\Microchip\xc8\v2.10\pic\sources\c99\common\lwmod.c estimated size: 101

C:\Program Files (x86)\Microchip\xc8\v2.10\pic\sources\c99\common\nf_fputc.c
		_fputc         		CODE           	0C96	0000	203

C:\Program Files (x86)\Microchip\xc8\v2.10\pic\sources\c99\common\nf_fputc.c estimated size: 203

