Microchip MPLAB XC8 Compiler V2.10 ()

Linker command line:

-W-3 --edf=C:\Program Files (x86)\Microchip\xc8\v2.10\pic\dat\en_msgs.txt \
  -cs -h+dist/default/production\control_motor.production.sym \
  --cmf=dist/default/production\control_motor.production.cmf -z -Q18F4431 \
  -oC:\Users\ape\AppData\Local\Temp\s7o4.2 --defsym=__MPLAB_BUILD=1 \
  -Mdist/default/production/control_motor.production.map -E1 -ver=XC8 \
  --acfsm=1493 -ASTACK=0D9h-02FFh -pstack=STACK -ACODE=00h-03FFFh \
  -ACONST=00h-03FFFh -ASMALLCONST=0300h-03FFhx61 -AMEDIUMCONST=0300h-03FFFh \
  -ACOMRAM=01h-05Fh -AABS1=00h-02FFh -ABIGRAM=01h-02FFh \
  -ARAM=060h-0FFh,0100h-01FFhx2 -ABANK0=060h-0FFh -ABANK1=0100h-01FFh \
  -ABANK2=0200h-02FFh -ASFR=0F60h-0FFFh \
  -preset_vec=00h,intcode,intcodelo=018h,powerup,init -pramtop=0300h \
  -psmallconst=SMALLCONST -pmediumconst=MEDIUMCONST -pconst=CONST \
  -AFARRAM=00h-00h -ACONFIG=0300000h-030000Dh -pconfig=CONFIG \
  -AIDLOC=0200000h-0200007h -pidloc=IDLOC -AEEDATA=0F00000h-0F000FFh \
  -peeprom_data=EEDATA \
  -prdata=COMRAM,nvrram=COMRAM,nvbit=COMRAM,rbss=COMRAM,rbit=COMRAM \
  -pfarbss=FARRAM,fardata=FARRAM,nvFARRAM=FARRAM \
  -pintsave_regs=BIGRAM,bigbss=BIGRAM,bigdata=BIGRAM -pbss=RAM \
  -pidata=CODE,irdata=CODE,ibigdata=CODE,ifardata=CODE -prparam=COMRAM \
  C:\Users\ape\AppData\Local\Temp\s7o4.o \
  dist/default/production\control_motor.production.o 

Object code version is 3.11

Machine type is 18F4431

Call graph: (short form)




                Name                               Link     Load   Length Selector   Space Scale
C:\Users\ape\AppData\Local\Temp\s7o4.o
                init                                 FA       FA        4        C       0
                reset_vec                             0        0        4        0       0
                idloc                            200000   200000        8   200000       0
                config                           300000   300000        E   300000       0
dist/default/production\control_motor.production.o
                intcodelo                            18       18       E2        C       0
                temp                                 4E       4E        1        1       1
                mediumconst                        3D24     3D24      2DC     1E92       0
                text23                              EDE      EDE       40        C       0
                text22                              880      880      118        C       0
                text21                              C2A      C2A       74        C       0
                text20                              D00      D00       60        C       0
                text18                              B24      B24       8E        C       0
                text17                              F5C      F5C       3E        C       0
                text16                              E10      E10       4A        C       0
                text15                             100C     100C       30        C       0
                text14                              BB2      BB2       78        C       0
                text13                              594      594      188        C       0
                text12                              71C      71C      164        C       0
                text11                              E9E      E9E       40        C       0
                text10                             1048     1048        2        C       0
                text9                               998      998       CA        C       0
                text8                               E5A      E5A       44        C       0
                text7                               FD6      FD6       36        C       0
                text6                               A62      A62       C2        C       0
                text5                                FE       FE      2E2        C       0
                text4                               3E0      3E0      1B4        C       0
                text3                               C9E      C9E       62        C       0
                text2                               DBE      DBE       52        C       0
                text1                               F1E      F1E       3E        C       0
                text0                               F9A      F9A       3C        C       0
                cstackCOMRAM                          1        1       3C        1       1
                cstackBANK0                          60       60       4C       60       1
                dataBANK0                            D7       D7        2       60       1
                bssBANK0                             AC       AC       2B       60       1
                dataCOMRAM                           3D       3D        A        1       1
                bssCOMRAM                            47       47        7        1       1
                cinit                               D60      D60       5E        C       0
                idataBANK0                         1046     1046        2        C       0
                idataCOMRAM                        103C     103C        A        C       0

TOTAL           Name                               Link     Load   Length     Space
        CLASS   STACK          

        CLASS   CODE           
                intcodelo                            18       18       E2         0
                init                                 FA       FA        4         0
                reset_vec                             0        0        4         0
                text23                              EDE      EDE       40         0
                text22                              880      880      118         0
                text21                              C2A      C2A       74         0
                text20                              D00      D00       60         0
                text18                              B24      B24       8E         0
                text17                              F5C      F5C       3E         0
                text16                              E10      E10       4A         0
                text15                             100C     100C       30         0
                text14                              BB2      BB2       78         0
                text13                              594      594      188         0
                text12                              71C      71C      164         0
                text11                              E9E      E9E       40         0
                text10                             1048     1048        2         0
                text9                               998      998       CA         0
                text8                               E5A      E5A       44         0
                text7                               FD6      FD6       36         0
                text6                               A62      A62       C2         0
                text5                                FE       FE      2E2         0
                text4                               3E0      3E0      1B4         0
                text3                               C9E      C9E       62         0
                text2                               DBE      DBE       52         0
                text1                               F1E      F1E       3E         0
                text0                               F9A      F9A       3C         0
                cinit                               D60      D60       5E         0
                idataBANK0                         1046     1046        2         0
                idataCOMRAM                        103C     103C        A         0

        CLASS   CONST          

        CLASS   SMALLCONST     

        CLASS   MEDIUMCONST    
                mediumconst                        3D24     3D24      2DC         0

        CLASS   COMRAM         
                temp                                 4E       4E        1         1
                cstackCOMRAM                          1        1       3C         1
                dataCOMRAM                           3D       3D        A         1
                bssCOMRAM                            47       47        7         1

        CLASS   ABS1           

        CLASS   BIGRAM         

        CLASS   RAM            

        CLASS   BANK0          
                cstackBANK0                          60       60       4C         1
                dataBANK0                            D7       D7        2         1
                bssBANK0                             AC       AC       2B         1

        CLASS   BANK1          

        CLASS   BANK2          

        CLASS   SFR            

        CLASS   FARRAM         

        CLASS   CONFIG         
                config                           300000   300000        E         0

        CLASS   IDLOC          
                idloc                            200000   200000        8         0

        CLASS   EEDATA         



SEGMENTS        Name                           Load    Length   Top    Selector   Space  Class

                reset_vec                      000000  000004  000004         0       0  CODE    
                cstackCOMRAM                   000001  00004E  00004F         1       1  COMRAM  
                intcodelo                      000018  001032  00104A         C       0  CODE    
                cstackBANK0                    000060  000079  0000D9        60       1  BANK0   
                mediumconst                    003D24  0002DC  004000      1E92       0  MEDIUMCO
                idloc                          200000  000008  200008    200000       0  IDLOC   
                config                         300000  00000E  30000E    300000       0  CONFIG  


UNUSED ADDRESS RANGES

        Name                Unused          Largest block    Delta
        BANK0            0000D9-0000FF               27
        BANK1            000100-0001FF              100
        BANK2            000200-0002FF              100
        BIGRAM           00004F-00005F               11
                         0000D9-0002FF              227
        CODE             000004-000017               14
                         00104A-003D23             2CDA
        COMRAM           00004F-00005F               11
        CONST            000004-000017               14
                         00104A-003D23             2CDA
        EEDATA           F00000-F000FF              100
        MEDIUMCONST      00104A-003D23             2CDA
        RAM              0000D9-0002FF              100
        SFR              000F60-000FFF               A0
        SMALLCONST       00104A-003D23              100
        STACK            0000D9-0002FF              227

                                  Symbol Table

?___aodiv                     cstackCOMRAM 000012
?___aomod                     cstackCOMRAM 000012
?___lwdiv                     cstackCOMRAM 000001
?_abs                         cstackCOMRAM 000024
?_dtoa                        cstackCOMRAM 00002D
?_pad                         cstackCOMRAM 000022
?_sprintf                     cstackBANK0  00008C
?_strlen                      cstackCOMRAM 000012
?_vfpfcnvrt                   cstackCOMRAM 000037
?_vfprintf                    cstackBANK0  000084
LCDPutChar@ch                 cstackCOMRAM 000016
LCDPutCmd@ch                  cstackCOMRAM 000016
LCDPutStr@i                   cstackCOMRAM 00001B
LCDPutStr@str                 cstackCOMRAM 000017
LCDWriteNibble@ch             cstackCOMRAM 000014
LCDWriteNibble@rs             cstackCOMRAM 000012
_ADCHSbits                    (abs)        000F99
_ADCON0bits                   (abs)        000FC2
_ADCON1                       (abs)        000FC1
_ADCON2bits                   (abs)        000FC0
_ADCON3bits                   (abs)        000F9A
_ADRESH                       (abs)        000FC4
_ANSEL0bits                   (abs)        000FB8
_INTCONbits                   (abs)        000FF2
_LATB                         (abs)        000F8A
_LCDPutChar                   text15       00100C
_LCDPutCmd                    text17       000F5C
_LCDPutStr                    text14       000BB2
_LCDWriteNibble               text18       000B24
_LCD_Initialize               text16       000E10
_OVDCOND                      (abs)        000F6B
_OVDCONS                      (abs)        000F6A
_PDC0H                        (abs)        000F78
_PDC0L                        (abs)        000F79
_PDC1H                        (abs)        000F76
_PDC1L                        (abs)        000F77
_PDC2H                        (abs)        000F74
_PDC2L                        (abs)        000F75
_PIE1bits                     (abs)        000F9D
_PIE3bits                     (abs)        000FA3
_PIR1bits                     (abs)        000F9E
_PIR3bits                     (abs)        000FA4
_PORTAbits                    (abs)        000F80
_PORTB                        (abs)        000F81
_PORTCbits                    (abs)        000F82
_PORTDbits                    (abs)        000F83
_PTCON0bits                   (abs)        000F7F
_PTCON1bits                   (abs)        000F7E
_PTPERH                       (abs)        000F7A
_PTPERL                       (abs)        000F7B
_PWMCON0bits                  (abs)        000F6F
_PWMCON1bits                  (abs)        000F6E
_PrevADRESH                   dataCOMRAM   000043
_T0CONbits                    (abs)        000FD5
_T1CONbits                    (abs)        000FCD
_T5CONbits                    (abs)        000FB7
_TMR0                         (abs)        000FD6
_TMR1                         (abs)        000FCE
_TMR5                         (abs)        000F87
_TRISAbits                    (abs)        000F92
_TRISB                        (abs)        000F93
_TRISCbits                    (abs)        000F94
_TRISDbits                    (abs)        000F95
__CFG_BOREN$ON                (abs)        000000
__CFG_CP0$OFF                 (abs)        000000
__CFG_CP1$OFF                 (abs)        000000
__CFG_CP2$OFF                 (abs)        000000
__CFG_CP3$OFF                 (abs)        000000
__CFG_CPB$OFF                 (abs)        000000
__CFG_CPD$OFF                 (abs)        000000
__CFG_EBTR0$OFF               (abs)        000000
__CFG_EBTR1$OFF               (abs)        000000
__CFG_EBTR2$OFF               (abs)        000000
__CFG_EBTR3$OFF               (abs)        000000
__CFG_EBTRB$OFF               (abs)        000000
__CFG_EXCLKMX$RC3             (abs)        000000
__CFG_FCMEN$ON                (abs)        000000
__CFG_FLTAMX$RC1              (abs)        000000
__CFG_HPOL$LOW                (abs)        000000
__CFG_IESO$OFF                (abs)        000000
__CFG_LPOL$LOW                (abs)        000000
__CFG_LVP$OFF                 (abs)        000000
__CFG_MCLRE$ON                (abs)        000000
__CFG_OSC$HSPLL               (abs)        000000
__CFG_PWM4MX$RB5              (abs)        000000
__CFG_PWMPIN$OFF              (abs)        000000
__CFG_PWRTEN$ON               (abs)        000000
__CFG_SSPMX$RC7               (abs)        000000
__CFG_STVREN$ON               (abs)        000000
__CFG_T1OSCMX$ON              (abs)        000000
__CFG_WDPS$32768              (abs)        000000
__CFG_WDTEN$OFF               (abs)        000000
__CFG_WINEN$OFF               (abs)        000000
__CFG_WRT0$OFF                (abs)        000000
__CFG_WRT1$OFF                (abs)        000000
__CFG_WRT2$OFF                (abs)        000000
__CFG_WRT3$OFF                (abs)        000000
__CFG_WRTB$OFF                (abs)        000000
__CFG_WRTC$OFF                (abs)        000000
__CFG_WRTD$OFF                (abs)        000000
__HRAM                        (abs)        000000
__Habs1                       abs1         000000
__Hbank0                      bank0        000000
__Hbank1                      bank1        000000
__Hbank2                      bank2        000000
__Hbigbss                     bigbss       000000
__Hbigdata                    bigdata      000000
__Hbigram                     bigram       000000
__Hbss                        bss          000000
__HbssBANK0                   bssBANK0     000000
__HbssCOMRAM                  bssCOMRAM    000000
__Hcinit                      cinit        000000
__Hclrtext                    clrtext      000000
__Hcomram                     comram       000000
__Hconfig                     config       30000E
__Hconst                      const        000000
__HcstackBANK0                cstackBANK0  000000
__HcstackCOMRAM               cstackCOMRAM 000000
__Hdata                       data         000000
__HdataBANK0                  dataBANK0    000000
__HdataCOMRAM                 dataCOMRAM   000000
__Heeprom_data                eeprom_data  000000
__Hfarbss                     farbss       000000
__Hfardata                    fardata      000000
__Hibigdata                   ibigdata     000000
__Hidata                      idata        000000
__HidataBANK0                 idataBANK0   000000
__HidataCOMRAM                idataCOMRAM  000000
__Hidloc                      idloc        200008
__Hifardata                   ifardata     000000
__Hinit                       init         0000FE
__Hintcode                    intcode      000004
__Hintcode_body               intcode_body 000000
__Hintcodelo                  intcodelo    0000FA
__Hintentry                   intentry     000000
__Hintret                     intret       000000
__Hintsave_regs               intsave_regs 000000
__Hirdata                     irdata       000000
__Hmediumconst                mediumconst  004000
__HnvFARRAM                   nvFARRAM     000000
__Hnvbit                      nvbit        000000
__Hnvrram                     nvrram       000000
__Hparam                      rparam       000000
__Hpowerup                    powerup      0000FA
__Hram                        ram          000000
__Hramtop                     ramtop       000300
__Hrbit                       rbit         000000
__Hrbss                       rbss         000000
__Hrdata                      rdata        000000
__Hreset_vec                  reset_vec    000004
__Hrparam                     rparam       000000
__Hsfr                        sfr          000000
__Hsmallconst                 smallconst   000000
__Hspace_0                    (abs)        30000E
__Hspace_1                    (abs)        0000D9
__Hspace_2                    (abs)        000000
__Hstack                      stack        000000
__Hstruct                     struct       000000
__Htemp                       temp         00004F
__Htext                       text         000000
__Htext0                      text0        000000
__Htext1                      text1        000000
__Htext10                     text10       000000
__Htext11                     text11       000000
__Htext12                     text12       000000
__Htext13                     text13       000000
__Htext14                     text14       000000
__Htext15                     text15       000000
__Htext16                     text16       000000
__Htext17                     text17       000000
__Htext18                     text18       000000
__Htext2                      text2        000000
__Htext20                     text20       000000
__Htext21                     text21       000000
__Htext22                     text22       000000
__Htext23                     text23       000000
__Htext3                      text3        000000
__Htext4                      text4        000000
__Htext5                      text5        000000
__Htext6                      text6        000000
__Htext7                      text7        000000
__Htext8                      text8        000000
__Htext9                      text9        000000
__LRAM                        (abs)        000001
__Labs1                       abs1         000000
__Lbank0                      bank0        000000
__Lbank1                      bank1        000000
__Lbank2                      bank2        000000
__Lbigbss                     bigbss       000000
__Lbigdata                    bigdata      000000
__Lbigram                     bigram       000000
__Lbss                        bss          000000
__LbssBANK0                   bssBANK0     000000
__LbssCOMRAM                  bssCOMRAM    000000
__Lcinit                      cinit        000000
__Lclrtext                    clrtext      000000
__Lcomram                     comram       000000
__Lconfig                     config       300000
__Lconst                      const        000000
__LcstackBANK0                cstackBANK0  000000
__LcstackCOMRAM               cstackCOMRAM 000000
__Ldata                       data         000000
__LdataBANK0                  dataBANK0    000000
__LdataCOMRAM                 dataCOMRAM   000000
__Leeprom_data                eeprom_data  000000
__Lfarbss                     farbss       000000
__Lfardata                    fardata      000000
__Libigdata                   ibigdata     000000
__Lidata                      idata        000000
__LidataBANK0                 idataBANK0   000000
__LidataCOMRAM                idataCOMRAM  000000
__Lidloc                      idloc        200000
__Lifardata                   ifardata     000000
__Linit                       init         0000FA
__Lintcode                    intcode      000004
__Lintcode_body               intcode_body 000000
__Lintcodelo                  intcodelo    000018
__Lintentry                   intentry     000000
__Lintret                     intret       000000
__Lintsave_regs               intsave_regs 000000
__Lirdata                     irdata       000000
__Lmediumconst                mediumconst  003D24
__LnvFARRAM                   nvFARRAM     000000
__Lnvbit                      nvbit        000000
__Lnvrram                     nvrram       000000
__Lparam                      rparam       000000
__Lpowerup                    powerup      0000FA
__Lram                        ram          000000
__Lramtop                     ramtop       000300
__Lrbit                       rbit         000000
__Lrbss                       rbss         000000
__Lrdata                      rdata        000000
__Lreset_vec                  reset_vec    000000
__Lrparam                     rparam       000000
__Lsfr                        sfr          000000
__Lsmallconst                 smallconst   000000
__Lspace_0                    (abs)        000000
__Lspace_1                    (abs)        000000
__Lspace_2                    (abs)        000000
__Lstack                      stack        000000
__Lstruct                     struct       000000
__Ltemp                       temp         00004E
__Ltext                       text         000000
__Ltext0                      text0        000000
__Ltext1                      text1        000000
__Ltext10                     text10       000000
__Ltext11                     text11       000000
__Ltext12                     text12       000000
__Ltext13                     text13       000000
__Ltext14                     text14       000000
__Ltext15                     text15       000000
__Ltext16                     text16       000000
__Ltext17                     text17       000000
__Ltext18                     text18       000000
__Ltext2                      text2        000000
__Ltext20                     text20       000000
__Ltext21                     text21       000000
__Ltext22                     text22       000000
__Ltext23                     text23       000000
__Ltext3                      text3        000000
__Ltext4                      text4        000000
__Ltext5                      text5        000000
__Ltext6                      text6        000000
__Ltext7                      text7        000000
__Ltext8                      text8        000000
__Ltext9                      text9        000000
__S0                          (abs)        30000E
__S1                          (abs)        0000D9
__S2                          (abs)        000000
___aodiv                      text13       000594
___aodiv@counter              cstackCOMRAM 000022
___aodiv@dividend             cstackCOMRAM 000012
___aodiv@divisor              cstackCOMRAM 00001A
___aodiv@quotient             cstackCOMRAM 000024
___aodiv@sign                 cstackCOMRAM 000023
___aomod                      text12       00071C
___aomod@counter              cstackCOMRAM 000022
___aomod@dividend             cstackCOMRAM 000012
___aomod@divisor              cstackCOMRAM 00001A
___aomod@sign                 cstackCOMRAM 000023
___inthi_sp                   stack        000000
___intlo_sp                   stack        000000
___lwdiv                      text21       000C2A
___lwdiv@counter              cstackCOMRAM 000007
___lwdiv@dividend             cstackCOMRAM 000001
___lwdiv@divisor              cstackCOMRAM 000003
___lwdiv@quotient             cstackCOMRAM 000005
___param_bank                 (abs)        000000
___rparam_used                (abs)        000001
___sp                         stack        000000
__accesstop                   (abs)        000060
__activetblptr                (abs)        000002
__end_of_LCDPutChar           text15       00103C
__end_of_LCDPutCmd            text17       000F9A
__end_of_LCDPutStr            text14       000C2A
__end_of_LCDWriteNibble       text18       000BB2
__end_of_LCD_Initialize       text16       000E5A
__end_of___aodiv              text13       00071C
__end_of___aomod              text12       000880
__end_of___lwdiv              text21       000C9E
__end_of__initialization      cinit        000DB0
__end_of_abs                  text11       000EDE
__end_of_digits               mediumconst  003FF7
__end_of_display              text1        000F5C
__end_of_dtoa                 text5        0003E0
__end_of_fputc                text9        000A62
__end_of_fputs                text8        000E9E
__end_of_handleDisplay        text23       000F1E
__end_of_handlePWMDutyCycle   text22       000998
__end_of_handleTimer0Preload  text20       000D60
__end_of_main                 text0        000FD6
__end_of_pad                  text6        000B24
__end_of_putch                text10       00104A
__end_of_sinusValues          mediumconst  003F25
__end_of_sprintf              text2        000E10
__end_of_strlen               text7        00100C
__end_of_tcInt                intcodelo    0000FA
__end_of_timer0PreloadValues  mediumconst  003FED
__end_of_vfpfcnvrt            text4        000594
__end_of_vfprintf             text3        000D00
__initialization              cinit        000D60
__mediumconst                 mediumconst  003D24
__pbssBANK0                   bssBANK0     0000AC
__pbssCOMRAM                  bssCOMRAM    000047
__pcinit                      cinit        000D60
__pcstackBANK0                cstackBANK0  000060
__pcstackCOMRAM               cstackCOMRAM 000001
__pdataBANK0                  dataBANK0    0000D7
__pdataCOMRAM                 dataCOMRAM   00003D
__pidataBANK0                 idataBANK0   001046
__pidataCOMRAM                idataCOMRAM  00103C
__pintcodelo                  intcodelo    000018
__pmediumconst                mediumconst  003D24
__ptext0                      text0        000F9A
__ptext1                      text1        000F1E
__ptext10                     text10       001048
__ptext11                     text11       000E9E
__ptext12                     text12       00071C
__ptext13                     text13       000594
__ptext14                     text14       000BB2
__ptext15                     text15       00100C
__ptext16                     text16       000E10
__ptext17                     text17       000F5C
__ptext18                     text18       000B24
__ptext2                      text2        000DBE
__ptext20                     text20       000D00
__ptext21                     text21       000C2A
__ptext22                     text22       000880
__ptext23                     text23       000EDE
__ptext3                      text3        000C9E
__ptext4                      text4        0003E0
__ptext5                      text5        0000FE
__ptext6                      text6        000A62
__ptext7                      text7        000FD6
__ptext8                      text8        000E5A
__ptext9                      text9        000998
__ramtop                      ramtop       000300
__size_of_LCDPutChar          (abs)        000000
__size_of_LCDPutCmd           (abs)        000000
__size_of_LCDPutStr           (abs)        000000
__size_of_LCDWriteNibble      (abs)        000000
__size_of_LCD_Initialize      (abs)        000000
__size_of___aodiv             (abs)        000000
__size_of___aomod             (abs)        000000
__size_of___lwdiv             (abs)        000000
__size_of_abs                 (abs)        000000
__size_of_display             (abs)        000000
__size_of_dtoa                (abs)        000000
__size_of_fputc               (abs)        000000
__size_of_fputs               (abs)        000000
__size_of_handleDisplay       (abs)        000000
__size_of_handlePWMDutyCycle  (abs)        000000
__size_of_handleTimer0Preload (abs)        000000
__size_of_main                (abs)        000000
__size_of_pad                 (abs)        000000
__size_of_putch               (abs)        000000
__size_of_sprintf             (abs)        000000
__size_of_strlen              (abs)        000000
__size_of_tcInt               (abs)        000000
__size_of_vfpfcnvrt           (abs)        000000
__size_of_vfprintf            (abs)        000000
__smallconst                  smallconst   000000
_abs                          text11       000E9E
_adcPercent                   bssBANK0     0000B4
_d1                           dataCOMRAM   000044
_dbuf                         bssBANK0     0000B7
_digits                       mediumconst  003FED
_display                      text1        000F1E
_dtoa                         text5        0000FE
_dtoa$1353                    cstackBANK0  000068
_dutyCycle                    bssBANK0     0000AC
_flags                        bssCOMRAM    000049
_fputc                        text9        000998
_fputs                        text8        000E5A
_handleDisplay                text23       000EDE
_handlePWMDutyCycle           text22       000880
_handleTimer0Preload          text20       000D00
_main                         text0        000F9A
_maxADCVal                    dataBANK0    0000D7
_nout                         bssBANK0     0000B0
_pad                          text6        000A62
_prec                         bssCOMRAM    000047
_prevAdcPercent               dataCOMRAM   000041
_putch                        text10       001048
_refreshTime                  bssCOMRAM    00004B
_shouldDisplay                bssBANK0     0000B6
_sinusIndex1                  bssCOMRAM    00004D
_sinusIndex2                  dataCOMRAM   000046
_sinusIndex3                  dataCOMRAM   000045
_sinusValues                  mediumconst  003D25
_sprintf                      text2        000DBE
_strlen                       text7        000FD6
_tcInt                        intcodelo    000018
_timer0PreloadValues          mediumconst  003F25
_timer0ReloadValue            dataCOMRAM   00003D
_timer5OverflowCount          bssCOMRAM    00004C
_timer5ReloadValue            dataCOMRAM   00003F
_vfpfcnvrt                    text4        0003E0
_vfprintf                     text3        000C9E
_width                        bssBANK0     0000B2
abs@a                         cstackCOMRAM 000024
btemp                         temp         00004E
display@str1                  cstackBANK0  00009C
dtoa@d                        cstackCOMRAM 00002F
dtoa@fp                       cstackCOMRAM 00002D
dtoa@i                        cstackBANK0  000078
dtoa@n                        cstackBANK0  000070
dtoa@p                        cstackBANK0  00006A
dtoa@s                        cstackBANK0  00006E
dtoa@w                        cstackBANK0  00006C
end_of_initialization         cinit        000DB0
fputc@c                       cstackCOMRAM 000012
fputc@fp                      cstackCOMRAM 000014
fputs@c                       cstackCOMRAM 00001F
fputs@fp                      cstackCOMRAM 00001D
fputs@i                       cstackCOMRAM 000020
fputs@s                       cstackCOMRAM 00001B
handlePWMDutyCycle@duty       cstackCOMRAM 000003
int$flags                     temp         00004E
intlevel0                     text         000000
intlevel1                     text         000000
intlevel2                     text         000000
intlevel3                     text         000000
pad@buf                       cstackCOMRAM 000024
pad@fp                        cstackCOMRAM 000022
pad@i                         cstackCOMRAM 000029
pad@p                         cstackCOMRAM 000026
pad@w                         cstackCOMRAM 00002B
sprintf@ap                    cstackBANK0  000094
sprintf@f                     cstackBANK0  000096
sprintf@fmt                   cstackBANK0  00008E
sprintf@s                     cstackBANK0  00008C
stackhi                       (abs)        0002FF
stacklo                       (abs)        0000D9
start                         init         0000FA
start_initialization          cinit        000D60
strlen@a                      cstackCOMRAM 000014
strlen@s                      cstackCOMRAM 000012
ttemp5                        temp         00004F
ttemp6                        temp         000052
ttemp7                        temp         000056
vfpfcnvrt@ap                  cstackCOMRAM 00003B
vfpfcnvrt@fmt                 cstackCOMRAM 000039
vfpfcnvrt@fp                  cstackCOMRAM 000037
vfpfcnvrt@ll                  cstackBANK0  00007C
vfprintf@ap                   cstackBANK0  000088
vfprintf@cfmt                 cstackBANK0  00008A
vfprintf@fmt                  cstackBANK0  000086
vfprintf@fp                   cstackBANK0  000084
wtemp8                        temp         00004F


FUNCTION INFORMATION:

 *************** function _main *****************
 Defined at:
		line 360 in file "newmain.c"
 Parameters:    Size  Location     Type
		None
 Auto vars:     Size  Location     Type
		None
 Return value:  Size  Location     Type
                  1    wreg      void 
 Registers used:
		wreg, fsr1l, fsr1h, fsr2l, fsr2h, status,2, status,0, tblptrl, tblptrh, tblptru, cstack
 Tracked objects:
		On entry : 
		On exit  : 
		Unchanged: 
 Data sizes:     COMRAM   BANK0   BANK1   BANK2
      Params:         0       0       0       0
      Locals:         0       0       0       0
      Temps:          0       0       0       0
      Totals:         0       0       0       0
Total ram usage:        0 bytes
 Hardware stack levels required when called:   12
 This function calls:
		_LCDPutCmd
		_LCDPutStr
		_LCD_Initialize
		_display
 This function is called by:
		Startup code after reset
 This function uses a non-reentrant model


 *************** function _display *****************
 Defined at:
		line 439 in file "newmain.c"
 Parameters:    Size  Location     Type
		None
 Auto vars:     Size  Location     Type
  str1           16   60[BANK0 ] unsigned char [16]
  str2           16    0        unsigned char [16]
 Return value:  Size  Location     Type
                  1    wreg      void 
 Registers used:
		wreg, fsr1l, fsr1h, fsr2l, fsr2h, status,2, status,0, tblptrl, tblptrh, tblptru, cstack
 Tracked objects:
		On entry : 
		On exit  : 
		Unchanged: 
 Data sizes:     COMRAM   BANK0   BANK1   BANK2
      Params:         0       0       0       0
      Locals:         0      16       0       0
      Temps:          0       0       0       0
      Totals:         0      16       0       0
Total ram usage:       16 bytes
 Hardware stack levels used:    1
 Hardware stack levels required when called:   11
 This function calls:
		_LCDPutChar
		_LCDPutCmd
		_LCDPutStr
		_sprintf
 This function is called by:
		_main
 This function uses a non-reentrant model


 *************** function _sprintf *****************
 Defined at:
		line 9 in file "C:\Program Files (x86)\Microchip\xc8\v2.10\pic\sources\c99\common\nf_sprintf.c"
 Parameters:    Size  Location     Type
  s               2   44[BANK0 ] PTR unsigned char 
		 -> display@str1(16), 
  fmt             2   46[BANK0 ] PTR const unsigned char 
		 -> STR_2(3), 
 Auto vars:     Size  Location     Type
  f               6   54[BANK0 ] struct _IO_FILE
  ap              2   52[BANK0 ] PTR void [1]
		 -> ?_sprintf(2), 
  ret             2    0        int 
 Return value:  Size  Location     Type
                  2   44[BANK0 ] int 
 Registers used:
		wreg, fsr1l, fsr1h, fsr2l, fsr2h, status,2, status,0, tblptrl, tblptrh, tblptru, cstack
 Tracked objects:
		On entry : 
		On exit  : 
		Unchanged: 
 Data sizes:     COMRAM   BANK0   BANK1   BANK2
      Params:         0       6       0       0
      Locals:         0      10       0       0
      Temps:          0       0       0       0
      Totals:         0      16       0       0
Total ram usage:       16 bytes
 Hardware stack levels used:    1
 Hardware stack levels required when called:   10
 This function calls:
		_vfprintf
 This function is called by:
		_display
 This function uses a non-reentrant model


 *************** function _vfprintf *****************
 Defined at:
		line 1368 in file "C:\Program Files (x86)\Microchip\xc8\v2.10\pic\sources\c99\common\doprnt.c"
 Parameters:    Size  Location     Type
  fp              2   36[BANK0 ] PTR struct _IO_FILE
		 -> sprintf@f(6), 
  fmt             2   38[BANK0 ] PTR const unsigned char 
		 -> STR_2(3), 
  ap              2   40[BANK0 ] PTR PTR void 
		 -> sprintf@ap(2), 
 Auto vars:     Size  Location     Type
  cfmt            2   42[BANK0 ] PTR unsigned char 
		 -> STR_2(3), 
 Return value:  Size  Location     Type
                  2   36[BANK0 ] int 
 Registers used:
		wreg, fsr1l, fsr1h, fsr2l, fsr2h, status,2, status,0, tblptrl, tblptrh, tblptru, cstack
 Tracked objects:
		On entry : 
		On exit  : 
		Unchanged: 
 Data sizes:     COMRAM   BANK0   BANK1   BANK2
      Params:         0       6       0       0
      Locals:         0       2       0       0
      Temps:          0       0       0       0
      Totals:         0       8       0       0
Total ram usage:        8 bytes
 Hardware stack levels used:    1
 Hardware stack levels required when called:    9
 This function calls:
		_vfpfcnvrt
 This function is called by:
		_sprintf
 This function uses a non-reentrant model


 *************** function _vfpfcnvrt *****************
 Defined at:
		line 670 in file "C:\Program Files (x86)\Microchip\xc8\v2.10\pic\sources\c99\common\doprnt.c"
 Parameters:    Size  Location     Type
  fp              2   54[COMRAM] PTR struct _IO_FILE
		 -> sprintf@f(6), 
  fmt             2   56[COMRAM] PTR PTR unsigned char 
		 -> vfprintf@cfmt(2), 
  ap              2   58[COMRAM] PTR PTR void 
		 -> sprintf@ap(2), 
 Auto vars:     Size  Location     Type
  ll              8   28[BANK0 ] long long 
  llu             8    0        unsigned long long 
  f               4    0        unsigned long long 
  vp              3    0        PTR void 
  ct              3    0        unsigned char [3]
  cp              3    0        PTR unsigned char 
  i               2    0        int 
  done            2    0        int 
  c               1    0        unsigned char 
 Return value:  Size  Location     Type
                  2   54[COMRAM] int 
 Registers used:
		wreg, fsr1l, fsr1h, fsr2l, fsr2h, status,2, status,0, tblptrl, tblptrh, tblptru, cstack
 Tracked objects:
		On entry : 
		On exit  : 
		Unchanged: 
 Data sizes:     COMRAM   BANK0   BANK1   BANK2
      Params:         6       0       0       0
      Locals:         0       8       0       0
      Temps:          0       2       0       0
      Totals:         6      10       0       0
Total ram usage:       16 bytes
 Hardware stack levels used:    1
 Hardware stack levels required when called:    8
 This function calls:
		_dtoa
		_fputc
 This function is called by:
		_vfprintf
 This function uses a non-reentrant model


 *************** function _dtoa *****************
 Defined at:
		line 274 in file "C:\Program Files (x86)\Microchip\xc8\v2.10\pic\sources\c99\common\doprnt.c"
 Parameters:    Size  Location     Type
  fp              2   44[COMRAM] PTR struct _IO_FILE
		 -> sprintf@f(6), 
  d               8   46[COMRAM] long long 
 Auto vars:     Size  Location     Type
  n               8   16[BANK0 ] long long 
  i               2   24[BANK0 ] int 
  s               2   14[BANK0 ] int 
  w               2   12[BANK0 ] int 
  p               2   10[BANK0 ] int 
 Return value:  Size  Location     Type
                  2   44[COMRAM] int 
 Registers used:
		wreg, fsr1l, fsr1h, fsr2l, fsr2h, status,2, status,0, cstack
 Tracked objects:
		On entry : 
		On exit  : 
		Unchanged: 
 Data sizes:     COMRAM   BANK0   BANK1   BANK2
      Params:        10       0       0       0
      Locals:         0      18       0       0
      Temps:          0       8       0       0
      Totals:        10      26       0       0
Total ram usage:       36 bytes
 Hardware stack levels used:    1
 Hardware stack levels required when called:    7
 This function calls:
		___aodiv
		___aomod
		_abs
		_pad
 This function is called by:
		_vfpfcnvrt
 This function uses a non-reentrant model


 *************** function _pad *****************
 Defined at:
		line 72 in file "C:\Program Files (x86)\Microchip\xc8\v2.10\pic\sources\c99\common\doprnt.c"
 Parameters:    Size  Location     Type
  fp              2   33[COMRAM] PTR struct _IO_FILE
		 -> sprintf@f(6), 
  buf             2   35[COMRAM] PTR unsigned char 
		 -> dbuf(32), 
  p               2   37[COMRAM] int 
 Auto vars:     Size  Location     Type
  w               2   42[COMRAM] int 
  i               2   40[COMRAM] int 
 Return value:  Size  Location     Type
                  2   33[COMRAM] int 
 Registers used:
		wreg, fsr1l, fsr1h, fsr2l, fsr2h, status,2, status,0, cstack
 Tracked objects:
		On entry : 
		On exit  : 
		Unchanged: 
 Data sizes:     COMRAM   BANK0   BANK1   BANK2
      Params:         6       0       0       0
      Locals:         4       0       0       0
      Temps:          1       0       0       0
      Totals:        11       0       0       0
Total ram usage:       11 bytes
 Hardware stack levels used:    1
 Hardware stack levels required when called:    6
 This function calls:
		_fputc
		_fputs
		_strlen
 This function is called by:
		_dtoa
 This function uses a non-reentrant model


 *************** function _strlen *****************
 Defined at:
		line 5 in file "C:\Program Files (x86)\Microchip\xc8\v2.10\pic\sources\c99\common\strlen.c"
 Parameters:    Size  Location     Type
  s               2   17[COMRAM] PTR const unsigned char 
		 -> dbuf(32), 
 Auto vars:     Size  Location     Type
  a               2   19[COMRAM] PTR const unsigned char 
		 -> dbuf(32), 
 Return value:  Size  Location     Type
                  2   17[COMRAM] unsigned int 
 Registers used:
		wreg, fsr2l, fsr2h, status,2, status,0
 Tracked objects:
		On entry : 
		On exit  : 
		Unchanged: 
 Data sizes:     COMRAM   BANK0   BANK1   BANK2
      Params:         2       0       0       0
      Locals:         2       0       0       0
      Temps:          0       0       0       0
      Totals:         4       0       0       0
Total ram usage:        4 bytes
 Hardware stack levels used:    1
 Hardware stack levels required when called:    3
 This function calls:
		Nothing
 This function is called by:
		_pad
 This function uses a non-reentrant model


 *************** function _fputs *****************
 Defined at:
		line 8 in file "C:\Program Files (x86)\Microchip\xc8\v2.10\pic\sources\c99\common\nf_fputs.c"
 Parameters:    Size  Location     Type
  s               2   26[COMRAM] PTR const unsigned char 
		 -> dbuf(32), 
  fp              2   28[COMRAM] PTR struct _IO_FILE
		 -> sprintf@f(6), 
 Auto vars:     Size  Location     Type
  i               2   31[COMRAM] int 
  c               1   30[COMRAM] unsigned char 
 Return value:  Size  Location     Type
                  2   26[COMRAM] int 
 Registers used:
		wreg, fsr1l, fsr1h, fsr2l, fsr2h, status,2, status,0, cstack
 Tracked objects:
		On entry : 
		On exit  : 
		Unchanged: 
 Data sizes:     COMRAM   BANK0   BANK1   BANK2
      Params:         4       0       0       0
      Locals:         3       0       0       0
      Temps:          0       0       0       0
      Totals:         7       0       0       0
Total ram usage:        7 bytes
 Hardware stack levels used:    1
 Hardware stack levels required when called:    5
 This function calls:
		_fputc
 This function is called by:
		_pad
 This function uses a non-reentrant model


 *************** function _fputc *****************
 Defined at:
		line 8 in file "C:\Program Files (x86)\Microchip\xc8\v2.10\pic\sources\c99\common\nf_fputc.c"
 Parameters:    Size  Location     Type
  c               2   17[COMRAM] int 
  fp              2   19[COMRAM] PTR struct _IO_FILE
		 -> sprintf@f(6), 
 Auto vars:     Size  Location     Type
		None
 Return value:  Size  Location     Type
                  2   17[COMRAM] int 
 Registers used:
		wreg, fsr1l, fsr1h, fsr2l, fsr2h, status,2, status,0, cstack
 Tracked objects:
		On entry : 
		On exit  : 
		Unchanged: 
 Data sizes:     COMRAM   BANK0   BANK1   BANK2
      Params:         4       0       0       0
      Locals:         0       0       0       0
      Temps:          5       0       0       0
      Totals:         9       0       0       0
Total ram usage:        9 bytes
 Hardware stack levels used:    1
 Hardware stack levels required when called:    4
 This function calls:
		_putch
 This function is called by:
		_pad
		_vfpfcnvrt
		_fputs
 This function uses a non-reentrant model


 *************** function _putch *****************
 Defined at:
		line 7 in file "C:\Program Files (x86)\Microchip\xc8\v2.10\pic\sources\c99\common\putch.c"
 Parameters:    Size  Location     Type
  c               1    wreg     unsigned char 
 Auto vars:     Size  Location     Type
  c               1    0[COMRAM] unsigned char 
 Return value:  Size  Location     Type
                  1    wreg      void 
 Registers used:
		wreg
 Tracked objects:
		On entry : 
		On exit  : 
		Unchanged: 
 Data sizes:     COMRAM   BANK0   BANK1   BANK2
      Params:         0       0       0       0
      Locals:         0       0       0       0
      Temps:          0       0       0       0
      Totals:         0       0       0       0
Total ram usage:        0 bytes
 Hardware stack levels used:    1
 Hardware stack levels required when called:    3
 This function calls:
		Nothing
 This function is called by:
		_fputc
 This function uses a non-reentrant model


 *************** function _abs *****************
 Defined at:
		line 1 in file "C:\Program Files (x86)\Microchip\xc8\v2.10\pic\sources\c99\common\abs.c"
 Parameters:    Size  Location     Type
  a               2   35[COMRAM] int 
 Auto vars:     Size  Location     Type
		None
 Return value:  Size  Location     Type
                  2   35[COMRAM] int 
 Registers used:
		wreg, status,2, status,0
 Tracked objects:
		On entry : 
		On exit  : 
		Unchanged: 
 Data sizes:     COMRAM   BANK0   BANK1   BANK2
      Params:         2       0       0       0
      Locals:         0       0       0       0
      Temps:          2       0       0       0
      Totals:         4       0       0       0
Total ram usage:        4 bytes
 Hardware stack levels used:    1
 Hardware stack levels required when called:    3
 This function calls:
		Nothing
 This function is called by:
		_dtoa
 This function uses a non-reentrant model


 *************** function ___aomod *****************
 Defined at:
		line 9 in file "C:\Program Files (x86)\Microchip\xc8\v2.10\pic\sources\c99\common\aomod.c"
 Parameters:    Size  Location     Type
  dividend        8   17[COMRAM] long long 
  divisor         8   25[COMRAM] long long 
 Auto vars:     Size  Location     Type
  sign            1   34[COMRAM] unsigned char 
  counter         1   33[COMRAM] unsigned char 
 Return value:  Size  Location     Type
                  8   17[COMRAM] long long 
 Registers used:
		wreg, status,2, status,0
 Tracked objects:
		On entry : 
		On exit  : 
		Unchanged: 
 Data sizes:     COMRAM   BANK0   BANK1   BANK2
      Params:        16       0       0       0
      Locals:         2       0       0       0
      Temps:          0       0       0       0
      Totals:        18       0       0       0
Total ram usage:       18 bytes
 Hardware stack levels used:    1
 Hardware stack levels required when called:    3
 This function calls:
		Nothing
 This function is called by:
		_dtoa
 This function uses a non-reentrant model


 *************** function ___aodiv *****************
 Defined at:
		line 9 in file "C:\Program Files (x86)\Microchip\xc8\v2.10\pic\sources\c99\common\aodiv.c"
 Parameters:    Size  Location     Type
  dividend        8   17[COMRAM] long long 
  divisor         8   25[COMRAM] long long 
 Auto vars:     Size  Location     Type
  quotient        8   35[COMRAM] long long 
  sign            1   34[COMRAM] unsigned char 
  counter         1   33[COMRAM] unsigned char 
 Return value:  Size  Location     Type
                  8   17[COMRAM] long long 
 Registers used:
		wreg, fsr2l, fsr2h, status,2, status,0
 Tracked objects:
		On entry : 
		On exit  : 
		Unchanged: 
 Data sizes:     COMRAM   BANK0   BANK1   BANK2
      Params:        16       0       0       0
      Locals:        10       0       0       0
      Temps:          0       0       0       0
      Totals:        26       0       0       0
Total ram usage:       26 bytes
 Hardware stack levels used:    1
 Hardware stack levels required when called:    3
 This function calls:
		Nothing
 This function is called by:
		_dtoa
 This function uses a non-reentrant model


 *************** function _LCDPutStr *****************
 Defined at:
		line 147 in file "lcd.c"
 Parameters:    Size  Location     Type
  str             2   22[COMRAM] PTR const unsigned char 
		 -> display@str1(16), STR_1(5), 
 Auto vars:     Size  Location     Type
  i               1   26[COMRAM] unsigned char 
 Return value:  Size  Location     Type
                  1    wreg      void 
 Registers used:
		wreg, fsr1l, fsr1h, status,2, status,0, tblptrl, tblptrh, tblptru, cstack
 Tracked objects:
		On entry : 
		On exit  : 
		Unchanged: 
 Data sizes:     COMRAM   BANK0   BANK1   BANK2
      Params:         2       0       0       0
      Locals:         1       0       0       0
      Temps:          2       0       0       0
      Totals:         5       0       0       0
Total ram usage:        5 bytes
 Hardware stack levels used:    1
 Hardware stack levels required when called:    5
 This function calls:
		_LCDPutChar
 This function is called by:
		_main
		_display
 This function uses a non-reentrant model


 *************** function _LCDPutChar *****************
 Defined at:
		line 119 in file "lcd.c"
 Parameters:    Size  Location     Type
  ch              1    wreg     unsigned char 
 Auto vars:     Size  Location     Type
  ch              1   21[COMRAM] unsigned char 
 Return value:  Size  Location     Type
                  1    wreg      void 
 Registers used:
		wreg, status,2, status,0, cstack
 Tracked objects:
		On entry : 
		On exit  : 
		Unchanged: 
 Data sizes:     COMRAM   BANK0   BANK1   BANK2
      Params:         0       0       0       0
      Locals:         1       0       0       0
      Temps:          1       0       0       0
      Totals:         2       0       0       0
Total ram usage:        2 bytes
 Hardware stack levels used:    1
 Hardware stack levels required when called:    4
 This function calls:
		_LCDWriteNibble
 This function is called by:
		_display
		_LCDPutStr
 This function uses a non-reentrant model


 *************** function _LCD_Initialize *****************
 Defined at:
		line 48 in file "lcd.c"
 Parameters:    Size  Location     Type
		None
 Auto vars:     Size  Location     Type
		None
 Return value:  Size  Location     Type
                  1    wreg      void 
 Registers used:
		wreg, status,2, status,0, cstack
 Tracked objects:
		On entry : 
		On exit  : 
		Unchanged: 
 Data sizes:     COMRAM   BANK0   BANK1   BANK2
      Params:         0       0       0       0
      Locals:         0       0       0       0
      Temps:          1       0       0       0
      Totals:         1       0       0       0
Total ram usage:        1 bytes
 Hardware stack levels used:    1
 Hardware stack levels required when called:    5
 This function calls:
		_LCDPutCmd
 This function is called by:
		_main
 This function uses a non-reentrant model


 *************** function _LCDPutCmd *****************
 Defined at:
		line 132 in file "lcd.c"
 Parameters:    Size  Location     Type
  ch              1    wreg     unsigned char 
 Auto vars:     Size  Location     Type
  ch              1   21[COMRAM] unsigned char 
 Return value:  Size  Location     Type
                  1    wreg      void 
 Registers used:
		wreg, status,2, status,0, cstack
 Tracked objects:
		On entry : 
		On exit  : 
		Unchanged: 
 Data sizes:     COMRAM   BANK0   BANK1   BANK2
      Params:         0       0       0       0
      Locals:         1       0       0       0
      Temps:          1       0       0       0
      Totals:         2       0       0       0
Total ram usage:        2 bytes
 Hardware stack levels used:    1
 Hardware stack levels required when called:    4
 This function calls:
		_LCDWriteNibble
 This function is called by:
		_main
		_display
		_LCD_Initialize
		_LCDGoto
 This function uses a non-reentrant model


 *************** function _LCDWriteNibble *****************
 Defined at:
		line 89 in file "lcd.c"
 Parameters:    Size  Location     Type
  ch              1    wreg     unsigned char 
  rs              1   17[COMRAM] unsigned char 
 Auto vars:     Size  Location     Type
  ch              1   19[COMRAM] unsigned char 
 Return value:  Size  Location     Type
                  1    wreg      void 
 Registers used:
		wreg, status,2, status,0
 Tracked objects:
		On entry : 
		On exit  : 
		Unchanged: 
 Data sizes:     COMRAM   BANK0   BANK1   BANK2
      Params:         1       0       0       0
      Locals:         1       0       0       0
      Temps:          1       0       0       0
      Totals:         3       0       0       0
Total ram usage:        3 bytes
 Hardware stack levels used:    1
 Hardware stack levels required when called:    3
 This function calls:
		Nothing
 This function is called by:
		_LCDPutChar
		_LCDPutCmd
 This function uses a non-reentrant model


 *************** function _tcInt *****************
 Defined at:
		line 392 in file "newmain.c"
 Parameters:    Size  Location     Type
		None
 Auto vars:     Size  Location     Type
		None
 Return value:  Size  Location     Type
                  1    wreg      void 
 Registers used:
		wreg, status,2, status,0, tblptrl, tblptrh, tblptru, prodl, prodh, cstack
 Tracked objects:
		On entry : 
		On exit  : 
		Unchanged: 
 Data sizes:     COMRAM   BANK0   BANK1   BANK2
      Params:         0       0       0       0
      Locals:         0       0       0       0
      Temps:          9       0       0       0
      Totals:         9       0       0       0
Total ram usage:        9 bytes
 Hardware stack levels used:    1
 Hardware stack levels required when called:    2
 This function calls:
		_handleDisplay
		_handlePWMDutyCycle
		_handleTimer0Preload
 This function is called by:
		Interrupt level 1
 This function uses a non-reentrant model


 *************** function _handleTimer0Preload *****************
 Defined at:
		line 497 in file "newmain.c"
 Parameters:    Size  Location     Type
		None
 Auto vars:     Size  Location     Type
		None
 Return value:  Size  Location     Type
                  1    wreg      void 
 Registers used:
		wreg, status,2, status,0, tblptrl, tblptrh, tblptru, prodl, prodh, cstack
 Tracked objects:
		On entry : 
		On exit  : 
		Unchanged: 
 Data sizes:     COMRAM   BANK0   BANK1   BANK2
      Params:         0       0       0       0
      Locals:         0       0       0       0
      Temps:          1       0       0       0
      Totals:         1       0       0       0
Total ram usage:        1 bytes
 Hardware stack levels used:    1
 Hardware stack levels required when called:    1
 This function calls:
		___lwdiv
 This function is called by:
		_tcInt
 This function uses a non-reentrant model


 *************** function ___lwdiv *****************
 Defined at:
		line 7 in file "C:\Program Files (x86)\Microchip\xc8\v2.10\pic\sources\c99\common\lwdiv.c"
 Parameters:    Size  Location     Type
  dividend        2    0[COMRAM] unsigned int 
  divisor         2    2[COMRAM] unsigned int 
 Auto vars:     Size  Location     Type
  quotient        2    4[COMRAM] unsigned int 
  counter         1    6[COMRAM] unsigned char 
 Return value:  Size  Location     Type
                  2    0[COMRAM] unsigned int 
 Registers used:
		wreg, status,2, status,0
 Tracked objects:
		On entry : 
		On exit  : 
		Unchanged: 
 Data sizes:     COMRAM   BANK0   BANK1   BANK2
      Params:         4       0       0       0
      Locals:         3       0       0       0
      Temps:          0       0       0       0
      Totals:         7       0       0       0
Total ram usage:        7 bytes
 Hardware stack levels used:    1
 This function calls:
		Nothing
 This function is called by:
		_handleTimer0Preload
 This function uses a non-reentrant model


 *************** function _handlePWMDutyCycle *****************
 Defined at:
		line 462 in file "newmain.c"
 Parameters:    Size  Location     Type
		None
 Auto vars:     Size  Location     Type
  duty            1    2[COMRAM] unsigned char 
 Return value:  Size  Location     Type
                  1    wreg      void 
 Registers used:
		wreg, status,2, status,0, tblptrl, tblptrh, tblptru, prodl, prodh
 Tracked objects:
		On entry : 
		On exit  : 
		Unchanged: 
 Data sizes:     COMRAM   BANK0   BANK1   BANK2
      Params:         0       0       0       0
      Locals:         1       0       0       0
      Temps:          2       0       0       0
      Totals:         3       0       0       0
Total ram usage:        3 bytes
 Hardware stack levels used:    1
 This function calls:
		Nothing
 This function is called by:
		_tcInt
 This function uses a non-reentrant model


 *************** function _handleDisplay *****************
 Defined at:
		line 427 in file "newmain.c"
 Parameters:    Size  Location     Type
		None
 Auto vars:     Size  Location     Type
		None
 Return value:  Size  Location     Type
                  1    wreg      void 
 Registers used:
		wreg, status,2, status,0
 Tracked objects:
		On entry : 
		On exit  : 
		Unchanged: 
 Data sizes:     COMRAM   BANK0   BANK1   BANK2
      Params:         0       0       0       0
      Locals:         0       0       0       0
      Temps:          0       0       0       0
      Totals:         0       0       0       0
Total ram usage:        0 bytes
 Hardware stack levels used:    1
 This function calls:
		Nothing
 This function is called by:
		_tcInt
 This function uses a non-reentrant model



MODULE INFORMATION

Module		Function		Class		Link	Load	Size
C:\Program Files (x86)\Microchip\xc8\v2.10\pic\sources\c99\common\aodiv.c
		___aodiv       		CODE           	0594	0000	393

C:\Program Files (x86)\Microchip\xc8\v2.10\pic\sources\c99\common\aodiv.c estimated size: 393

C:\Program Files (x86)\Microchip\xc8\v2.10\pic\sources\c99\common\lwdiv.c
		___lwdiv       		CODE           	0C2A	0000	117

C:\Program Files (x86)\Microchip\xc8\v2.10\pic\sources\c99\common\lwdiv.c estimated size: 117

C:\Program Files (x86)\Microchip\xc8\v2.10\pic\sources\c99\common\strlen.c
		_strlen        		CODE           	0FD6	0000	55

C:\Program Files (x86)\Microchip\xc8\v2.10\pic\sources\c99\common\strlen.c estimated size: 55

newmain.c
		_display       		CODE           	0F1E	0000	63
		_main          		CODE           	0F9A	0000	61
		_handlePWMDutyCycle		CODE           	0880	0000	281
		_handleTimer0Preload		CODE           	0D00	0000	97
		_handleDisplay 		CODE           	0EDE	0000	65
		_tcInt         		CODE           	0018	0000	227

newmain.c estimated size: 794

C:\Program Files (x86)\Microchip\xc8\v2.10\pic\sources\c99\common\doprnt.c
		_vfpfcnvrt     		CODE           	03E0	0000	437
		_pad           		CODE           	0A62	0000	195
		_dtoa          		CODE           	00FE	0000	739
		_vfprintf      		CODE           	0C9E	0000	99

C:\Program Files (x86)\Microchip\xc8\v2.10\pic\sources\c99\common\doprnt.c estimated size: 1470

C:\Program Files (x86)\Microchip\xc8\v2.10\pic\sources\c99\common\nf_fputs.c
		_fputs         		CODE           	0E5A	0000	69

C:\Program Files (x86)\Microchip\xc8\v2.10\pic\sources\c99\common\nf_fputs.c estimated size: 69

shared
		_digits        		MEDIUMCONST    	3FED	0000	11
		_sinusValues   		MEDIUMCONST    	3D25	0000	513
		__initialization		CODE           	0D60	0000	81
		_timer0PreloadValues		MEDIUMCONST    	3F25	0000	201

shared estimated size: 806

C:\Program Files (x86)\Microchip\xc8\v2.10\pic\sources\c99\common\putch.c
		_putch         		CODE           	1048	0000	3

C:\Program Files (x86)\Microchip\xc8\v2.10\pic\sources\c99\common\putch.c estimated size: 3

C:\Program Files (x86)\Microchip\xc8\v2.10\pic\sources\c99\common\aomod.c
		___aomod       		CODE           	071C	0000	357

C:\Program Files (x86)\Microchip\xc8\v2.10\pic\sources\c99\common\aomod.c estimated size: 357

C:\Program Files (x86)\Microchip\xc8\v2.10\pic\sources\c99\common\abs.c
		_abs           		CODE           	0E9E	0000	65

C:\Program Files (x86)\Microchip\xc8\v2.10\pic\sources\c99\common\abs.c estimated size: 65

C:\Program Files (x86)\Microchip\xc8\v2.10\pic\sources\c99\common\nf_sprintf.c
		_sprintf       		CODE           	0DBE	0000	83

C:\Program Files (x86)\Microchip\xc8\v2.10\pic\sources\c99\common\nf_sprintf.c estimated size: 83

lcd.c
		_LCDPutCmd     		CODE           	0F5C	0000	63
		_LCDPutStr     		CODE           	0BB2	0000	121
		_LCDPutChar    		CODE           	100C	0000	49
		_LCD_Initialize		CODE           	0E10	0000	75
		_LCDWriteNibble		CODE           	0B24	0000	143

lcd.c estimated size: 451

C:\Program Files (x86)\Microchip\xc8\v2.10\pic\sources\c99\common\nf_fputc.c
		_fputc         		CODE           	0998	0000	203

C:\Program Files (x86)\Microchip\xc8\v2.10\pic\sources\c99\common\nf_fputc.c estimated size: 203

